Component: ARM Compiler 5.06 update 1 (build 61) Tool: armlink [4d35a8]

==============================================================================

Section Cross References

    main.o(.text) refers to init.o(.text) for sys_init
    main.o(.text) refers to key_drive_task.o(.text) for key_driver_task
    system_stm32f4xx.o(.text) refers to system_stm32f4xx.o(.data) for SystemCoreClock
    init.o(.text) refers to stm32f4xx_rcc.o(.text) for RCC_DeInit
    init.o(.text) refers to misc.o(.text) for NVIC_PriorityGroupConfig
    init.o(.text) refers to delay.o(.text) for delay_init
    init.o(.text) refers to dual_can.o(.text) for can_init
    init.o(.text) refers to timer2.o(.text) for TIM2_Init
    init.o(.text) refers to usart.o(.text) for USART1_Init
    init.o(.text) refers to states.o(.text) for setNodeId
    init.o(.text) refers to key.o(.text) for key_init
    init.o(.text) refers to led.o(.text) for led_init
    init.o(.text) refers to master.o(.data) for Master_Data
    init.o(.text) refers to master2.o(.data) for Master2_Data
    init.o(.text) refers to main.o(.data) for pressf
    led.o(.text) refers to stm32f4xx_rcc.o(.text) for RCC_AHB1PeriphClockCmd
    led.o(.text) refers to stm32f4xx_gpio.o(.text) for GPIO_Init
    key.o(.text) refers to stm32f4xx_rcc.o(.text) for RCC_AHB1PeriphClockCmd
    key.o(.text) refers to stm32f4xx_gpio.o(.text) for GPIO_Init
    key.o(.text) refers to delay.o(.text) for delay_ms
    key.o(.text) refers to key.o(.data) for key_up
    delay.o(.text) refers to misc.o(.text) for SysTick_CLKSourceConfig
    delay.o(.text) refers to delay.o(.data) for fac_us
    usart.o(.rev16_text) refers (Special) to use_no_semi_2.o(.text) for __use_no_semihosting
    usart.o(.revsh_text) refers (Special) to use_no_semi_2.o(.text) for __use_no_semihosting
    usart.o(.text) refers (Special) to use_no_semi_2.o(.text) for __use_no_semihosting
    usart.o(.text) refers to stm32f4xx_rcc.o(.text) for RCC_AHB1PeriphClockCmd
    usart.o(.text) refers to stm32f4xx_gpio.o(.text) for GPIO_PinAFConfig
    usart.o(.text) refers to stm32f4xx_usart.o(.text) for USART_Init
    usart.o(.text) refers to misc.o(.text) for NVIC_Init
    usart.o(.data) refers (Special) to use_no_semi_2.o(.text) for __use_no_semihosting
    startup_stm32f40_41xxx.o(STACK) refers (Special) to heapauxi.o(.text) for __use_two_region_memory
    startup_stm32f40_41xxx.o(HEAP) refers (Special) to heapauxi.o(.text) for __use_two_region_memory
    startup_stm32f40_41xxx.o(RESET) refers (Special) to heapauxi.o(.text) for __use_two_region_memory
    startup_stm32f40_41xxx.o(RESET) refers to startup_stm32f40_41xxx.o(STACK) for __initial_sp
    startup_stm32f40_41xxx.o(RESET) refers to startup_stm32f40_41xxx.o(.text) for Reset_Handler
    startup_stm32f40_41xxx.o(RESET) refers to stm32f4xx_it.o(.text) for NMI_Handler
    startup_stm32f40_41xxx.o(RESET) refers to dual_can.o(.text) for CAN1_RX0_IRQHandler
    startup_stm32f40_41xxx.o(RESET) refers to timer2.o(.text) for TIM2_IRQHandler
    startup_stm32f40_41xxx.o(RESET) refers to usart.o(.text) for USART1_IRQHandler
    startup_stm32f40_41xxx.o(.text) refers (Special) to heapauxi.o(.text) for __use_two_region_memory
    startup_stm32f40_41xxx.o(.text) refers to system_stm32f4xx.o(.text) for SystemInit
    startup_stm32f40_41xxx.o(.text) refers to __main.o(!!!main) for __main
    startup_stm32f40_41xxx.o(.text) refers to startup_stm32f40_41xxx.o(HEAP) for Heap_Mem
    startup_stm32f40_41xxx.o(.text) refers to startup_stm32f40_41xxx.o(STACK) for Stack_Mem
    stm32f4xx_gpio.o(.text) refers to stm32f4xx_rcc.o(.text) for RCC_AHB1PeriphResetCmd
    stm32f4xx_fsmc.o(.text) refers to stm32f4xx_fsmc.o(.constdata) for FSMC_DefaultTimingStruct
    stm32f4xx_rcc.o(.text) refers to stm32f4xx_rcc.o(.data) for APBAHBPrescTable
    stm32f4xx_syscfg.o(.text) refers to stm32f4xx_rcc.o(.text) for RCC_APB2PeriphResetCmd
    stm32f4xx_usart.o(.text) refers to stm32f4xx_rcc.o(.text) for RCC_APB2PeriphResetCmd
    stm32f4xx_can.o(.text) refers to stm32f4xx_rcc.o(.text) for RCC_APB1PeriphResetCmd
    stm32f4xx_spi.o(.text) refers to stm32f4xx_rcc.o(.text) for RCC_APB2PeriphResetCmd
    stm32f4xx_sdio.o(.text) refers to stm32f4xx_rcc.o(.text) for RCC_APB2PeriphResetCmd
    stm32f4xx_tim.o(.text) refers to stm32f4xx_rcc.o(.text) for RCC_APB2PeriphResetCmd
    dcf.o(.text) refers to _printf_percent.o(.ARM.Collect$$_printf_percent$$00000000) for _printf_percent
    dcf.o(.text) refers to _printf_d.o(.ARM.Collect$$_printf_percent$$00000009) for _printf_d
    dcf.o(.text) refers to _printf_x.o(.ARM.Collect$$_printf_percent$$0000000C) for _printf_x
    dcf.o(.text) refers to _printf_s.o(.ARM.Collect$$_printf_percent$$00000014) for _printf_s
    dcf.o(.text) refers to _printf_dec.o(.text) for _printf_int_dec
    dcf.o(.text) refers to _printf_hex_int.o(.text) for _printf_longlong_hex
    dcf.o(.text) refers to _printf_str.o(.text) for _printf_str
[...]
    .text                                    0x080004b4   Section        0  init.o(.text)
    .text                                    0x080005cc   Section        0  led.o(.text)
    .text                                    0x08000630   Section        0  key.o(.text)
    .text                                    0x0800074c   Section        0  delay.o(.text)
    .text                                    0x08000850   Section        0  usart.o(.text)
    .text                                    0x08000934   Section       64  startup_stm32f40_41xxx.o(.text)
    $v0                                      0x08000934   Number         0  startup_stm32f40_41xxx.o(.text)
    .text                                    0x08000974   Section        0  misc.o(.text)
    .text                                    0x08000a54   Section        0  stm32f4xx_gpio.o(.text)
    .text                                    0x08000ce8   Section        0  stm32f4xx_rcc.o(.text)
    .text                                    0x08001344   Section        0  stm32f4xx_usart.o(.text)
    .text                                    0x08001798   Section        0  stm32f4xx_can.o(.text)
    CheckITStatus                            0x08001f9b   Thumb Code    18  stm32f4xx_can.o(.text)
    .text                                    0x08002188   Section        0  stm32f4xx_tim.o(.text)
    TI4_Config                               0x08002927   Thumb Code    80  stm32f4xx_tim.o(.text)
    TI3_Config                               0x08002989   Thumb Code    72  stm32f4xx_tim.o(.text)
    TI2_Config                               0x080029eb   Thumb Code    90  stm32f4xx_tim.o(.text)
    TI1_Config                               0x08002a57   Thumb Code    58  stm32f4xx_tim.o(.text)
    .text                                    0x08002e2c   Section        0  emcy.o(.text)
    .text                                    0x08003218   Section        0  lifegrd.o(.text)
    .text                                    0x080037e0   Section        0  nmtmaster.o(.text)
    .text                                    0x08003918   Section        0  nmtslave.o(.text)
    .text                                    0x08003abc   Section        0  objacces.o(.text)
    .text                                    0x08004044   Section        0  pdo.o(.text)
    sendPdo                                  0x0800436b   Thumb Code    92  pdo.o(.text)
    .text                                    0x08005248   Section        0  sdo.o(.text)
    .text                                    0x0800b6c8   Section        0  states.o(.text)
    .text                                    0x0800bd50   Section        0  sync.o(.text)
    .text                                    0x0800bf04   Section        0  timer.o(.text)
    .text                                    0x0800c0f4   Section        0  master.o(.text)
    .text                                    0x0800c170   Section        0  timer2.o(.text)
    .text                                    0x0800c274   Section        0  dual_can.o(.text)
    .text                                    0x0800c83c   Section        0  master2.o(.text)
    .text                                    0x0800c8b8   Section        0  key_drive_task.o(.text)
    .text                                    0x0800ca3c   Section        2  use_no_semi_2.o(.text)
    .text                                    0x0800ca40   Section        0  noretval__2printf.o(.text)
    .text                                    0x0800ca58   Section        0  __printf.o(.text)
    .text                                    0x0800cac0   Section        0  _printf_str.o(.text)
    .text                                    0x0800cb14   Section        0  _printf_dec.o(.text)
    .text                                    0x0800cb8c   Section        0  _printf_hex_int.o(.text)
    .text                                    0x0800cbe4   Section        0  memcmp.o(.text)
    .text                                    0x0800cc3c   Section      138  rt_memcpy_v6.o(.text)
    .text                                    0x0800ccc6   Section       78  rt_memclr_w.o(.text)
    .text                                    0x0800cd14   Section        0  heapauxi.o(.text)
    .text                                    0x0800cd1a   Section        2  use_no_semi.o(.text)
    .text                                    0x0800cd1c   Section        0  _printf_intcommon.o(.text)
    .text                                    0x0800cdce   Section        0  _printf_char.o(.text)
    .text                                    0x0800cdfc   Section        0  _printf_char_file.o(.text)
    .text                                    0x0800ce20   Section      100  rt_memcpy_w.o(.text)
    .text                                    0x0800ce84   Section        0  _printf_char_common.o(.text)
    _printf_input_char                       0x0800ce85   Thumb Code    10  _printf_char_common.o(.text)
    .text                                    0x0800ceb4   Section        0  ferror.o(.text)
    .text                                    0x0800cebc   Section       74  sys_stackheap_outer.o(.text)
    .text                                    0x0800cf06   Section        0  exit.o(.text)
    .text                                    0x0800cf18   Section        8  libspace.o(.text)
    x$fpl$fpinit                             0x0800cf20   Section       10  fpinit.o(x$fpl$fpinit)
    $v0                                      0x0800cf20   Number         0  fpinit.o(x$fpl$fpinit)
    .constdata                               0x0800cf2c   Section       64  states.o(.constdata)
    .constdata                               0x0800cf6c   Section       70  master.o(.constdata)
    .constdata                               0x0800cfb4   Section       70  master2.o(.constdata)
    .constdata                               0x0800cffa   Section       40  _printf_hex_int.o(.constdata)
    uc_hextab                                0x0800cffa   Data          20  _printf_hex_int.o(.constdata)
    lc_hextab                                0x0800d00e   Data          20  _printf_hex_int.o(.constdata)
    .conststring                             0x0800d024   Section       68  pdo.o(.conststring)
    .conststring                             0x0800d068   Section     1902  sdo.o(.conststring)
    .data                                    0x20000000   Section        3  main.o(.data)
    .data                                    0x20000004   Section       20  system_stm32f4xx.o(.data)
    .data                                    0x20000018   Section        1  key.o(.data)
    key_up                                   0x20000018   Data           1  key.o(.data)
    .data                                    0x2000001a   Section        4  delay.o(.data)
    fac_us                                   0x2000001a   Data           1  delay.o(.data)
    fac_ms                                   0x2000001c   Data           2  delay.o(.data)
    .data                                    0x20000020   Section        4  usart.o(.data)
    .data                                    0x20000024   Section       16  stm32f4xx_rcc.o(.data)
    APBAHBPrescTable                         0x20000024   Data          16  stm32f4xx_rcc.o(.data)
    .data                                    0x20000034   Section       12  timer.o(.data)
    .data                                    0x20000040   Section      904  master.o(.data)
    .data                                    0x200003c8   Section        8  timer2.o(.data)
    .data                                    0x200003d0   Section        8  dual_can.o(.data)
    co_data_1                                0x200003d0   Data           4  dual_can.o(.data)
    co_data_2                                0x200003d4   Data           4  dual_can.o(.data)
    .data                                    0x200003d8   Section      904  master2.o(.data)
    .data                                    0x20000760   Section       40  master_control_word.o(.data)
    .bss                                     0x20000788   Section      192  timer.o(.bss)
    .bss                                     0x20000848   Section       96  libspace.o(.bss)
    HEAP                                     0x200008a8   Section      512  startup_stm32f40_41xxx.o(HEAP)
    Heap_Mem                                 0x200008a8   Data         512  startup_stm32f40_41xxx.o(HEAP)
    STACK                                    0x20000aa8   Section     1024  startup_stm32f40_41xxx.o(STACK)
    Stack_Mem                                0x20000aa8   Data        1024  startup_stm32f40_41xxx.o(STACK)
    __initial_sp                             0x20000ea8   Data           0  startup_stm32f40_41xxx.o(STACK)

    Global Symbols

    Symbol Name                              Value     Ov Type        Size  Object(Section)

    BuildAttributes$$THM_ISAv4$E$P$D$K$B$S$7EM$VFPi3$EXTD16$VFPS$VFMA$PE$A:L22UL41UL21$X:L11$S22US41US21$IEEE1$IW$USESV6$~STKCKD$USESV7$~SHL$OSPACE$ROPI$EBA8$UX$STANDARDLIB$REQ8$PRES8$EABIv2 0x00000000   Number         0  anon$$obj.o ABSOLUTE
    __ARM_use_no_argv                        0x00000000   Number         0  main.o ABSOLUTE
    __ARM_exceptions_init                     - Undefined Weak Reference
    __alloca_initialize                       - Undefined Weak Reference
    __arm_preinit_                            - Undefined Weak Reference
    __cpp_initialize__aeabi_                  - Undefined Weak Reference
    __cxa_finalize                            - Undefined Weak Reference
    __rt_locale                               - Undefined Weak Reference
    __sigvec_lookup                           - Undefined Weak Reference
    _atexit_init                              - Undefined Weak Reference
    _call_atexit_fns                          - Undefined Weak Reference
    _clock_init                               - Undefined Weak Reference
    _fp_trap_init                             - Undefined Weak Reference
    _fp_trap_shutdown                         - Undefined Weak Reference
    _get_lc_collate                           - Undefined Weak Reference
    _get_lc_ctype                             - Undefined Weak Reference
    _get_lc_monetary                          - Undefined Weak Reference
    _get_lc_numeric                           - Undefined Weak Reference
    _get_lc_time                              - Undefined Weak Reference
    _getenv_init                              - Undefined Weak Reference
    _handle_redirection                       - Undefined Weak Reference
    _init_alloc                               - Undefined Weak Reference
    _init_user_alloc                          - Undefined Weak Reference
    _initio                                   - Undefined Weak Reference
    _mutex_acquire                            - Undefined Weak Reference
    _mutex_release                            - Undefined Weak Reference
    _printf_mbtowc                            - Undefined Weak Reference
    _printf_post_padding                      - Undefined Weak Reference
    _printf_pre_padding                       - Undefined Weak Reference
    _printf_truncate_signed                   - Undefined Weak Reference
    _printf_truncate_unsigned                 - Undefined Weak Reference
    _rand_init                                - Undefined Weak Reference
    _signal_finish                            - Undefined Weak Reference
    _signal_init                              - Undefined Weak Reference
    _terminate_alloc                          - Undefined Weak Reference
    _terminate_user_alloc                     - Undefined Weak Reference
    _terminateio                              - Undefined Weak Reference
    __Vectors_Size                           0x00000188   Number         0  startup_stm32f40_41xxx.o ABSOLUTE
    __Vectors                                0x08000000   Data           4  startup_stm32f40_41xxx.o(RESET)
    __Vectors_End                            0x08000188   Data           0  startup_stm32f40_41xxx.o(RESET)
    __main                                   0x08000189   Thumb Code     8  __main.o(!!!main)
    __scatterload                            0x08000191   Thumb Code     0  __scatter.o(!!!scatter)
    __scatterload_rt2                        0x08000191   Thumb Code    44  __scatter.o(!!!scatter)
    __scatterload_rt2_thumb_only             0x08000191   Thumb Code     0  __scatter.o(!!!scatter)
    __scatterload_null                       0x0800019f   Thumb Code     0  __scatter.o(!!!scatter)
    __decompress                             0x080001c5   Thumb Code    90  __dczerorl2.o(!!dczerorl2)
    __decompress1                            0x080001c5   Thumb Code     0  __dczerorl2.o(!!dczerorl2)
    __scatterload_zeroinit                   0x08000221   Thumb Code    28  __scatter_zi.o(!!handler_zi)
    _printf_d                                0x0800023d   Thumb Code     0  _printf_d.o(.ARM.Collect$$_printf_percent$$00000009)
    _printf_percent                          0x0800023d   Thumb Code     0  _printf_percent.o(.ARM.Collect$$_printf_percent$$00000000)
    _printf_x                                0x08000243   Thumb Code     0  _printf_x.o(.ARM.Collect$$_printf_percent$$0000000C)
    _printf_s                                0x08000249   Thumb Code     0  _printf_s.o(.ARM.Collect$$_printf_percent$$00000014)
    _printf_percent_end                      0x0800024f   Thumb Code     0  _printf_percent_end.o(.ARM.Collect$$_printf_percent$$00000017)
    __rt_lib_init                            0x08000253   Thumb Code     0  libinit.o(.ARM.Collect$$libinit$$00000000)
    __rt_lib_init_fp_1                       0x08000255   Thumb Code     0  libinit2.o(.ARM.Collect$$libinit$$00000001)
    __rt_lib_init_alloca_1                   0x08000259   Thumb Code     0  libinit2.o(.ARM.Collect$$libinit$$0000002E)
    __rt_lib_init_argv_1                     0x08000259   Thumb Code     0  libinit2.o(.ARM.Collect$$libinit$$0000002C)
    __rt_lib_init_atexit_1                   0x08000259   Thumb Code     0  libinit2.o(.ARM.Collect$$libinit$$0000001B)
    __rt_lib_init_clock_1                    0x08000259   Thumb Code     0  libinit2.o(.ARM.Collect$$libinit$$00000021)
    __rt_lib_init_cpp_1                      0x08000259   Thumb Code     0  libinit2.o(.ARM.Collect$$libinit$$00000032)
    __rt_lib_init_exceptions_1               0x08000259   Thumb Code     0  libinit2.o(.ARM.Collect$$libinit$$00000030)
    __rt_lib_init_fp_trap_1                  0x08000259   Thumb Code     0  libinit2.o(.ARM.Collect$$libinit$$0000001F)
    __rt_lib_init_getenv_1                   0x08000259   Thumb Code     0  libinit2.o(.ARM.Collect$$libinit$$00000023)
    __rt_lib_init_heap_1                     0x08000259   Thumb Code     0  libinit2.o(.ARM.Collect$$libinit$$0000000A)
    __rt_lib_init_lc_collate_1               0x08000259   Thumb Code     0  libinit2.o(.ARM.Collect$$libinit$$00000011)
    __rt_lib_init_lc_ctype_1                 0x08000259   Thumb Code     0  libinit2.o(.ARM.Collect$$libinit$$00000013)
    __rt_lib_init_lc_monetary_1              0x08000259   Thumb Code     0  libinit2.o(.ARM.Collect$$libinit$$00000015)
    __rt_lib_init_lc_numeric_1               0x08000259   Thumb Code     0  libinit2.o(.ARM.Collect$$libinit$$00000017)
    __rt_lib_init_lc_time_1                  0x08000259   Thumb Code     0  libinit2.o(.ARM.Collect$$libinit$$00000019)
    __rt_lib_init_preinit_1                  0x08000259   Thumb Code     0  libinit2.o(.ARM.Collect$$libinit$$00000004)
    __rt_lib_init_rand_1                     0x08000259   Thumb Code     0  libinit2.o(.ARM.Collect$$libinit$$0000000E)
    __rt_lib_init_return                     0x08000259   Thumb Code     0  libinit2.o(.ARM.Collect$$libinit$$00000033)
    __rt_lib_init_signal_1                   0x08000259   Thumb Code     0  libinit2.o(.ARM.Collect$$libinit$$0000001D)
    __rt_lib_init_stdio_1                    0x08000259   Thumb Code     0  libinit2.o(.ARM.Collect$$libinit$$00000025)
    __rt_lib_init_user_alloc_1               0x08000259   Thumb Code     0  libinit2.o(.ARM.Collect$$libinit$$0000000C)
    __rt_lib_shutdown                        0x0800025b   Thumb Code     0  libshutdown.o(.ARM.Collect$$libshutdown$$00000000)
    __rt_lib_shutdown_cpp_1                  0x0800025d   Thumb Code     0  libshutdown2.o(.ARM.Collect$$libshutdown$$00000002)
    __rt_lib_shutdown_fp_trap_1              0x0800025d   Thumb Code     0  libshutdown2.o(.ARM.Collect$$libshutdown$$00000007)
    __rt_lib_shutdown_heap_1                 0x0800025d   Thumb Code     0  libshutdown2.o(.ARM.Collect$$libshutdown$$0000000F)
    __rt_lib_shutdown_return                 0x0800025d   Thumb Code     0  libshutdown2.o(.ARM.Collect$$libshutdown$$00000010)
    __rt_lib_shutdown_signal_1               0x0800025d   Thumb Code     0  libshutdown2.o(.ARM.Collect$$libshutdown$$0000000A)
    __rt_lib_shutdown_stdio_1                0x0800025d   Thumb Code     0  libshutdown2.o(.ARM.Collect$$libshutdown$$00000004)
    __rt_lib_shutdown_user_alloc_1           0x0800025d   Thumb Code     0  libshutdown2.o(.ARM.Collect$$libshutdown$$0000000C)
    __rt_entry                               0x0800025f   Thumb Code     0  __rtentry.o(.ARM.Collect$$rtentry$$00000000)
    __rt_entry_presh_1                       0x0800025f   Thumb Code     0  __rtentry2.o(.ARM.Collect$$rtentry$$00000002)
    __rt_entry_sh                            0x0800025f   Thumb Code     0  __rtentry4.o(.ARM.Collect$$rtentry$$00000004)
    __rt_entry_li                            0x08000265   Thumb Code     0  __rtentry2.o(.ARM.Collect$$rtentry$$0000000A)
    __rt_entry_postsh_1                      0x08000265   Thumb Code     0  __rtentry2.o(.ARM.Collect$$rtentry$$00000009)
    __rt_entry_main                          0x08000269   Thumb Code     0  __rtentry2.o(.ARM.Collect$$rtentry$$0000000D)
    __rt_entry_postli_1                      0x08000269   Thumb Code     0  __rtentry2.o(.ARM.Collect$$rtentry$$0000000C)
    __rt_exit                                0x08000271   Thumb Code     0  rtexit.o(.ARM.Collect$$rtexit$$00000000)
    __rt_exit_ls                             0x08000273   Thumb Code     0  rtexit2.o(.ARM.Collect$$rtexit$$00000003)
    __rt_exit_prels_1                        0x08000273   Thumb Code     0  rtexit2.o(.ARM.Collect$$rtexit$$00000002)
    __rt_exit_exit                           0x08000277   Thumb Code     0  rtexit2.o(.ARM.Collect$$rtexit$$00000004)
    main                                     0x0800027d   Thumb Code    12  main.o(.text)
    NMI_Handler                              0x08000289   Thumb Code     2  stm32f4xx_it.o(.text)
    HardFault_Handler                        0x0800028b   Thumb Code     4  stm32f4xx_it.o(.text)
    MemManage_Handler                        0x0800028f   Thumb Code     4  stm32f4xx_it.o(.text)
    BusFault_Handler                         0x08000293   Thumb Code     4  stm32f4xx_it.o(.text)
    UsageFault_Handler                       0x08000297   Thumb Code     4  stm32f4xx_it.o(.text)
    SVC_Handler                              0x0800029b   Thumb Code     2  stm32f4xx_it.o(.text)
    DebugMon_Handler                         0x0800029d   Thumb Code     2  stm32f4xx_it.o(.text)
    PendSV_Handler                           0x0800029f   Thumb Code     2  stm32f4xx_it.o(.text)
    SysTick_Handler                          0x080002a1   Thumb Code     2  stm32f4xx_it.o(.text)
    SystemInit                               0x08000381   Thumb Code    88  system_stm32f4xx.o(.text)
    SystemCoreClockUpdate                    0x080003d9   Thumb Code   174  system_stm32f4xx.o(.text)
    SystemClock_Config                       0x080004b5   Thumb Code   106  init.o(.text)
    sys_init                                 0x0800051f   Thumb Code   154  init.o(.text)
    led_init                                 0x080005cd   Thumb Code    82  led.o(.text)
    key_init                                 0x08000631   Thumb Code   110  key.o(.text)
    key_scan                                 0x0800069f   Thumb Code   152  key.o(.text)
    delay_init                               0x0800074d   Thumb Code    52  delay.o(.text)
    delay_us                                 0x08000781   Thumb Code    72  delay.o(.text)
    delay_xms                                0x080007c9   Thumb Code    72  delay.o(.text)
    delay_ms                                 0x08000811   Thumb Code    56  delay.o(.text)
    _sys_exit                                0x08000851   Thumb Code     4  usart.o(.text)
    fputc                                    0x08000855   Thumb Code    22  usart.o(.text)
    USART1_Init                              0x0800086b   Thumb Code   166  usart.o(.text)
    USART1_IRQHandler                        0x08000911   Thumb Code    28  usart.o(.text)
    Reset_Handler                            0x08000935   Thumb Code     8  startup_stm32f40_41xxx.o(.text)
    ADC_IRQHandler                           0x0800094f   Thumb Code     0  startup_stm32f40_41xxx.o(.text)
    CAN1_RX1_IRQHandler                      0x0800094f   Thumb Code     0  startup_stm32f40_41xxx.o(.text)
    CAN1_SCE_IRQHandler                      0x0800094f   Thumb Code     0  startup_stm32f40_41xxx.o(.text)
    CAN1_TX_IRQHandler                       0x0800094f   Thumb Code     0  startup_stm32f40_41xxx.o(.text)
    CAN2_RX1_IRQHandler                      0x0800094f   Thumb Code     0  startup_stm32f40_41xxx.o(.text)
    CAN2_SCE_IRQHandler                      0x0800094f   Thumb Code     0  startup_stm32f40_41xxx.o(.text)
    CAN2_TX_IRQHandler                       0x0800094f   Thumb Code     0  startup_stm32f40_41xxx.o(.text)
    CRYP_IRQHandler                          0x0800094f   Thumb Code     0  startup_stm32f40_41xxx.o(.text)
    DCMI_IRQHandler                          0x0800094f   Thumb Code     0  startup_stm32f40_41xxx.o(.text)
    DMA1_Stream0_IRQHandler                  0x0800094f   Thumb Code     0  startup_stm32f40_41xxx.o(.text)
    DMA1_Stream1_IRQHandler                  0x0800094f   Thumb Code     0  startup_stm32f40_41xxx.o(.text)
    DMA1_Stream2_IRQHandler                  0x0800094f   Thumb Code     0  startup_stm32f40_41xxx.o(.text)
    DMA1_Stream3_IRQHandler                  0x0800094f   Thumb Code     0  startup_stm32f40_41xxx.o(.text)
    DMA1_Stream4_IRQHandler                  0x0800094f   Thumb Code     0  startup_stm32f40_41xxx.o(.text)
    DMA1_Stream5_IRQHandler                  0x0800094f   Thumb Code     0  startup_stm32f40_41xxx.o(.text)
    DMA1_Stream6_IRQHandler                  0x0800094f   Thumb Code     0  startup_stm32f40_41xxx.o(.text)
    DMA1_Stream7_IRQHandler                  0x0800094f   Thumb Code     0  startup_stm32f40_41xxx.o(.text)
    DMA2_Stream0_IRQHandler                  0x0800094f   Thumb Code     0  startup_stm32f40_41xxx.o(.text)
    DMA2_Stream1_IRQHandler                  0x0800094f   Thumb Code     0  startup_stm32f40_41xxx.o(.text)
    DMA2_Stream2_IRQHandler                  0x0800094f   Thumb Code     0  startup_stm32f40_41xxx.o(.text)
    DMA2_Stream3_IRQHandler                  0x0800094f   Thumb Code     0  startup_stm32f40_41xxx.o(.text)
    DMA2_Stream4_IRQHandler                  0x0800094f   Thumb Code     0  startup_stm32f40_41xxx.o(.text)
    DMA2_Stream5_IRQHandler                  0x0800094f   Thumb Code     0  startup_stm32f40_41xxx.o(.text)
    DMA2_Stream6_IRQHandler                  0x0800094f   Thumb Code     0  startup_stm32f40_41xxx.o(.text)
    DMA2_Stream7_IRQHandler                  0x0800094f   Thumb Code     0  startup_stm32f40_41xxx.o(.text)
    ETH_IRQHandler                           0x0800094f   Thumb Code     0  startup_stm32f40_41xxx.o(.text)
    ETH_WKUP_IRQHandler                      0x0800094f   Thumb Code     0  startup_stm32f40_41xxx.o(.text)
    EXTI0_IRQHandler                         0x0800094f   Thumb Code     0  startup_stm32f40_41xxx.o(.text)
    EXTI15_10_IRQHandler                     0x0800094f   Thumb Code     0  startup_stm32f40_41xxx.o(.text)
    EXTI1_IRQHandler                         0x0800094f   Thumb Code     0  startup_stm32f40_41xxx.o(.text)
    EXTI2_IRQHandler                         0x0800094f   Thumb Code     0  startup_stm32f40_41xxx.o(.text)
    EXTI3_IRQHandler                         0x0800094f   Thumb Code     0  startup_stm32f40_41xxx.o(.text)
    EXTI4_IRQHandler                         0x0800094f   Thumb Code     0  startup_stm32f40_41xxx.o(.text)
    EXTI9_5_IRQHandler                       0x0800094f   Thumb Code     0  startup_stm32f40_41xxx.o(.text)
    FLASH_IRQHandler                         0x0800094f   Thumb Code     0  startup_stm32f40_41xxx.o(.text)
    FPU_IRQHandler                           0x0800094f   Thumb Code     0  startup_stm32f40_41xxx.o(.text)
    FSMC_IRQHandler                          0x0800094f   Thumb Code     0  startup_stm32f40_41xxx.o(.text)
    HASH_RNG_IRQHandler                      0x0800094f   Thumb Code     0  startup_stm32f40_41xxx.o(.text)
    I2C1_ER_IRQHandler                       0x0800094f   Thumb Code     0  startup_stm32f40_41xxx.o(.text)
    I2C1_EV_IRQHandler                       0x0800094f   Thumb Code     0  startup_stm32f40_41xxx.o(.text)
    I2C2_ER_IRQHandler                       0x0800094f   Thumb Code     0  startup_stm32f40_41xxx.o(.text)
    I2C2_EV_IRQHandler                       0x0800094f   Thumb Code     0  startup_stm32f40_41xxx.o(.text)
    I2C3_ER_IRQHandler                       0x0800094f   Thumb Code     0  startup_stm32f40_41xxx.o(.text)
    I2C3_EV_IRQHandler                       0x0800094f   Thumb Code     0  startup_stm32f40_41xxx.o(.text)
    OTG_FS_IRQHandler                        0x0800094f   Thumb Code     0  startup_stm32f40_41xxx.o(.text)
    OTG_FS_WKUP_IRQHandler                   0x0800094f   Thumb Code     0  startup_stm32f40_41xxx.o(.text)
    OTG_HS_EP1_IN_IRQHandler                 0x0800094f   Thumb Code     0  startup_stm32f40_41xxx.o(.text)
    OTG_HS_EP1_OUT_IRQHandler                0x0800094f   Thumb Code     0  startup_stm32f40_41xxx.o(.text)
    OTG_HS_IRQHandler                        0x0800094f   Thumb Code     0  startup_stm32f40_41xxx.o(.text)
    OTG_HS_WKUP_IRQHandler                   0x0800094f   Thumb Code     0  startup_stm32f40_41xxx.o(.text)
    PVD_IRQHandler                           0x0800094f   Thumb Code     0  startup_stm32f40_41xxx.o(.text)
    RCC_IRQHandler                           0x0800094f   Thumb Code     0  startup_stm32f40_41xxx.o(.text)
    RTC_Alarm_IRQHandler                     0x0800094f   Thumb Code     0  startup_stm32f40_41xxx.o(.text)
    RTC_WKUP_IRQHandler                      0x0800094f   Thumb Code     0  startup_stm32f40_41xxx.o(.text)
    SDIO_IRQHandler                          0x0800094f   Thumb Code     0  startup_stm32f40_41xxx.o(.text)
    SPI1_IRQHandler                          0x0800094f   Thumb Code     0  startup_stm32f40_41xxx.o(.text)
    SPI2_IRQHandler                          0x0800094f   Thumb Code     0  startup_stm32f40_41xxx.o(.text)
    SPI3_IRQHandler                          0x0800094f   Thumb Code     0  startup_stm32f40_41xxx.o(.text)
    TAMP_STAMP_IRQHandler                    0x0800094f   Thumb Code     0  startup_stm32f40_41xxx.o(.text)
    TIM1_BRK_TIM9_IRQHandler                 0x0800094f   Thumb Code     0  startup_stm32f40_41xxx.o(.text)
    TIM1_CC_IRQHandler                       0x0800094f   Thumb Code     0  startup_stm32f40_41xxx.o(.text)
    TIM1_TRG_COM_TIM11_IRQHandler            0x0800094f   Thumb Code     0  startup_stm32f40_41xxx.o(.text)
    TIM1_UP_TIM10_IRQHandler                 0x0800094f   Thumb Code     0  startup_stm32f40_41xxx.o(.text)
    TIM3_IRQHandler                          0x0800094f   Thumb Code     0  startup_stm32f40_41xxx.o(.text)
    TIM4_IRQHandler                          0x0800094f   Thumb Code     0  startup_stm32f40_41xxx.o(.text)
    TIM5_IRQHandler                          0x0800094f   Thumb Code     0  startup_stm32f40_41xxx.o(.text)
    TIM6_DAC_IRQHandler                      0x0800094f   Thumb Code     0  startup_stm32f40_41xxx.o(.text)
    TIM7_IRQHandler                          0x0800094f   Thumb Code     0  startup_stm32f40_41xxx.o(.text)
    TIM8_BRK_TIM12_IRQHandler                0x0800094f   Thumb Code     0  startup_stm32f40_41xxx.o(.text)
    TIM8_CC_IRQHandler                       0x0800094f   Thumb Code     0  startup_stm32f40_41xxx.o(.text)
    TIM8_TRG_COM_TIM14_IRQHandler            0x0800094f   Thumb Code     0  startup_stm32f40_41xxx.o(.text)
    TIM8_UP_TIM13_IRQHandler                 0x0800094f   Thumb Code     0  startup_stm32f40_41xxx.o(.text)
    UART4_IRQHandler                         0x0800094f   Thumb Code     0  startup_stm32f40_41xxx.o(.text)
    UART5_IRQHandler                         0x0800094f   Thumb Code     0  startup_stm32f40_41xxx.o(.text)
    USART2_IRQHandler                        0x0800094f   Thumb Code     0  startup_stm32f40_41xxx.o(.text)
    USART3_IRQHandler                        0x0800094f   Thumb Code     0  startup_stm32f40_41xxx.o(.text)
    USART6_IRQHandler                        0x0800094f   Thumb Code     0  startup_stm32f40_41xxx.o(.text)
    WWDG_IRQHandler                          0x0800094f   Thumb Code     0  startup_stm32f40_41xxx.o(.text)
    __user_initial_stackheap                 0x08000951   Thumb Code     0  startup_stm32f40_41xxx.o(.text)
    NVIC_PriorityGroupConfig                 0x08000975   Thumb Code    10  misc.o(.text)
    NVIC_Init                                0x0800097f   Thumb Code   106  misc.o(.text)
    NVIC_SetVectorTable                      0x080009e9   Thumb Code    14  misc.o(.text)
    NVIC_SystemLPConfig                      0x080009f7   Thumb Code    34  misc.o(.text)
    SysTick_CLKSourceConfig                  0x08000a19   Thumb Code    40  misc.o(.text)
    GPIO_DeInit                              0x08000a55   Thumb Code   268  stm32f4xx_gpio.o(.text)
    GPIO_Init                                0x08000b61   Thumb Code   144  stm32f4xx_gpio.o(.text)
    GPIO_StructInit                          0x08000bf1   Thumb Code    18  stm32f4xx_gpio.o(.text)
    GPIO_PinLockConfig                       0x08000c03   Thumb Code    34  stm32f4xx_gpio.o(.text)
    GPIO_ReadInputDataBit                    0x08000c25   Thumb Code    18  stm32f4xx_gpio.o(.text)
    GPIO_ReadInputData                       0x08000c37   Thumb Code     8  stm32f4xx_gpio.o(.text)
    GPIO_ReadOutputDataBit                   0x08000c3f   Thumb Code    18  stm32f4xx_gpio.o(.text)
    GPIO_ReadOutputData                      0x08000c51   Thumb Code     8  stm32f4xx_gpio.o(.text)
    GPIO_SetBits                             0x08000c59   Thumb Code     4  stm32f4xx_gpio.o(.text)
    GPIO_ResetBits                           0x08000c5d   Thumb Code     4  stm32f4xx_gpio.o(.text)
    GPIO_WriteBit                            0x08000c61   Thumb Code    10  stm32f4xx_gpio.o(.text)
    GPIO_Write                               0x08000c6b   Thumb Code     4  stm32f4xx_gpio.o(.text)
    GPIO_ToggleBits                          0x08000c6f   Thumb Code     8  stm32f4xx_gpio.o(.text)
    GPIO_PinAFConfig                         0x08000c77   Thumb Code    70  stm32f4xx_gpio.o(.text)
    RCC_DeInit                               0x08000ce9   Thumb Code    82  stm32f4xx_rcc.o(.text)
    RCC_HSEConfig                            0x08000d3b   Thumb Code    14  stm32f4xx_rcc.o(.text)
    RCC_GetFlagStatus                        0x08000d49   Thumb Code    60  stm32f4xx_rcc.o(.text)
    RCC_WaitForHSEStartUp                    0x08000d85   Thumb Code    56  stm32f4xx_rcc.o(.text)
    RCC_AdjustHSICalibrationValue            0x08000dbd   Thumb Code    20  stm32f4xx_rcc.o(.text)
    RCC_HSICmd                               0x08000dd1   Thumb Code     6  stm32f4xx_rcc.o(.text)
    RCC_LSEConfig                            0x08000dd7   Thumb Code    46  stm32f4xx_rcc.o(.text)
    RCC_LSICmd                               0x08000e05   Thumb Code     6  stm32f4xx_rcc.o(.text)
    RCC_PLLConfig                            0x08000e0b   Thumb Code    32  stm32f4xx_rcc.o(.text)
    RCC_PLLCmd                               0x08000e2b   Thumb Code     6  stm32f4xx_rcc.o(.text)
    RCC_PLLI2SConfig                         0x08000e31   Thumb Code    14  stm32f4xx_rcc.o(.text)
    RCC_PLLI2SCmd                            0x08000e3f   Thumb Code     6  stm32f4xx_rcc.o(.text)
    RCC_PLLSAIConfig                         0x08000e45   Thumb Code    20  stm32f4xx_rcc.o(.text)
    RCC_PLLSAICmd                            0x08000e59   Thumb Code     6  stm32f4xx_rcc.o(.text)
    RCC_ClockSecuritySystemCmd               0x08000e5f   Thumb Code     6  stm32f4xx_rcc.o(.text)
    RCC_MCO1Config                           0x08000e65   Thumb Code    28  stm32f4xx_rcc.o(.text)
    RCC_MCO2Config                           0x08000e81   Thumb Code    28  stm32f4xx_rcc.o(.text)
    RCC_SYSCLKConfig                         0x08000e9d   Thumb Code    20  stm32f4xx_rcc.o(.text)
    RCC_GetSYSCLKSource                      0x08000eb1   Thumb Code    12  stm32f4xx_rcc.o(.text)
    RCC_HCLKConfig                           0x08000ebd   Thumb Code    20  stm32f4xx_rcc.o(.text)
    RCC_PCLK1Config                          0x08000ed1   Thumb Code    20  stm32f4xx_rcc.o(.text)
    RCC_PCLK2Config                          0x08000ee5   Thumb Code    22  stm32f4xx_rcc.o(.text)
    RCC_GetClocksFreq                        0x08000efb   Thumb Code   222  stm32f4xx_rcc.o(.text)
    RCC_RTCCLKConfig                         0x08000fd9   Thumb Code    54  stm32f4xx_rcc.o(.text)
    RCC_RTCCLKCmd                            0x0800100f   Thumb Code     8  stm32f4xx_rcc.o(.text)
    RCC_BackupResetCmd                       0x08001017   Thumb Code     8  stm32f4xx_rcc.o(.text)
    RCC_I2SCLKConfig                         0x0800101f   Thumb Code     6  stm32f4xx_rcc.o(.text)
    RCC_SAIPLLI2SClkDivConfig                0x08001025   Thumb Code    26  stm32f4xx_rcc.o(.text)
    RCC_SAIPLLSAIClkDivConfig                0x0800103f   Thumb Code    28  stm32f4xx_rcc.o(.text)
    RCC_SAIBlockACLKConfig                   0x0800105b   Thumb Code    20  stm32f4xx_rcc.o(.text)
    RCC_SAIBlockBCLKConfig                   0x0800106f   Thumb Code    20  stm32f4xx_rcc.o(.text)
    RCC_LTDCCLKDivConfig                     0x08001083   Thumb Code    20  stm32f4xx_rcc.o(.text)
    RCC_TIMCLKPresConfig                     0x08001097   Thumb Code     6  stm32f4xx_rcc.o(.text)
    RCC_AHB1PeriphClockCmd                   0x0800109d   Thumb Code    34  stm32f4xx_rcc.o(.text)
    RCC_AHB2PeriphClockCmd                   0x080010bf   Thumb Code    78  stm32f4xx_rcc.o(.text)
    RCC_AHB3PeriphClockCmd                   0x0800110d   Thumb Code    34  stm32f4xx_rcc.o(.text)
    RCC_APB1PeriphClockCmd                   0x0800112f   Thumb Code    34  stm32f4xx_rcc.o(.text)
    RCC_APB2PeriphClockCmd                   0x08001151   Thumb Code    34  stm32f4xx_rcc.o(.text)
    RCC_AHB1PeriphResetCmd                   0x08001173   Thumb Code    34  stm32f4xx_rcc.o(.text)
    RCC_AHB2PeriphResetCmd                   0x08001195   Thumb Code    34  stm32f4xx_rcc.o(.text)
    RCC_AHB3PeriphResetCmd                   0x080011b7   Thumb Code    34  stm32f4xx_rcc.o(.text)
    RCC_APB1PeriphResetCmd                   0x080011d9   Thumb Code    34  stm32f4xx_rcc.o(.text)
    RCC_APB2PeriphResetCmd                   0x080011fb   Thumb Code    34  stm32f4xx_rcc.o(.text)
    RCC_AHB1PeriphClockLPModeCmd             0x0800121d   Thumb Code    34  stm32f4xx_rcc.o(.text)
    RCC_AHB2PeriphClockLPModeCmd             0x0800123f   Thumb Code    34  stm32f4xx_rcc.o(.text)
    RCC_AHB3PeriphClockLPModeCmd             0x08001261   Thumb Code    34  stm32f4xx_rcc.o(.text)
    RCC_APB1PeriphClockLPModeCmd             0x08001283   Thumb Code    34  stm32f4xx_rcc.o(.text)
    RCC_APB2PeriphClockLPModeCmd             0x080012a5   Thumb Code    34  stm32f4xx_rcc.o(.text)
    RCC_LSEModeConfig                        0x080012c7   Thumb Code    40  stm32f4xx_rcc.o(.text)
    RCC_ITConfig                             0x080012ef   Thumb Code    34  stm32f4xx_rcc.o(.text)
    RCC_ClearFlag                            0x08001311   Thumb Code    18  stm32f4xx_rcc.o(.text)
    RCC_GetITStatus                          0x08001323   Thumb Code    22  stm32f4xx_rcc.o(.text)
    RCC_ClearITPendingBit                    0x08001339   Thumb Code     8  stm32f4xx_rcc.o(.text)
    USART_DeInit                             0x08001345   Thumb Code   206  stm32f4xx_usart.o(.text)
    USART_Init                               0x08001413   Thumb Code   204  stm32f4xx_usart.o(.text)
    USART_StructInit                         0x080014df   Thumb Code    24  stm32f4xx_usart.o(.text)
    USART_ClockInit                          0x080014f7   Thumb Code    32  stm32f4xx_usart.o(.text)
    USART_ClockStructInit                    0x08001517   Thumb Code    12  stm32f4xx_usart.o(.text)
    USART_Cmd                                0x08001523   Thumb Code    24  stm32f4xx_usart.o(.text)
    USART_SetPrescaler                       0x0800153b   Thumb Code    16  stm32f4xx_usart.o(.text)
    USART_OverSampling8Cmd                   0x0800154b   Thumb Code    22  stm32f4xx_usart.o(.text)
    USART_OneBitMethodCmd                    0x08001561   Thumb Code    24  stm32f4xx_usart.o(.text)
    USART_SendData                           0x08001579   Thumb Code     8  stm32f4xx_usart.o(.text)
    USART_ReceiveData                        0x08001581   Thumb Code    10  stm32f4xx_usart.o(.text)
    USART_SetAddress                         0x0800158b   Thumb Code    18  stm32f4xx_usart.o(.text)
    USART_ReceiverWakeUpCmd                  0x0800159d   Thumb Code    24  stm32f4xx_usart.o(.text)
    USART_WakeUpConfig                       0x080015b5   Thumb Code    18  stm32f4xx_usart.o(.text)
    USART_LINBreakDetectLengthConfig         0x080015c7   Thumb Code    18  stm32f4xx_usart.o(.text)
    USART_LINCmd                             0x080015d9   Thumb Code    24  stm32f4xx_usart.o(.text)
    USART_SendBreak                          0x080015f1   Thumb Code    10  stm32f4xx_usart.o(.text)
    USART_HalfDuplexCmd                      0x080015fb   Thumb Code    24  stm32f4xx_usart.o(.text)
    USART_SetGuardTime                       0x08001613   Thumb Code    16  stm32f4xx_usart.o(.text)
    USART_SmartCardCmd                       0x08001623   Thumb Code    24  stm32f4xx_usart.o(.text)
    USART_SmartCardNACKCmd                   0x0800163b   Thumb Code    24  stm32f4xx_usart.o(.text)
    USART_IrDAConfig                         0x08001653   Thumb Code    18  stm32f4xx_usart.o(.text)
    USART_IrDACmd                            0x08001665   Thumb Code    24  stm32f4xx_usart.o(.text)
    USART_DMACmd                             0x0800167d   Thumb Code    18  stm32f4xx_usart.o(.text)
    USART_ITConfig                           0x0800168f   Thumb Code    74  stm32f4xx_usart.o(.text)
    USART_GetFlagStatus                      0x080016d9   Thumb Code    26  stm32f4xx_usart.o(.text)
    USART_ClearFlag                          0x080016f3   Thumb Code    18  stm32f4xx_usart.o(.text)
    USART_GetITStatus                        0x08001705   Thumb Code   118  stm32f4xx_usart.o(.text)
    USART_ClearITPendingBit                  0x0800177b   Thumb Code    30  stm32f4xx_usart.o(.text)
    CAN_DeInit                               0x08001799   Thumb Code    50  stm32f4xx_can.o(.text)
    CAN_Init                                 0x080017cb   Thumb Code   276  stm32f4xx_can.o(.text)
    CAN_FilterInit                           0x080018df   Thumb Code   258  stm32f4xx_can.o(.text)
    CAN_StructInit                           0x080019e1   Thumb Code    32  stm32f4xx_can.o(.text)
    CAN_SlaveStartBank                       0x08001a01   Thumb Code    48  stm32f4xx_can.o(.text)
    CAN_DBGFreeze                            0x08001a31   Thumb Code    22  stm32f4xx_can.o(.text)
    CAN_TTComModeCmd                         0x08001a47   Thumb Code   118  stm32f4xx_can.o(.text)
    CAN_Transmit                             0x08001abd   Thumb Code   304  stm32f4xx_can.o(.text)
    CAN_TransmitStatus                       0x08001bed   Thumb Code   138  stm32f4xx_can.o(.text)
    CAN_CancelTransmit                       0x08001c77   Thumb Code    48  stm32f4xx_can.o(.text)
    CAN_Receive                              0x08001ca7   Thumb Code   240  stm32f4xx_can.o(.text)
    CAN_FIFORelease                          0x08001d97   Thumb Code    22  stm32f4xx_can.o(.text)
    CAN_MessagePending                       0x08001dad   Thumb Code    30  stm32f4xx_can.o(.text)
    CAN_OperatingModeRequest                 0x08001dcb   Thumb Code   162  stm32f4xx_can.o(.text)
    CAN_Sleep                                0x08001e6d   Thumb Code    30  stm32f4xx_can.o(.text)
    CAN_WakeUp                               0x08001e8b   Thumb Code    48  stm32f4xx_can.o(.text)
    CAN_GetLastErrorCode                     0x08001ebb   Thumb Code    12  stm32f4xx_can.o(.text)
    CAN_GetReceiveErrorCounter               0x08001ec7   Thumb Code    10  stm32f4xx_can.o(.text)
    CAN_GetLSBTransmitErrorCounter           0x08001ed1   Thumb Code    12  stm32f4xx_can.o(.text)
    CAN_ITConfig                             0x08001edd   Thumb Code    18  stm32f4xx_can.o(.text)
    CAN_GetFlagStatus                        0x08001eef   Thumb Code   120  stm32f4xx_can.o(.text)
    CAN_ClearFlag                            0x08001f67   Thumb Code    52  stm32f4xx_can.o(.text)
    CAN_GetITStatus                          0x08001fad   Thumb Code   310  stm32f4xx_can.o(.text)
    CAN_ClearITPendingBit                    0x080020e3   Thumb Code   162  stm32f4xx_can.o(.text)
    TIM_DeInit                               0x08002189   Thumb Code   346  stm32f4xx_tim.o(.text)
    TIM_TimeBaseInit                         0x080022e3   Thumb Code   104  stm32f4xx_tim.o(.text)
    TIM_TimeBaseStructInit                   0x0800234b   Thumb Code    18  stm32f4xx_tim.o(.text)
    TIM_PrescalerConfig                      0x0800235d   Thumb Code     6  stm32f4xx_tim.o(.text)
    TIM_CounterModeConfig                    0x08002363   Thumb Code    18  stm32f4xx_tim.o(.text)
    TIM_SetCounter                           0x08002375   Thumb Code     4  stm32f4xx_tim.o(.text)
    TIM_SetAutoreload                        0x08002379   Thumb Code     4  stm32f4xx_tim.o(.text)
    TIM_GetCounter                           0x0800237d   Thumb Code     6  stm32f4xx_tim.o(.text)
    TIM_GetPrescaler                         0x08002383   Thumb Code     6  stm32f4xx_tim.o(.text)
    TIM_UpdateDisableConfig                  0x08002389   Thumb Code    24  stm32f4xx_tim.o(.text)
    TIM_UpdateRequestConfig                  0x080023a1   Thumb Code    24  stm32f4xx_tim.o(.text)
    TIM_ARRPreloadConfig                     0x080023b9   Thumb Code    24  stm32f4xx_tim.o(.text)
    TIM_SelectOnePulseMode                   0x080023d1   Thumb Code    18  stm32f4xx_tim.o(.text)
    TIM_SetClockDivision                     0x080023e3   Thumb Code    18  stm32f4xx_tim.o(.text)
    TIM_Cmd                                  0x080023f5   Thumb Code    24  stm32f4xx_tim.o(.text)
    TIM_OC1Init                              0x0800240d   Thumb Code   114  stm32f4xx_tim.o(.text)
    TIM_OC2Init                              0x0800247f   Thumb Code   154  stm32f4xx_tim.o(.text)
    TIM_OC3Init                              0x08002519   Thumb Code   204  stm32f4xx_tim.o(.text)
    TIM_OC4Init                              0x080025e5   Thumb Code   112  stm32f4xx_tim.o(.text)
    TIM_OCStructInit                         0x08002655   Thumb Code    20  stm32f4xx_tim.o(.text)
    TIM_SelectOCxM                           0x08002669   Thumb Code    86  stm32f4xx_tim.o(.text)
    TIM_SetCompare1                          0x080026bf   Thumb Code     4  stm32f4xx_tim.o(.text)
    TIM_SetCompare2                          0x080026c3   Thumb Code     4  stm32f4xx_tim.o(.text)
    TIM_SetCompare3                          0x080026c7   Thumb Code     4  stm32f4xx_tim.o(.text)
    TIM_SetCompare4                          0x080026cb   Thumb Code     4  stm32f4xx_tim.o(.text)
    TIM_ForcedOC1Config                      0x080026cf   Thumb Code    18  stm32f4xx_tim.o(.text)
    TIM_ForcedOC2Config                      0x080026e1   Thumb Code    26  stm32f4xx_tim.o(.text)
    TIM_ForcedOC3Config                      0x080026fb   Thumb Code    18  stm32f4xx_tim.o(.text)
    TIM_ForcedOC4Config                      0x0800270d   Thumb Code    26  stm32f4xx_tim.o(.text)
    TIM_OC1PreloadConfig                     0x08002727   Thumb Code    18  stm32f4xx_tim.o(.text)
    TIM_OC2PreloadConfig                     0x08002739   Thumb Code    26  stm32f4xx_tim.o(.text)
    TIM_OC3PreloadConfig                     0x08002753   Thumb Code    18  stm32f4xx_tim.o(.text)
    TIM_OC4PreloadConfig                     0x08002765   Thumb Code    26  stm32f4xx_tim.o(.text)
    TIM_OC1FastConfig                        0x0800277f   Thumb Code    18  stm32f4xx_tim.o(.text)
    TIM_OC2FastConfig                        0x08002791   Thumb Code    26  stm32f4xx_tim.o(.text)
    TIM_OC3FastConfig                        0x080027ab   Thumb Code    18  stm32f4xx_tim.o(.text)
    TIM_OC4FastConfig                        0x080027bd   Thumb Code    26  stm32f4xx_tim.o(.text)
    TIM_ClearOC1Ref                          0x080027d7   Thumb Code    18  stm32f4xx_tim.o(.text)
    TIM_ClearOC2Ref                          0x080027e9   Thumb Code    24  stm32f4xx_tim.o(.text)
    TIM_ClearOC3Ref                          0x08002801   Thumb Code    18  stm32f4xx_tim.o(.text)
    TIM_ClearOC4Ref                          0x08002813   Thumb Code    24  stm32f4xx_tim.o(.text)
    TIM_OC1PolarityConfig                    0x0800282b   Thumb Code    18  stm32f4xx_tim.o(.text)
    TIM_OC1NPolarityConfig                   0x0800283d   Thumb Code    18  stm32f4xx_tim.o(.text)
    TIM_OC2PolarityConfig                    0x0800284f   Thumb Code    26  stm32f4xx_tim.o(.text)
    TIM_OC2NPolarityConfig                   0x08002869   Thumb Code    26  stm32f4xx_tim.o(.text)
    TIM_OC3PolarityConfig                    0x08002883   Thumb Code    26  stm32f4xx_tim.o(.text)
    TIM_OC3NPolarityConfig                   0x0800289d   Thumb Code    26  stm32f4xx_tim.o(.text)
    TIM_OC4PolarityConfig                    0x080028b7   Thumb Code    26  stm32f4xx_tim.o(.text)
    TIM_CCxCmd                               0x080028d1   Thumb Code    30  stm32f4xx_tim.o(.text)
    TIM_CCxNCmd                              0x080028ef   Thumb Code    30  stm32f4xx_tim.o(.text)
    TIM_SetIC4Prescaler                      0x0800290d   Thumb Code    26  stm32f4xx_tim.o(.text)
    TIM_SetIC3Prescaler                      0x08002977   Thumb Code    18  stm32f4xx_tim.o(.text)
    TIM_SetIC2Prescaler                      0x080029d1   Thumb Code    26  stm32f4xx_tim.o(.text)
    TIM_SetIC1Prescaler                      0x08002a45   Thumb Code    18  stm32f4xx_tim.o(.text)
    TIM_ICInit                               0x08002a91   Thumb Code   110  stm32f4xx_tim.o(.text)
    TIM_ICStructInit                         0x08002aff   Thumb Code    18  stm32f4xx_tim.o(.text)
    TIM_PWMIConfig                           0x08002b11   Thumb Code   124  stm32f4xx_tim.o(.text)
    TIM_GetCapture1                          0x08002b8d   Thumb Code     6  stm32f4xx_tim.o(.text)
    TIM_GetCapture2                          0x08002b93   Thumb Code     6  stm32f4xx_tim.o(.text)
    TIM_GetCapture3                          0x08002b99   Thumb Code     6  stm32f4xx_tim.o(.text)
    TIM_GetCapture4                          0x08002b9f   Thumb Code     6  stm32f4xx_tim.o(.text)
    TIM_BDTRConfig                           0x08002ba5   Thumb Code    32  stm32f4xx_tim.o(.text)
    TIM_BDTRStructInit                       0x08002bc5   Thumb Code    18  stm32f4xx_tim.o(.text)
    TIM_CtrlPWMOutputs                       0x08002bd7   Thumb Code    30  stm32f4xx_tim.o(.text)
    TIM_SelectCOM                            0x08002bf5   Thumb Code    24  stm32f4xx_tim.o(.text)
    TIM_CCPreloadControl                     0x08002c0d   Thumb Code    24  stm32f4xx_tim.o(.text)
    TIM_ITConfig                             0x08002c25   Thumb Code    18  stm32f4xx_tim.o(.text)
    TIM_GenerateEvent                        0x08002c37   Thumb Code     4  stm32f4xx_tim.o(.text)
    TIM_GetFlagStatus                        0x08002c3b   Thumb Code    18  stm32f4xx_tim.o(.text)
    TIM_ClearFlag                            0x08002c4d   Thumb Code     6  stm32f4xx_tim.o(.text)
    TIM_GetITStatus                          0x08002c53   Thumb Code    34  stm32f4xx_tim.o(.text)
    TIM_ClearITPendingBit                    0x08002c75   Thumb Code     6  stm32f4xx_tim.o(.text)
    TIM_DMAConfig                            0x08002c7b   Thumb Code    10  stm32f4xx_tim.o(.text)
    TIM_DMACmd                               0x08002c85   Thumb Code    18  stm32f4xx_tim.o(.text)
    TIM_SelectCCDMA                          0x08002c97   Thumb Code    24  stm32f4xx_tim.o(.text)
    TIM_InternalClockConfig                  0x08002caf   Thumb Code    12  stm32f4xx_tim.o(.text)
    TIM_SelectInputTrigger                   0x08002cbb   Thumb Code    18  stm32f4xx_tim.o(.text)
    TIM_ITRxExternalClockConfig              0x08002ccd   Thumb Code    24  stm32f4xx_tim.o(.text)
    TIM_TIxExternalClockConfig               0x08002ce5   Thumb Code    62  stm32f4xx_tim.o(.text)
    TIM_ETRConfig                            0x08002d23   Thumb Code    28  stm32f4xx_tim.o(.text)
    TIM_ETRClockMode1Config                  0x08002d3f   Thumb Code    54  stm32f4xx_tim.o(.text)
    TIM_ETRClockMode2Config                  0x08002d75   Thumb Code    32  stm32f4xx_tim.o(.text)
    TIM_SelectOutputTrigger                  0x08002d95   Thumb Code    18  stm32f4xx_tim.o(.text)
    TIM_SelectSlaveMode                      0x08002da7   Thumb Code    18  stm32f4xx_tim.o(.text)
    TIM_SelectMasterSlaveMode                0x08002db9   Thumb Code    18  stm32f4xx_tim.o(.text)
    TIM_EncoderInterfaceConfig               0x08002dcb   Thumb Code    66  stm32f4xx_tim.o(.text)
    TIM_SelectHallSensor                     0x08002e0d   Thumb Code    24  stm32f4xx_tim.o(.text)
    TIM_RemapConfig                          0x08002e25   Thumb Code     6  stm32f4xx_tim.o(.text)
    OnNumberOfErrorsUpdate                   0x08002e2d   Thumb Code    44  emcy.o(.text)
    emergencyInit                            0x08002e59   Thumb Code    30  emcy.o(.text)
    emergencyStop                            0x08002e77   Thumb Code     2  emcy.o(.text)
    sendEMCY                                 0x08002e79   Thumb Code   114  emcy.o(.text)
    EMCY_setError                            0x08002eeb   Thumb Code   338  emcy.o(.text)
    EMCY_errorRecovered                      0x0800303d   Thumb Code   176  emcy.o(.text)
    proceedEMCY                              0x080030ed   Thumb Code   102  emcy.o(.text)
    _post_emcy                               0x08003153   Thumb Code     6  emcy.o(.text)
    getNodeState                             0x08003219   Thumb Code    16  lifegrd.o(.text)
    ConsumerHeartbeatAlarm                   0x08003229   Thumb Code    50  lifegrd.o(.text)
    proceedNODE_GUARD                        0x0800325b   Thumb Code   344  lifegrd.o(.text)
    ProducerHeartbeatAlarm                   0x080033b3   Thumb Code   102  lifegrd.o(.text)
    GuardTimeAlarm                           0x08003419   Thumb Code   158  lifegrd.o(.text)
    nodeguardInit                            0x080034b7   Thumb Code   174  lifegrd.o(.text)
    nodeguardStop                            0x08003565   Thumb Code    18  lifegrd.o(.text)
    OnNodeGuardUpdate                        0x08003577   Thumb Code    24  lifegrd.o(.text)
    OnHeartbeatProducerUpdate                0x0800358f   Thumb Code    66  lifegrd.o(.text)
    heartbeatInit                            0x080035d1   Thumb Code   132  lifegrd.o(.text)
    heartbeatStop                            0x08003655   Thumb Code   352  lifegrd.o(.text)
    lifeGuardInit                            0x080037b5   Thumb Code    18  lifegrd.o(.text)
    lifeGuardStop                            0x080037c7   Thumb Code    18  lifegrd.o(.text)
    _heartbeatError                          0x080037d9   Thumb Code     2  lifegrd.o(.text)
    _post_SlaveBootup                        0x080037db   Thumb Code     2  lifegrd.o(.text)
    _post_SlaveStateChange                   0x080037dd   Thumb Code     2  lifegrd.o(.text)
    _nodeguardError                          0x080037df   Thumb Code     2  lifegrd.o(.text)
    masterSendNMTstateChange                 0x080037e1   Thumb Code    88  nmtmaster.o(.text)
    masterSendNMTnodeguard                   0x08003839   Thumb Code    62  nmtmaster.o(.text)
    masterRequestNodeState                   0x08003877   Thumb Code    50  nmtmaster.o(.text)
    proceedNMTstateChange                    0x08003919   Thumb Code   246  nmtslave.o(.text)
    slaveSendBootUp                          0x08003a0f   Thumb Code    72  nmtslave.o(.text)
    accessDictionaryError                    0x08003abd   Thumb Code   314  objacces.o(.text)
    _getODentry                              0x08003bf7   Thumb Code   256  objacces.o(.text)
    _setODentry                              0x08003cf7   Thumb Code   784  objacces.o(.text)
    RegisterSetODentryCallBack               0x08004007   Thumb Code    50  objacces.o(.text)
    _storeODSubIndex                         0x08004039   Thumb Code     6  objacces.o(.text)
    CopyBits                                 0x08004045   Thumb Code   236  pdo.o(.text)
    buildPDO                                 0x08004131   Thumb Code   410  pdo.o(.text)
    sendPDOrequest                           0x080042cb   Thumb Code   160  pdo.o(.text)
    PDOInhibitTimerAlarm                     0x080043c7   Thumb Code    56  pdo.o(.text)
    sendOnePDOevent                          0x080043ff   Thumb Code   908  pdo.o(.text)
    PDOEventTimerAlarm                       0x0800478b   Thumb Code    46  pdo.o(.text)
    proceedPDO                               0x080047b9   Thumb Code  1420  pdo.o(.text)
    _sendPDOevent                            0x08004d45   Thumb Code   642  pdo.o(.text)
    sendPDOevent                             0x08004fc7   Thumb Code    14  pdo.o(.text)
    _RxPDO_EventTimers_Handler               0x08004fd5   Thumb Code     2  pdo.o(.text)
    TPDO_Communication_Parameter_Callback    0x08004fd7   Thumb Code   148  pdo.o(.text)
    PDOInit                                  0x0800506b   Thumb Code   262  pdo.o(.text)
    PDOStop                                  0x08005171   Thumb Code   120  pdo.o(.text)
    PDOEnable                                0x080051e9   Thumb Code    48  pdo.o(.text)
    PDODisable                               0x08005219   Thumb Code    48  pdo.o(.text)
    initSDOline                              0x08005249   Thumb Code   510  sdo.o(.text)
    resetSDOline                             0x08005447   Thumb Code   118  sdo.o(.text)
    sendSDO                                  0x080054bd   Thumb Code   316  sdo.o(.text)
    sendSDOabort                             0x080055f9   Thumb Code   458  sdo.o(.text)
    SDOTimeoutAlarm                          0x080057c3   Thumb Code   432  sdo.o(.text)
    resetSDO                                 0x08005973   Thumb Code    26  sdo.o(.text)
    SDOlineToObjdict                         0x0800598d   Thumb Code   220  sdo.o(.text)
    objdictToSDOline                         0x08005a69   Thumb Code   226  sdo.o(.text)
    lineToSDO                                0x08005b4b   Thumb Code   490  sdo.o(.text)
    SDOtoLine                                0x08005d35   Thumb Code   172  sdo.o(.text)
    getSDOlineOnUse                          0x08005de1   Thumb Code   114  sdo.o(.text)
    failedSDO                                0x08005e53   Thumb Code   336  sdo.o(.text)
    getSDOfreeLine                           0x08005fa3   Thumb Code    98  sdo.o(.text)
    getSDOlineToClose                        0x08006005   Thumb Code    92  sdo.o(.text)
    GetSDOClientFromNodeId                   0x08006061   Thumb Code   444  sdo.o(.text)
    closeSDOtransfer                         0x0800621d   Thumb Code    92  sdo.o(.text)
    getSDOlineRestBytes                      0x08006279   Thumb Code    74  sdo.o(.text)
    setSDOlineRestBytes                      0x080062c3   Thumb Code    66  sdo.o(.text)
    proceedSDO                               0x08006305   Thumb Code 18276  sdo.o(.text)
    resetClientSDOLineFromNodeId             0x0800aa69   Thumb Code    52  sdo.o(.text)
    _writeNetworkDict                        0x0800aa9d   Thumb Code   720  sdo.o(.text)
    writeNetworkDict                         0x0800ad6d   Thumb Code    54  sdo.o(.text)
    writeNetworkDictCallBack                 0x0800ada3   Thumb Code   418  sdo.o(.text)
    writeNetworkDictCallBackAI               0x0800af45   Thumb Code   252  sdo.o(.text)
    _readNetworkDict                         0x0800b041   Thumb Code   496  sdo.o(.text)
    readNetworkDict                          0x0800b231   Thumb Code    42  sdo.o(.text)
    readNetworkDictCallback                  0x0800b25b   Thumb Code    40  sdo.o(.text)
    readNetworkDictCallbackAI                0x0800b283   Thumb Code   448  sdo.o(.text)
    getReadResultNetworkDict                 0x0800b443   Thumb Code   412  sdo.o(.text)
    getWriteResultNetworkDict                0x0800b5df   Thumb Code   170  sdo.o(.text)
    getState                                 0x0800b6c9   Thumb Code     8  states.o(.text)
    canDispatch                              0x0800b6d1   Thumb Code   154  states.o(.text)
    switchCommunicationState                 0x0800b76b   Thumb Code   572  states.o(.text)
    setState                                 0x0800b9a7   Thumb Code   200  states.o(.text)
    getNodeId                                0x0800ba6f   Thumb Code     8  states.o(.text)
    setNodeId                                0x0800ba77   Thumb Code   698  states.o(.text)
    _initialisation                          0x0800bd31   Thumb Code     2  states.o(.text)
    _preOperational                          0x0800bd33   Thumb Code    22  states.o(.text)
    _operational                             0x0800bd49   Thumb Code     2  states.o(.text)
    _stopped                                 0x0800bd4b   Thumb Code     2  states.o(.text)
    proceedSYNC                              0x0800bd51   Thumb Code    66  sync.o(.text)
    sendSYNCMessage                          0x0800bd93   Thumb Code    64  sync.o(.text)
    sendSYNC                                 0x0800bdd3   Thumb Code    22  sync.o(.text)
    SyncAlarm                                0x0800bde9   Thumb Code    14  sync.o(.text)
    stopSYNC                                 0x0800bdf7   Thumb Code    46  sync.o(.text)
    startSYNC                                0x0800be25   Thumb Code   110  sync.o(.text)
    OnCOB_ID_SyncUpdate                      0x0800be93   Thumb Code    18  sync.o(.text)
    _post_sync                               0x0800bea5   Thumb Code     2  sync.o(.text)
    _post_TPDO                               0x0800bea7   Thumb Code     2  sync.o(.text)
    SetAlarm                                 0x0800bf05   Thumb Code   170  timer.o(.text)
    DelAlarm                                 0x0800bfaf   Thumb Code    68  timer.o(.text)
    TimeDispatch                             0x0800bff3   Thumb Code   178  timer.o(.text)
    Master_valueRangeTest                    0x0800c0f5   Thumb Code    22  master.o(.text)
    Master_scanIndexOD                       0x0800c10b   Thumb Code    88  master.o(.text)
    TIM2_Init                                0x0800c171   Thumb Code   104  timer2.o(.text)
    setTimer                                 0x0800c1d9   Thumb Code    64  timer2.o(.text)
    getElapsedTime                           0x0800c219   Thumb Code    42  timer2.o(.text)
    TIM2_IRQHandler                          0x0800c243   Thumb Code    40  timer2.o(.text)
    can_init                                 0x0800c275   Thumb Code   404  dual_can.o(.text)
    CAN1_Init                                0x0800c409   Thumb Code   274  dual_can.o(.text)
    CAN2_Init                                0x0800c51b   Thumb Code   288  dual_can.o(.text)
    canSend                                  0x0800c63b   Thumb Code   126  dual_can.o(.text)
    canChangeBaudRate_driver                 0x0800c6b9   Thumb Code     6  dual_can.o(.text)
    CAN1_RX0_IRQHandler                      0x0800c6bf   Thumb Code   182  dual_can.o(.text)
    CAN2_RX0_IRQHandler                      0x0800c775   Thumb Code   180  dual_can.o(.text)
    Master2_valueRangeTest                   0x0800c83d   Thumb Code    22  master2.o(.text)
    Master2_scanIndexOD                      0x0800c853   Thumb Code    88  master2.o(.text)
    key_driver_task                          0x0800c8b9   Thumb Code   334  key_drive_task.o(.text)
    __use_no_semihosting                     0x0800ca3d   Thumb Code     2  use_no_semi_2.o(.text)
    __2printf                                0x0800ca41   Thumb Code    20  noretval__2printf.o(.text)
    __printf                                 0x0800ca59   Thumb Code   104  __printf.o(.text)
    _printf_str                              0x0800cac1   Thumb Code    82  _printf_str.o(.text)
    _printf_int_dec                          0x0800cb15   Thumb Code   104  _printf_dec.o(.text)
    _printf_int_hex                          0x0800cb8d   Thumb Code    84  _printf_hex_int.o(.text)
    _printf_longlong_hex                     0x0800cb8d   Thumb Code     0  _printf_hex_int.o(.text)
    memcmp                                   0x0800cbe5   Thumb Code    88  memcmp.o(.text)
    __aeabi_memcpy                           0x0800cc3d   Thumb Code     0  rt_memcpy_v6.o(.text)
    __rt_memcpy                              0x0800cc3d   Thumb Code   138  rt_memcpy_v6.o(.text)
    _memcpy_lastbytes                        0x0800cca3   Thumb Code     0  rt_memcpy_v6.o(.text)
    __aeabi_memclr4                          0x0800ccc7   Thumb Code     0  rt_memclr_w.o(.text)
    __aeabi_memclr8                          0x0800ccc7   Thumb Code     0  rt_memclr_w.o(.text)
    __rt_memclr_w                            0x0800ccc7   Thumb Code    78  rt_memclr_w.o(.text)
    _memset_w                                0x0800cccb   Thumb Code     0  rt_memclr_w.o(.text)
    __use_two_region_memory                  0x0800cd15   Thumb Code     2  heapauxi.o(.text)
    __rt_heap_escrow$2region                 0x0800cd17   Thumb Code     2  heapauxi.o(.text)
    __rt_heap_expand$2region                 0x0800cd19   Thumb Code     2  heapauxi.o(.text)
    __I$use$semihosting                      0x0800cd1b   Thumb Code     0  use_no_semi.o(.text)
    __use_no_semihosting_swi                 0x0800cd1b   Thumb Code     2  use_no_semi.o(.text)
    _printf_int_common                       0x0800cd1d   Thumb Code   178  _printf_intcommon.o(.text)
    _printf_cs_common                        0x0800cdcf   Thumb Code    20  _printf_char.o(.text)
    _printf_char                             0x0800cde3   Thumb Code    16  _printf_char.o(.text)
    _printf_string                           0x0800cdf3   Thumb Code     8  _printf_char.o(.text)
    _printf_char_file                        0x0800cdfd   Thumb Code    32  _printf_char_file.o(.text)
    __aeabi_memcpy4                          0x0800ce21   Thumb Code     0  rt_memcpy_w.o(.text)
    __aeabi_memcpy8                          0x0800ce21   Thumb Code     0  rt_memcpy_w.o(.text)
    __rt_memcpy_w                            0x0800ce21   Thumb Code   100  rt_memcpy_w.o(.text)
    _memcpy_lastbytes_aligned                0x0800ce69   Thumb Code     0  rt_memcpy_w.o(.text)
    _printf_char_common                      0x0800ce8f   Thumb Code    32  _printf_char_common.o(.text)
    ferror                                   0x0800ceb5   Thumb Code     8  ferror.o(.text)
    __user_setup_stackheap                   0x0800cebd   Thumb Code    74  sys_stackheap_outer.o(.text)
    exit                                     0x0800cf07   Thumb Code    18  exit.o(.text)
    __user_libspace                          0x0800cf19   Thumb Code     8  libspace.o(.text)
    __user_perproc_libspace                  0x0800cf19   Thumb Code     0  libspace.o(.text)
    __user_perthread_libspace                0x0800cf19   Thumb Code     0  libspace.o(.text)
    _fp_init                                 0x0800cf21   Thumb Code    10  fpinit.o(x$fpl$fpinit)
    __fplib_config_fpu_vfp                   0x0800cf29   Thumb Code     0  fpinit.o(x$fpl$fpinit)
    __fplib_config_pureend_doubles           0x0800cf29   Thumb Code     0  fpinit.o(x$fpl$fpinit)
    Master_iam_a_slave                       0x0800cf6c   Data           1  master.o(.constdata)
    Master_objdict                           0x0800cf70   Data          40  master.o(.constdata)
    Master_firstIndex                        0x0800cf98   Data          12  master.o(.constdata)
    Master_lastIndex                         0x0800cfa4   Data          12  master.o(.constdata)
    Master_ObjdictSize                       0x0800cfb0   Data           2  master.o(.constdata)
    Master2_iam_a_slave                      0x0800cfb4   Data           1  master2.o(.constdata)
    Master2_objdict                          0x0800cfb8   Data          40  master2.o(.constdata)
    Master2_firstIndex                       0x0800cfe0   Data          12  master2.o(.constdata)
    Master2_lastIndex                        0x0800cfec   Data          12  master2.o(.constdata)
    Master2_ObjdictSize                      0x0800cff8   Data           2  master2.o(.constdata)
    Region$$Table$$Base                      0x0800d7d8   Number         0  anon$$obj.o(Region$$Table)
    Region$$Table$$Limit                     0x0800d7f8   Number         0  anon$$obj.o(Region$$Table)
    pressf                                   0x20000000   Data           3  main.o(.data)
    SystemCoreClock                          0x20000004   Data           4  system_stm32f4xx.o(.data)
    AHBPrescTable                            0x20000008   Data          16  system_stm32f4xx.o(.data)
    __stdout                                 0x20000020   Data           4  usart.o(.data)
    total_sleep_time                         0x20000034   Data           4  timer.o(.data)
    last_timer_raw                           0x20000038   Data           2  timer.o(.data)
    tdcount                                  0x2000003c   Data           4  timer.o(.data)
    Master_bDeviceNodeId                     0x20000040   Data           1  master.o(.data)
    Master_heartBeatTimers                   0x20000042   Data           2  master.o(.data)
    Master_obj1000                           0x20000044   Data           4  master.o(.data)
    Master_Index1000                         0x20000048   Data          16  master.o(.data)
    Master_obj1001                           0x20000058   Data           1  master.o(.data)
    Master_Index1001                         0x2000005c   Data          16  master.o(.data)
    Master_highestSubIndex_obj1003           0x2000006c   Data           1  master.o(.data)
    Master_obj1003                           0x20000070   Data           4  master.o(.data)
    Master_Index1003                         0x20000074   Data          32  master.o(.data)
    Master_obj1005                           0x20000094   Data           4  master.o(.data)
    Master_obj1006                           0x20000098   Data           4  master.o(.data)
    Master_obj100C                           0x2000009c   Data           2  master.o(.data)
    Master_obj100D                           0x2000009e   Data           1  master.o(.data)
    Master_obj1014                           0x200000a0   Data           4  master.o(.data)
    Master_highestSubIndex_obj1016           0x200000a4   Data           1  master.o(.data)
    Master_obj1016                           0x200000a8   Data           4  master.o(.data)
    Master_obj1017                           0x200000ac   Data           2  master.o(.data)
    Master_Index1017                         0x200000b0   Data          16  master.o(.data)
    Master_highestSubIndex_obj1018           0x200000c0   Data           1  master.o(.data)
    Master_obj1018_Vendor_ID                 0x200000c4   Data           4  master.o(.data)
    Master_obj1018_Product_Code              0x200000c8   Data           4  master.o(.data)
    Master_obj1018_Revision_Number           0x200000cc   Data           4  master.o(.data)
    Master_obj1018_Serial_Number             0x200000d0   Data           4  master.o(.data)
    Master_Index1018                         0x200000d4   Data          80  master.o(.data)
    Master_highestSubIndex_obj1280           0x20000124   Data           1  master.o(.data)
    Master_obj1280_COB_ID_Client_to_Server_Transmit_SDO 0x20000128   Data           4  master.o(.data)
    Master_obj1280_COB_ID_Server_to_Client_Receive_SDO 0x2000012c   Data           4  master.o(.data)
    Master_obj1280_Node_ID_of_the_SDO_Server 0x20000130   Data           1  master.o(.data)
    Master_Index1280                         0x20000134   Data          64  master.o(.data)
    Master_PDO_status                        0x20000174   Data          18  master.o(.data)
    Master_Data                              0x20000188   Data         576  master.o(.data)
    last_counter_val                         0x200003c8   Data           4  timer2.o(.data)
    elapsed_time                             0x200003cc   Data           4  timer2.o(.data)
    Master2_bDeviceNodeId                    0x200003d8   Data           1  master2.o(.data)
    Master2_heartBeatTimers                  0x200003da   Data           2  master2.o(.data)
    Master2_obj1000                          0x200003dc   Data           4  master2.o(.data)
    Master2_Index1000                        0x200003e0   Data          16  master2.o(.data)
    Master2_obj1001                          0x200003f0   Data           1  master2.o(.data)
    Master2_Index1001                        0x200003f4   Data          16  master2.o(.data)
    Master2_highestSubIndex_obj1003          0x20000404   Data           1  master2.o(.data)
    Master2_obj1003                          0x20000408   Data           4  master2.o(.data)
    Master2_Index1003                        0x2000040c   Data          32  master2.o(.data)
    Master2_obj1005                          0x2000042c   Data           4  master2.o(.data)
    Master2_obj1006                          0x20000430   Data           4  master2.o(.data)
    Master2_obj100C                          0x20000434   Data           2  master2.o(.data)
    Master2_obj100D                          0x20000436   Data           1  master2.o(.data)
    Master2_obj1014                          0x20000438   Data           4  master2.o(.data)
    Master2_highestSubIndex_obj1016          0x2000043c   Data           1  master2.o(.data)
    Master2_obj1016                          0x20000440   Data           4  master2.o(.data)
    Master2_obj1017                          0x20000444   Data           2  master2.o(.data)
    Master2_Index1017                        0x20000448   Data          16  master2.o(.data)
    Master2_highestSubIndex_obj1018          0x20000458   Data           1  master2.o(.data)
    Master2_obj1018_Vendor_ID                0x2000045c   Data           4  master2.o(.data)
    Master2_obj1018_Product_Code             0x20000460   Data           4  master2.o(.data)
    Master2_obj1018_Revision_Number          0x20000464   Data           4  master2.o(.data)
    Master2_obj1018_Serial_Number            0x20000468   Data           4  master2.o(.data)
    Master2_Index1018                        0x2000046c   Data          80  master2.o(.data)
    Master2_highestSubIndex_obj1280          0x200004bc   Data           1  master2.o(.data)
    Master2_obj1280_COB_ID_Client_to_Server_Transmit_SDO 0x200004c0   Data           4  master2.o(.data)
    Master2_obj1280_COB_ID_Server_to_Client_Receive_SDO 0x200004c4   Data           4  master2.o(.data)
    Master2_obj1280_Node_ID_of_the_SDO_Server 0x200004c8   Data           1  master2.o(.data)
    Master2_Index1280                        0x200004cc   Data          64  master2.o(.data)
    Master2_PDO_status                       0x2000050c   Data          18  master2.o(.data)
    Master2_Data                             0x20000520   Data         576  master2.o(.data)
    Ready                                    0x20000760   Data           8  master_control_word.o(.data)
    Halt                                     0x20000768   Data           8  master_control_word.o(.data)
    Zero                                     0x20000770   Data           8  master_control_word.o(.data)
    Drink                                    0x20000778   Data           8  master_control_word.o(.data)
    Stretching_exercise                      0x20000780   Data           8  master_control_word.o(.data)
    timers                                   0x20000788   Data         192  timer.o(.bss)
    __libspace_start                         0x20000848   Data          96  libspace.o(.bss)
    __temporary_stack_top$libspace           0x200008a8   Data           0  libspace.o(.bss)



==============================================================================

Memory Map of the image

  Image Entry point : 0x08000189

  Load Region LR_IROM1 (Base: 0x08000000, Size: 0x0000df80, Max: 0x00100000, ABSOLUTE, COMPRESSED[0x0000d9fc])

    Execution Region ER_IROM1 (Base: 0x08000000, Size: 0x0000d7f8, Max: 0x00100000, ABSOLUTE)

    Base Addr    Size         Type   Attr      Idx    E Section Name        Object

    0x08000000   0x00000188   Data   RO          458    RESET               startup_stm32f40_41xxx.o
    0x08000188   0x00000008   Code   RO         1215  * !!!main             c_w.l(__main.o)
    0x08000190   0x00000034   Code   RO         1389    !!!scatter          c_w.l(__scatter.o)
    0x080001c4   0x0000005a   Code   RO         1387    !!dczerorl2         c_w.l(__dczerorl2.o)
    0x0800021e   0x00000002   PAD
    0x08000220   0x0000001c   Code   RO         1391    !!handler_zi        c_w.l(__scatter_zi.o)
    0x0800023c   0x00000000   Code   RO         1206    .ARM.Collect$$_printf_percent$$00000000  c_w.l(_printf_percent.o)
    0x0800023c   0x00000006   Code   RO         1205    .ARM.Collect$$_printf_percent$$00000009  c_w.l(_printf_d.o)
    0x08000242   0x00000006   Code   RO         1204    .ARM.Collect$$_printf_percent$$0000000C  c_w.l(_printf_x.o)
    0x08000248   0x00000006   Code   RO         1203    .ARM.Collect$$_printf_percent$$00000014  c_w.l(_printf_s.o)
    0x0800024e   0x00000004   Code   RO         1226    .ARM.Collect$$_printf_percent$$00000017  c_w.l(_printf_percent_end.o)
    0x08000252   0x00000002   Code   RO         1261    .ARM.Collect$$libinit$$00000000  c_w.l(libinit.o)
    0x08000254   0x00000004   Code   RO         1267    .ARM.Collect$$libinit$$00000001  c_w.l(libinit2.o)
    0x08000258   0x00000000   Code   RO         1270    .ARM.Collect$$libinit$$00000004  c_w.l(libinit2.o)
    0x08000258   0x00000000   Code   RO         1273    .ARM.Collect$$libinit$$0000000A  c_w.l(libinit2.o)
    0x08000258   0x00000000   Code   RO         1275    .ARM.Collect$$libinit$$0000000C  c_w.l(libinit2.o)
    0x08000258   0x00000000   Code   RO         1277    .ARM.Collect$$libinit$$0000000E  c_w.l(libinit2.o)
    0x08000258   0x00000000   Code   RO         1280    .ARM.Collect$$libinit$$00000011  c_w.l(libinit2.o)
    0x08000258   0x00000000   Code   RO         1282    .ARM.Collect$$libinit$$00000013  c_w.l(libinit2.o)
    0x08000258   0x00000000   Code   RO         1284    .ARM.Collect$$libinit$$00000015  c_w.l(libinit2.o)
    0x08000258   0x00000000   Code   RO         1286    .ARM.Collect$$libinit$$00000017  c_w.l(libinit2.o)
    0x08000258   0x00000000   Code   RO         1288    .ARM.Collect$$libinit$$00000019  c_w.l(libinit2.o)
    0x08000258   0x00000000   Code   RO         1290    .ARM.Collect$$libinit$$0000001B  c_w.l(libinit2.o)
    0x08000258   0x00000000   Code   RO         1292    .ARM.Collect$$libinit$$0000001D  c_w.l(libinit2.o)
    0x08000258   0x00000000   Code   RO         1294    .ARM.Collect$$libinit$$0000001F  c_w.l(libinit2.o)
    0x08000258   0x00000000   Code   RO         1296    .ARM.Collect$$libinit$$00000021  c_w.l(libinit2.o)
    0x08000258   0x00000000   Code   RO         1298    .ARM.Collect$$libinit$$00000023  c_w.l(libinit2.o)
    0x08000258   0x00000000   Code   RO         1300    .ARM.Collect$$libinit$$00000025  c_w.l(libinit2.o)
    0x08000258   0x00000000   Code   RO         1304    .ARM.Collect$$libinit$$0000002C  c_w.l(libinit2.o)
    0x08000258   0x00000000   Code   RO         1306    .ARM.Collect$$libinit$$0000002E  c_w.l(libinit2.o)
    0x08000258   0x00000000   Code   RO         1308    .ARM.Collect$$libinit$$00000030  c_w.l(libinit2.o)
    0x08000258   0x00000000   Code   RO         1310    .ARM.Collect$$libinit$$00000032  c_w.l(libinit2.o)
    0x08000258   0x00000002   Code   RO         1311    .ARM.Collect$$libinit$$00000033  c_w.l(libinit2.o)
    0x0800025a   0x00000002   Code   RO         1329    .ARM.Collect$$libshutdown$$00000000  c_w.l(libshutdown.o)
    0x0800025c   0x00000000   Code   RO         1339    .ARM.Collect$$libshutdown$$00000002  c_w.l(libshutdown2.o)
    0x0800025c   0x00000000   Code   RO         1341    .ARM.Collect$$libshutdown$$00000004  c_w.l(libshutdown2.o)
    0x0800025c   0x00000000   Code   RO         1344    .ARM.Collect$$libshutdown$$00000007  c_w.l(libshutdown2.o)
    0x0800025c   0x00000000   Code   RO         1347    .ARM.Collect$$libshutdown$$0000000A  c_w.l(libshutdown2.o)
    0x0800025c   0x00000000   Code   RO         1349    .ARM.Collect$$libshutdown$$0000000C  c_w.l(libshutdown2.o)
    0x0800025c   0x00000000   Code   RO         1352    .ARM.Collect$$libshutdown$$0000000F  c_w.l(libshutdown2.o)
    0x0800025c   0x00000002   Code   RO         1353    .ARM.Collect$$libshutdown$$00000010  c_w.l(libshutdown2.o)
    0x0800025e   0x00000000   Code   RO         1219    .ARM.Collect$$rtentry$$00000000  c_w.l(__rtentry.o)
    0x0800025e   0x00000000   Code   RO         1230    .ARM.Collect$$rtentry$$00000002  c_w.l(__rtentry2.o)
    0x0800025e   0x00000006   Code   RO         1242    .ARM.Collect$$rtentry$$00000004  c_w.l(__rtentry4.o)
    0x08000264   0x00000000   Code   RO         1232    .ARM.Collect$$rtentry$$00000009  c_w.l(__rtentry2.o)
    0x08000264   0x00000004   Code   RO         1233    .ARM.Collect$$rtentry$$0000000A  c_w.l(__rtentry2.o)
    0x08000268   0x00000000   Code   RO         1235    .ARM.Collect$$rtentry$$0000000C  c_w.l(__rtentry2.o)
    0x08000268   0x00000008   Code   RO         1236    .ARM.Collect$$rtentry$$0000000D  c_w.l(__rtentry2.o)
    0x08000270   0x00000002   Code   RO         1265    .ARM.Collect$$rtexit$$00000000  c_w.l(rtexit.o)
    0x08000272   0x00000000   Code   RO         1313    .ARM.Collect$$rtexit$$00000002  c_w.l(rtexit2.o)
    0x08000272   0x00000004   Code   RO         1314    .ARM.Collect$$rtexit$$00000003  c_w.l(rtexit2.o)
    0x08000276   0x00000006   Code   RO         1315    .ARM.Collect$$rtexit$$00000004  c_w.l(rtexit2.o)
    0x0800027c   0x0000000c   Code   RO            3    .text               main.o
    0x08000288   0x0000001a   Code   RO          246    .text               stm32f4xx_it.o
    0x080002a2   0x00000002   PAD
    0x080002a4   0x00000210   Code   RO          295    .text               system_stm32f4xx.o
    0x080004b4   0x00000118   Code   RO          321    .text               init.o
    0x080005cc   0x00000064   Code   RO          345    .text               led.o
    0x08000630   0x0000011c   Code   RO          365    .text               key.o
    0x0800074c   0x00000104   Code   RO          386    .text               delay.o
    0x08000850   0x000000e4   Code   RO          408    .text               usart.o
    0x08000934   0x00000040   Code   RO          459    .text               startup_stm32f40_41xxx.o
    0x08000974   0x000000e0   Code   RO          465    .text               misc.o
    0x08000a54   0x00000294   Code   RO          485    .text               stm32f4xx_gpio.o
    0x08000ce8   0x0000065c   Code   RO          528    .text               stm32f4xx_rcc.o
    0x08001344   0x00000454   Code   RO          570    .text               stm32f4xx_usart.o
    0x08001798   0x000009f0   Code   RO          590    .text               stm32f4xx_can.o
    0x08002188   0x00000ca2   Code   RO          650    .text               stm32f4xx_tim.o
    0x08002e2a   0x00000002   PAD
    0x08002e2c   0x000003ec   Code   RO          716    .text               emcy.o
    0x08003218   0x000005c8   Code   RO          736    .text               lifegrd.o
    0x080037e0   0x00000138   Code   RO          773    .text               nmtmaster.o
    0x08003918   0x000001a4   Code   RO          793    .text               nmtslave.o
    0x08003abc   0x00000588   Code   RO          813    .text               objacces.o
    0x08004044   0x00001204   Code   RO          833    .text               pdo.o
    0x08005248   0x00006480   Code   RO          854    .text               sdo.o
    0x0800b6c8   0x00000688   Code   RO          885    .text               states.o
    0x0800bd50   0x000001b4   Code   RO          906    .text               sync.o
    0x0800bf04   0x000001f0   Code   RO          926    .text               timer.o
    0x0800c0f4   0x0000007c   Code   RO          983    .text               master.o
    0x0800c170   0x00000104   Code   RO         1010    .text               timer2.o
    0x0800c274   0x000005c8   Code   RO         1033    .text               dual_can.o
    0x0800c83c   0x0000007c   Code   RO         1083    .text               master2.o
    0x0800c8b8   0x00000184   Code   RO         1130    .text               key_drive_task.o
    0x0800ca3c   0x00000002   Code   RO         1150    .text               c_w.l(use_no_semi_2.o)
    0x0800ca3e   0x00000002   PAD
    0x0800ca40   0x00000018   Code   RO         1154    .text               c_w.l(noretval__2printf.o)
    0x0800ca58   0x00000068   Code   RO         1156    .text               c_w.l(__printf.o)
    0x0800cac0   0x00000052   Code   RO         1158    .text               c_w.l(_printf_str.o)
    0x0800cb12   0x00000002   PAD
    0x0800cb14   0x00000078   Code   RO         1160    .text               c_w.l(_printf_dec.o)
    0x0800cb8c   0x00000058   Code   RO         1165    .text               c_w.l(_printf_hex_int.o)
    0x0800cbe4   0x00000058   Code   RO         1207    .text               c_w.l(memcmp.o)
    0x0800cc3c   0x0000008a   Code   RO         1209    .text               c_w.l(rt_memcpy_v6.o)
    0x0800ccc6   0x0000004e   Code   RO         1211    .text               c_w.l(rt_memclr_w.o)
    0x0800cd14   0x00000006   Code   RO         1213    .text               c_w.l(heapauxi.o)
    0x0800cd1a   0x00000002   Code   RO         1217    .text               c_w.l(use_no_semi.o)
    0x0800cd1c   0x000000b2   Code   RO         1220    .text               c_w.l(_printf_intcommon.o)
    0x0800cdce   0x0000002c   Code   RO         1222    .text               c_w.l(_printf_char.o)
    0x0800cdfa   0x00000002   PAD
    0x0800cdfc   0x00000024   Code   RO         1224    .text               c_w.l(_printf_char_file.o)
    0x0800ce20   0x00000064   Code   RO         1227    .text               c_w.l(rt_memcpy_w.o)
    0x0800ce84   0x00000030   Code   RO         1244    .text               c_w.l(_printf_char_common.o)
    0x0800ceb4   0x00000008   Code   RO         1246    .text               c_w.l(ferror.o)
    0x0800cebc   0x0000004a   Code   RO         1250    .text               c_w.l(sys_stackheap_outer.o)
    0x0800cf06   0x00000012   Code   RO         1254    .text               c_w.l(exit.o)
    0x0800cf18   0x00000008   Code   RO         1262    .text               c_w.l(libspace.o)
    0x0800cf20   0x0000000a   Code   RO         1321    x$fpl$fpinit        fz_wm.l(fpinit.o)
    0x0800cf2a   0x00000002   PAD
    0x0800cf2c   0x00000040   Data   RO          886    .constdata          states.o
    0x0800cf6c   0x00000046   Data   RO          984    .constdata          master.o
    0x0800cfb2   0x00000002   PAD
    0x0800cfb4   0x00000046   Data   RO         1084    .constdata          master2.o
    0x0800cffa   0x00000028   Data   RO         1166    .constdata          c_w.l(_printf_hex_int.o)
    0x0800d022   0x00000002   PAD
    0x0800d024   0x00000044   Data   RO          834    .conststring        pdo.o
    0x0800d068   0x0000076e   Data   RO          855    .conststring        sdo.o
    0x0800d7d6   0x00000002   PAD
    0x0800d7d8   0x00000020   Data   RO         1385    Region$$Table       anon$$obj.o


    Execution Region RW_IRAM1 (Base: 0x20000000, Size: 0x00000ea8, Max: 0x00020000, ABSOLUTE, COMPRESSED[0x00000204])

    Base Addr    Size         Type   Attr      Idx    E Section Name        Object

    0x20000000   0x00000003   Data   RW            4    .data               main.o
    0x20000003   0x00000001   PAD
    0x20000004   0x00000014   Data   RW          296    .data               system_stm32f4xx.o
    0x20000018   0x00000001   Data   RW          366    .data               key.o
    0x20000019   0x00000001   PAD
    0x2000001a   0x00000004   Data   RW          387    .data               delay.o
    0x2000001e   0x00000002   PAD
    0x20000020   0x00000004   Data   RW          409    .data               usart.o
    0x20000024   0x00000010   Data   RW          529    .data               stm32f4xx_rcc.o
    0x20000034   0x0000000c   Data   RW          928    .data               timer.o
    0x20000040   0x00000388   Data   RW          985    .data               master.o
    0x200003c8   0x00000008   Data   RW         1011    .data               timer2.o
    0x200003d0   0x00000008   Data   RW         1034    .data               dual_can.o
    0x200003d8   0x00000388   Data   RW         1085    .data               master2.o
    0x20000760   0x00000028   Data   RW         1110    .data               master_control_word.o
    0x20000788   0x000000c0   Zero   RW          927    .bss                timer.o
    0x20000848   0x00000060   Zero   RW         1263    .bss                c_w.l(libspace.o)
    0x200008a8   0x00000200   Zero   RW          457    HEAP                startup_stm32f40_41xxx.o
    0x20000aa8   0x00000400   Zero   RW          456    STACK               startup_stm32f40_41xxx.o


==============================================================================

Image component sizes


      Code (inc. data)   RO Data    RW Data    ZI Data      Debug   Object Name

       260          8          0          4          0       1513   delay.o
      1480         50          0          8          0       4236   dual_can.o
      1004        192          0          0          0       3827   emcy.o
       280         20          0          0          0        810   init.o
       284         22          0          1          0        904   key.o
       388         54          0          0          0        650   key_drive_task.o
       100         18          0          0          0        555   led.o
      1480        292          0          0          0       5467   lifegrd.o
        12          0          0          3          0     302832   main.o
       124         14         70        904          0       4068   master.o
       124         14         70        904          0       4150   master2.o
         0          0          0         40          0        748   master_control_word.o
       224         20          0          0          0       1849   misc.o
       312        112          0          0          0       1437   nmtmaster.o
       420        102          0          0          0       1132   nmtslave.o
      1416        456          0          0          0       3612   objacces.o
      4612        964         68          0          0       8931   pdo.o
     25728       4664       1902          0          0      23419   sdo.o
        64         26        392          0       1536        844   startup_stm32f40_41xxx.o
      1672        260         64          0          0       4335   states.o
      2544         38          0          0          0       8180   stm32f4xx_can.o
       660         44          0          0          0       4225   stm32f4xx_gpio.o
        26          0          0          0          0       1238   stm32f4xx_it.o
      1628         52          0         16          0      13080   stm32f4xx_rcc.o
      3234         60          0          0          0      23048   stm32f4xx_tim.o
      1108         34          0          0          0       7916   stm32f4xx_usart.o
       436         92          0          0          0       2330   sync.o
       528         46          0         20          0       1827   system_stm32f4xx.o
       496         80          0         12        192      13262   timer.o
       260         10          0          8          0       1480   timer2.o
       228          8          0          4          0       3194   usart.o

    ----------------------------------------------------------------------
     51136       7752       2602       1928       1728     455099   Object Totals
         0          0         32          0          0          0   (incl. Generated)
         4          0          4          4          0          0   (incl. Padding)

    ----------------------------------------------------------------------

      Code (inc. data)   RO Data    RW Data    ZI Data      Debug   Library Member Name

        90          0          0          0          0          0   __dczerorl2.o
         8          0          0          0          0         68   __main.o
       104          0          0          0          0         84   __printf.o
         0          0          0          0          0          0   __rtentry.o
        12          0          0          0          0          0   __rtentry2.o
         6          0          0          0          0          0   __rtentry4.o
        52          8          0          0          0          0   __scatter.o
        28          0          0          0          0          0   __scatter_zi.o
        44          0          0          0          0        108   _printf_char.o
        48          6          0          0          0         96   _printf_char_common.o
        36          4          0          0          0         80   _printf_char_file.o
         6          0          0          0          0          0   _printf_d.o
       120         16          0          0          0         92   _printf_dec.o
        88          4         40          0          0         88   _printf_hex_int.o
       178          0          0          0          0         88   _printf_intcommon.o
         0          0          0          0          0          0   _printf_percent.o
         4          0          0          0          0          0   _printf_percent_end.o
         6          0          0          0          0          0   _printf_s.o
        82          0          0          0          0         80   _printf_str.o
         6          0          0          0          0          0   _printf_x.o
        18          0          0          0          0         80   exit.o
         8          0          0          0          0         68   ferror.o
         6          0          0          0          0        152   heapauxi.o
         2          0          0          0          0          0   libinit.o
         6          0          0          0          0          0   libinit2.o
         2          0          0          0          0          0   libshutdown.o
         2          0          0          0          0          0   libshutdown2.o
         8          4          0          0         96         68   libspace.o
        88          0          0          0          0         76   memcmp.o
        24          4          0          0          0         84   noretval__2printf.o
        78          0          0          0          0         80   rt_memclr_w.o
       138          0          0          0          0         68   rt_memcpy_v6.o
       100          0          0          0          0         80   rt_memcpy_w.o
         2          0          0          0          0          0   rtexit.o
        10          0          0          0          0          0   rtexit2.o
        74          0          0          0          0         80   sys_stackheap_outer.o
         2          0          0          0          0         68   use_no_semi.o
         2          0          0          0          0         68   use_no_semi_2.o
        10          0          0          0          0        116   fpinit.o

    ----------------------------------------------------------------------
      1508         46         42          0         96       1872   Library Totals
        10          0          2          0          0          0   (incl. Padding)

    ----------------------------------------------------------------------

      Code (inc. data)   RO Data    RW Data    ZI Data      Debug   Library Name

      1488         46         40          0         96       1756   c_w.l
        10          0          0          0          0        116   fz_wm.l

    ----------------------------------------------------------------------
      1508         46         42          0         96       1872   Library Totals

    ----------------------------------------------------------------------

==============================================================================


      Code (inc. data)   RO Data    RW Data    ZI Data      Debug   

     52644       7798       2644       1928       1824     450287   Grand Totals
     52644       7798       2644        516       1824     450287   ELF Image Totals (compressed)
     52644       7798       2644        516          0          0   ROM Totals

==============================================================================

    Total RO  Size (Code + RO Data)                55288 (  53.99kB)
    Total RW  Size (RW Data + ZI Data)              3752 (   3.66kB)
    Total ROM Size (Code + RO Data + RW Data)      55804 (  54.50kB)

==============================================================================

