Component: ARM Compiler 5.06 update 7 (build 960) Tool: armlink [4d3601]

==============================================================================

Section Cross References

    main.o(.text) refers to misc.o(.text) for NVIC_PriorityGroupConfig
    main.o(.text) refers to delay.o(.text) for delay_init
    main.o(.text) refers to timer3.o(.text) for TIM3_Init
    main.o(.text) refers to usart.o(.text) for USART1_Init
    main.o(.text) refers to can1.o(.text) for CAN1_Init
    main.o(.text) refers to states.o(.text) for setNodeId
    main.o(.text) refers to sdo.o(.text) for sendSDO
    main.o(.text) refers to master.o(.data) for Master_Data
    system_stm32f4xx.o(.text) refers to system_stm32f4xx.o(.data) for SystemCoreClock
    delay.o(.text) refers to misc.o(.text) for SysTick_CLKSourceConfig
    delay.o(.text) refers to delay.o(.data) for fac_us
    usart.o(.rev16_text) refers (Special) to use_no_semi_2.o(.text) for __use_no_semihosting
    usart.o(.revsh_text) refers (Special) to use_no_semi_2.o(.text) for __use_no_semihosting
    usart.o(.text) refers (Special) to use_no_semi_2.o(.text) for __use_no_semihosting
    usart.o(.text) refers to stm32f4xx_rcc.o(.text) for RCC_AHB1PeriphClockCmd
    usart.o(.text) refers to stm32f4xx_gpio.o(.text) for GPIO_PinAFConfig
    usart.o(.text) refers to stm32f4xx_usart.o(.text) for USART_Init
    usart.o(.text) refers to misc.o(.text) for NVIC_Init
    usart.o(.data) refers (Special) to use_no_semi_2.o(.text) for __use_no_semihosting
    startup_stm32f40_41xxx.o(STACK) refers (Special) to heapauxi.o(.text) for __use_two_region_memory
    startup_stm32f40_41xxx.o(HEAP) refers (Special) to heapauxi.o(.text) for __use_two_region_memory
    startup_stm32f40_41xxx.o(RESET) refers (Special) to heapauxi.o(.text) for __use_two_region_memory
    startup_stm32f40_41xxx.o(RESET) refers to startup_stm32f40_41xxx.o(STACK) for __initial_sp
    startup_stm32f40_41xxx.o(RESET) refers to startup_stm32f40_41xxx.o(.text) for Reset_Handler
    startup_stm32f40_41xxx.o(RESET) refers to stm32f4xx_it.o(.text) for NMI_Handler
    startup_stm32f40_41xxx.o(RESET) refers to can1.o(.text) for CAN1_RX0_IRQHandler
    startup_stm32f40_41xxx.o(RESET) refers to timer3.o(.text) for TIM3_IRQHandler
    startup_stm32f40_41xxx.o(RESET) refers to usart.o(.text) for USART1_IRQHandler
    startup_stm32f40_41xxx.o(.text) refers (Special) to heapauxi.o(.text) for __use_two_region_memory
    startup_stm32f40_41xxx.o(.text) refers to system_stm32f4xx.o(.text) for SystemInit
    startup_stm32f40_41xxx.o(.text) refers to __main.o(!!!main) for __main
    startup_stm32f40_41xxx.o(.text) refers to startup_stm32f40_41xxx.o(HEAP) for Heap_Mem
    startup_stm32f40_41xxx.o(.text) refers to startup_stm32f40_41xxx.o(STACK) for Stack_Mem
    stm32f4xx_gpio.o(.text) refers to stm32f4xx_rcc.o(.text) for RCC_AHB1PeriphResetCmd
    stm32f4xx_fsmc.o(.text) refers to stm32f4xx_fsmc.o(.constdata) for FSMC_DefaultTimingStruct
    stm32f4xx_rcc.o(.text) refers to stm32f4xx_rcc.o(.data) for APBAHBPrescTable
    stm32f4xx_syscfg.o(.text) refers to stm32f4xx_rcc.o(.text) for RCC_APB2PeriphResetCmd
    stm32f4xx_usart.o(.text) refers to stm32f4xx_rcc.o(.text) for RCC_APB2PeriphResetCmd
    stm32f4xx_can.o(.text) refers to stm32f4xx_rcc.o(.text) for RCC_APB1PeriphResetCmd
    stm32f4xx_spi.o(.text) refers to stm32f4xx_rcc.o(.text) for RCC_APB2PeriphResetCmd
    stm32f4xx_sdio.o(.text) refers to stm32f4xx_rcc.o(.text) for RCC_APB2PeriphResetCmd
    stm32f4xx_tim.o(.text) refers to stm32f4xx_rcc.o(.text) for RCC_APB2PeriphResetCmd
    dcf.o(.text) refers to nmtmaster.o(.text) for masterSendNMTstateChange
    dcf.o(.text) refers to sdo.o(.text) for writeNetworkDictCallBackAI
    emcy.o(.text) refers to objacces.o(.text) for RegisterSetODentryCallBack
    emcy.o(.text) refers to can1.o(.text) for canSend
    lifegrd.o(.text) refers to can1.o(.text) for canSend
    lifegrd.o(.text) refers to timer.o(.text) for DelAlarm
    lifegrd.o(.text) refers to nmtmaster.o(.text) for masterSendNMTnodeguard
    lifegrd.o(.text) refers to objacces.o(.text) for RegisterSetODentryCallBack
    nmtmaster.o(.text) refers to can1.o(.text) for canSend
    nmtslave.o(.text) refers to states.o(.text) for setState
    nmtslave.o(.text) refers to can1.o(.text) for canSend
    objacces.o(.text) refers to rt_memcpy_v6.o(.text) for __aeabi_memcpy
    pdo.o(.text) refers to objacces.o(.text) for _getODentry
    pdo.o(.text) refers to can1.o(.text) for canSend
    pdo.o(.text) refers to memcmp.o(.text) for memcmp
    pdo.o(.text) refers to timer.o(.text) for DelAlarm
    sdo.o(.text) refers to timer.o(.text) for SetAlarm
    sdo.o(.text) refers to can1.o(.text) for canSend
    sdo.o(.text) refers to objacces.o(.text) for _setODentry
    states.o(.text) refers to sync.o(.text) for proceedSYNC
    states.o(.text) refers to emcy.o(.text) for proceedEMCY
    states.o(.text) refers to pdo.o(.text) for proceedPDO
[...]
    ..\\FWLIB\\src\\misc.c                   0x00000000   Number         0  misc.o ABSOLUTE
    ..\\FWLIB\\src\\stm32f4xx_can.c          0x00000000   Number         0  stm32f4xx_can.o ABSOLUTE
    ..\\FWLIB\\src\\stm32f4xx_dma.c          0x00000000   Number         0  stm32f4xx_dma.o ABSOLUTE
    ..\\FWLIB\\src\\stm32f4xx_fsmc.c         0x00000000   Number         0  stm32f4xx_fsmc.o ABSOLUTE
    ..\\FWLIB\\src\\stm32f4xx_gpio.c         0x00000000   Number         0  stm32f4xx_gpio.o ABSOLUTE
    ..\\FWLIB\\src\\stm32f4xx_rcc.c          0x00000000   Number         0  stm32f4xx_rcc.o ABSOLUTE
    ..\\FWLIB\\src\\stm32f4xx_sdio.c         0x00000000   Number         0  stm32f4xx_sdio.o ABSOLUTE
    ..\\FWLIB\\src\\stm32f4xx_spi.c          0x00000000   Number         0  stm32f4xx_spi.o ABSOLUTE
    ..\\FWLIB\\src\\stm32f4xx_syscfg.c       0x00000000   Number         0  stm32f4xx_syscfg.o ABSOLUTE
    ..\\FWLIB\\src\\stm32f4xx_tim.c          0x00000000   Number         0  stm32f4xx_tim.o ABSOLUTE
    ..\\FWLIB\\src\\stm32f4xx_usart.c        0x00000000   Number         0  stm32f4xx_usart.o ABSOLUTE
    ..\\SYSTEM\\delay\\delay.c               0x00000000   Number         0  delay.o ABSOLUTE
    ..\\SYSTEM\\sys\\sys.c                   0x00000000   Number         0  sys.o ABSOLUTE
    ..\\SYSTEM\\usart\\usart.c               0x00000000   Number         0  usart.o ABSOLUTE
    dc.s                                     0x00000000   Number         0  dc.o ABSOLUTE
    main.c                                   0x00000000   Number         0  main.o ABSOLUTE
    main.c                                   0x00000000   Number         0  main.o ABSOLUTE
    stm32f4xx_it.c                           0x00000000   Number         0  stm32f4xx_it.o ABSOLUTE
    stm32f4xx_it.c                           0x00000000   Number         0  stm32f4xx_it.o ABSOLUTE
    system_stm32f4xx.c                       0x00000000   Number         0  system_stm32f4xx.o ABSOLUTE
    system_stm32f4xx.c                       0x00000000   Number         0  system_stm32f4xx.o ABSOLUTE
    RESET                                    0x08000000   Section      392  startup_stm32f40_41xxx.o(RESET)
    !!!main                                  0x08000188   Section        8  __main.o(!!!main)
    !!!scatter                               0x08000190   Section       52  __scatter.o(!!!scatter)
    !!dczerorl2                              0x080001c4   Section       90  __dczerorl2.o(!!dczerorl2)
    !!handler_zi                             0x08000220   Section       28  __scatter_zi.o(!!handler_zi)
    .ARM.Collect$$_printf_percent$$00000000  0x0800023c   Section        0  _printf_percent.o(.ARM.Collect$$_printf_percent$$00000000)
    .ARM.Collect$$_printf_percent$$00000009  0x0800023c   Section        6  _printf_d.o(.ARM.Collect$$_printf_percent$$00000009)
    .ARM.Collect$$_printf_percent$$00000017  0x08000242   Section        4  _printf_percent_end.o(.ARM.Collect$$_printf_percent$$00000017)
    .ARM.Collect$$libinit$$00000000          0x08000246   Section        2  libinit.o(.ARM.Collect$$libinit$$00000000)
    .ARM.Collect$$libinit$$00000001          0x08000248   Section        4  libinit2.o(.ARM.Collect$$libinit$$00000001)
    .ARM.Collect$$libinit$$00000004          0x0800024c   Section        0  libinit2.o(.ARM.Collect$$libinit$$00000004)
    .ARM.Collect$$libinit$$0000000A          0x0800024c   Section        0  libinit2.o(.ARM.Collect$$libinit$$0000000A)
    .ARM.Collect$$libinit$$0000000C          0x0800024c   Section        0  libinit2.o(.ARM.Collect$$libinit$$0000000C)
    .ARM.Collect$$libinit$$0000000E          0x0800024c   Section        0  libinit2.o(.ARM.Collect$$libinit$$0000000E)
    .ARM.Collect$$libinit$$00000011          0x0800024c   Section        0  libinit2.o(.ARM.Collect$$libinit$$00000011)
    .ARM.Collect$$libinit$$00000013          0x0800024c   Section        0  libinit2.o(.ARM.Collect$$libinit$$00000013)
    .ARM.Collect$$libinit$$00000015          0x0800024c   Section        0  libinit2.o(.ARM.Collect$$libinit$$00000015)
    .ARM.Collect$$libinit$$00000017          0x0800024c   Section        0  libinit2.o(.ARM.Collect$$libinit$$00000017)
    .ARM.Collect$$libinit$$00000019          0x0800024c   Section        0  libinit2.o(.ARM.Collect$$libinit$$00000019)
    .ARM.Collect$$libinit$$0000001B          0x0800024c   Section        0  libinit2.o(.ARM.Collect$$libinit$$0000001B)
    .ARM.Collect$$libinit$$0000001D          0x0800024c   Section        0  libinit2.o(.ARM.Collect$$libinit$$0000001D)
    .ARM.Collect$$libinit$$0000001F          0x0800024c   Section        0  libinit2.o(.ARM.Collect$$libinit$$0000001F)
    .ARM.Collect$$libinit$$00000021          0x0800024c   Section        0  libinit2.o(.ARM.Collect$$libinit$$00000021)
    .ARM.Collect$$libinit$$00000023          0x0800024c   Section        0  libinit2.o(.ARM.Collect$$libinit$$00000023)
    .ARM.Collect$$libinit$$00000025          0x0800024c   Section        0  libinit2.o(.ARM.Collect$$libinit$$00000025)
    .ARM.Collect$$libinit$$0000002C          0x0800024c   Section        0  libinit2.o(.ARM.Collect$$libinit$$0000002C)
    .ARM.Collect$$libinit$$0000002E          0x0800024c   Section        0  libinit2.o(.ARM.Collect$$libinit$$0000002E)
    .ARM.Collect$$libinit$$00000030          0x0800024c   Section        0  libinit2.o(.ARM.Collect$$libinit$$00000030)
    .ARM.Collect$$libinit$$00000032          0x0800024c   Section        0  libinit2.o(.ARM.Collect$$libinit$$00000032)
    .ARM.Collect$$libinit$$00000033          0x0800024c   Section        2  libinit2.o(.ARM.Collect$$libinit$$00000033)
    .ARM.Collect$$libshutdown$$00000000      0x0800024e   Section        2  libshutdown.o(.ARM.Collect$$libshutdown$$00000000)
    .ARM.Collect$$libshutdown$$00000002      0x08000250   Section        0  libshutdown2.o(.ARM.Collect$$libshutdown$$00000002)
    .ARM.Collect$$libshutdown$$00000004      0x08000250   Section        0  libshutdown2.o(.ARM.Collect$$libshutdown$$00000004)
    .ARM.Collect$$libshutdown$$00000006      0x08000250   Section        0  libshutdown2.o(.ARM.Collect$$libshutdown$$00000006)
    .ARM.Collect$$libshutdown$$00000009      0x08000250   Section        0  libshutdown2.o(.ARM.Collect$$libshutdown$$00000009)
    .ARM.Collect$$libshutdown$$0000000C      0x08000250   Section        0  libshutdown2.o(.ARM.Collect$$libshutdown$$0000000C)
    .ARM.Collect$$libshutdown$$0000000E      0x08000250   Section        0  libshutdown2.o(.ARM.Collect$$libshutdown$$0000000E)
    .ARM.Collect$$libshutdown$$00000011      0x08000250   Section        0  libshutdown2.o(.ARM.Collect$$libshutdown$$00000011)
    .ARM.Collect$$libshutdown$$00000012      0x08000250   Section        2  libshutdown2.o(.ARM.Collect$$libshutdown$$00000012)
    .ARM.Collect$$rtentry$$00000000          0x08000252   Section        0  __rtentry.o(.ARM.Collect$$rtentry$$00000000)
    .ARM.Collect$$rtentry$$00000002          0x08000252   Section        0  __rtentry2.o(.ARM.Collect$$rtentry$$00000002)
    .ARM.Collect$$rtentry$$00000004          0x08000252   Section        6  __rtentry4.o(.ARM.Collect$$rtentry$$00000004)
    .ARM.Collect$$rtentry$$00000009          0x08000258   Section        0  __rtentry2.o(.ARM.Collect$$rtentry$$00000009)
    .ARM.Collect$$rtentry$$0000000A          0x08000258   Section        4  __rtentry2.o(.ARM.Collect$$rtentry$$0000000A)
    .ARM.Collect$$rtentry$$0000000C          0x0800025c   Section        0  __rtentry2.o(.ARM.Collect$$rtentry$$0000000C)
    .ARM.Collect$$rtentry$$0000000D          0x0800025c   Section        8  __rtentry2.o(.ARM.Collect$$rtentry$$0000000D)
    .ARM.Collect$$rtexit$$00000000           0x08000264   Section        2  rtexit.o(.ARM.Collect$$rtexit$$00000000)
    .ARM.Collect$$rtexit$$00000002           0x08000266   Section        0  rtexit2.o(.ARM.Collect$$rtexit$$00000002)
    .ARM.Collect$$rtexit$$00000003           0x08000266   Section        4  rtexit2.o(.ARM.Collect$$rtexit$$00000003)
    .ARM.Collect$$rtexit$$00000004           0x0800026a   Section        6  rtexit2.o(.ARM.Collect$$rtexit$$00000004)
    .text                                    0x08000270   Section        0  main.o(.text)
    .text                                    0x080002e0   Section        0  stm32f4xx_it.o(.text)
    .text                                    0x080002fc   Section        0  system_stm32f4xx.o(.text)
    SetSysClock                              0x080002fd   Thumb Code   220  system_stm32f4xx.o(.text)
    .text                                    0x0800050c   Section        0  delay.o(.text)
    .text                                    0x08000610   Section        0  usart.o(.text)
    .text                                    0x080006f4   Section       64  startup_stm32f40_41xxx.o(.text)
    $v0                                      0x080006f4   Number         0  startup_stm32f40_41xxx.o(.text)
    .text                                    0x08000734   Section        0  misc.o(.text)
    .text                                    0x08000814   Section        0  stm32f4xx_gpio.o(.text)
    .text                                    0x08000aa8   Section        0  stm32f4xx_rcc.o(.text)
    .text                                    0x08001104   Section        0  stm32f4xx_usart.o(.text)
    .text                                    0x08001558   Section        0  stm32f4xx_can.o(.text)
    CheckITStatus                            0x08001d5b   Thumb Code    18  stm32f4xx_can.o(.text)
    .text                                    0x08001f48   Section        0  stm32f4xx_tim.o(.text)
    TI4_Config                               0x080026e7   Thumb Code    80  stm32f4xx_tim.o(.text)
    TI3_Config                               0x08002749   Thumb Code    72  stm32f4xx_tim.o(.text)
    TI2_Config                               0x080027ab   Thumb Code    90  stm32f4xx_tim.o(.text)
    TI1_Config                               0x08002817   Thumb Code    58  stm32f4xx_tim.o(.text)
    .text                                    0x08002bec   Section        0  emcy.o(.text)
    .text                                    0x08002e90   Section        0  lifegrd.o(.text)
    .text                                    0x0800327c   Section        0  nmtmaster.o(.text)
    .text                                    0x08003300   Section        0  nmtslave.o(.text)
    .text                                    0x08003410   Section        0  objacces.o(.text)
    .text                                    0x08003670   Section        0  pdo.o(.text)
    sendPdo                                  0x080038ab   Thumb Code    44  pdo.o(.text)
    .text                                    0x080040d4   Section        0  sdo.o(.text)
    .text                                    0x08007d50   Section        0  states.o(.text)
    .text                                    0x080081b0   Section        0  sync.o(.text)
    .text                                    0x080082dc   Section        0  timer.o(.text)
    .text                                    0x08008474   Section        0  can1.o(.text)
    .text                                    0x080086b0   Section        0  timer3.o(.text)
    .text                                    0x080087b0   Section        0  master.o(.text)
    .text                                    0x0800882c   Section        2  use_no_semi_2.o(.text)
    .text                                    0x08008830   Section        0  noretval__2printf.o(.text)
    .text                                    0x08008848   Section        0  __printf.o(.text)
    .text                                    0x080088b0   Section        0  _printf_dec.o(.text)
    .text                                    0x08008928   Section        0  memcmp.o(.text)
    .text                                    0x08008980   Section      138  rt_memcpy_v6.o(.text)
    .text                                    0x08008a0a   Section       78  rt_memclr_w.o(.text)
    .text                                    0x08008a58   Section        0  heapauxi.o(.text)
    .text                                    0x08008a5e   Section        2  use_no_semi.o(.text)
    .text                                    0x08008a60   Section        0  _printf_intcommon.o(.text)
    .text                                    0x08008b14   Section        0  _printf_char_file.o(.text)
    .text                                    0x08008b38   Section      100  rt_memcpy_w.o(.text)
    .text                                    0x08008b9c   Section        0  _printf_char_common.o(.text)
    _printf_input_char                       0x08008b9d   Thumb Code    10  _printf_char_common.o(.text)
    .text                                    0x08008bcc   Section        0  ferror.o(.text)
    .text                                    0x08008bd4   Section       74  sys_stackheap_outer.o(.text)
    .text                                    0x08008c1e   Section        0  exit.o(.text)
    .text                                    0x08008c30   Section        8  libspace.o(.text)
    x$fpl$fpinit                             0x08008c38   Section       10  fpinit.o(x$fpl$fpinit)
    $v0                                      0x08008c38   Number         0  fpinit.o(x$fpl$fpinit)
    .constdata                               0x08008c44   Section       64  states.o(.constdata)
    .constdata                               0x08008c84   Section       70  master.o(.constdata)
    .data                                    0x20000000   Section       20  system_stm32f4xx.o(.data)
    .data                                    0x20000014   Section        4  delay.o(.data)
    fac_us                                   0x20000014   Data           1  delay.o(.data)
    fac_ms                                   0x20000016   Data           2  delay.o(.data)
    .data                                    0x20000018   Section        4  usart.o(.data)
    .data                                    0x2000001c   Section       16  stm32f4xx_rcc.o(.data)
    APBAHBPrescTable                         0x2000001c   Data          16  stm32f4xx_rcc.o(.data)
    .data                                    0x2000002c   Section       12  timer.o(.data)
    .data                                    0x20000038   Section        4  can1.o(.data)
    co_data                                  0x20000038   Data           4  can1.o(.data)
    .data                                    0x2000003c   Section        8  timer3.o(.data)
    .data                                    0x20000044   Section      904  master.o(.data)
    .bss                                     0x200003cc   Section      192  timer.o(.bss)
    .bss                                     0x2000048c   Section       96  libspace.o(.bss)
    HEAP                                     0x200004f0   Section      512  startup_stm32f40_41xxx.o(HEAP)
    Heap_Mem                                 0x200004f0   Data         512  startup_stm32f40_41xxx.o(HEAP)
    STACK                                    0x200006f0   Section     1024  startup_stm32f40_41xxx.o(STACK)
    Stack_Mem                                0x200006f0   Data        1024  startup_stm32f40_41xxx.o(STACK)
    __initial_sp                             0x20000af0   Data           0  startup_stm32f40_41xxx.o(STACK)

    Global Symbols

    Symbol Name                              Value     Ov Type        Size  Object(Section)

    BuildAttributes$$THM_ISAv4$E$P$D$K$B$S$7EM$VFPi3$EXTD16$VFPS$VFMA$PE$A:L22UL41UL21$X:L11$S22US41US21$IEEE1$IW$USESV6$~STKCKD$USESV7$~SHL$OSPACE$ROPI$EBA8$UX$STANDARDLIB$REQ8$PRES8$EABIv2 0x00000000   Number         0  anon$$obj.o ABSOLUTE
    __ARM_use_no_argv                        0x00000000   Number         0  main.o ABSOLUTE
    __ARM_exceptions_init                     - Undefined Weak Reference
    __alloca_initialize                       - Undefined Weak Reference
    __arm_fini_                               - Undefined Weak Reference
    __arm_preinit_                            - Undefined Weak Reference
    __cpp_initialize__aeabi_                  - Undefined Weak Reference
    __cxa_finalize                            - Undefined Weak Reference
    __rt_locale                               - Undefined Weak Reference
    __sigvec_lookup                           - Undefined Weak Reference
    _atexit_init                              - Undefined Weak Reference
    _call_atexit_fns                          - Undefined Weak Reference
    _clock_init                               - Undefined Weak Reference
    _fp_trap_init                             - Undefined Weak Reference
    _fp_trap_shutdown                         - Undefined Weak Reference
    _get_lc_collate                           - Undefined Weak Reference
    _get_lc_ctype                             - Undefined Weak Reference
    _get_lc_monetary                          - Undefined Weak Reference
    _get_lc_numeric                           - Undefined Weak Reference
    _get_lc_time                              - Undefined Weak Reference
    _getenv_init                              - Undefined Weak Reference
    _handle_redirection                       - Undefined Weak Reference
    _init_alloc                               - Undefined Weak Reference
    _init_user_alloc                          - Undefined Weak Reference
    _initio                                   - Undefined Weak Reference
    _mutex_acquire                            - Undefined Weak Reference
    _mutex_release                            - Undefined Weak Reference
    _printf_post_padding                      - Undefined Weak Reference
    _printf_pre_padding                       - Undefined Weak Reference
    _printf_truncate_signed                   - Undefined Weak Reference
    _printf_truncate_unsigned                 - Undefined Weak Reference
    _rand_init                                - Undefined Weak Reference
    _signal_finish                            - Undefined Weak Reference
    _signal_init                              - Undefined Weak Reference
    _terminate_alloc                          - Undefined Weak Reference
    _terminate_user_alloc                     - Undefined Weak Reference
    _terminateio                              - Undefined Weak Reference
    __Vectors_Size                           0x00000188   Number         0  startup_stm32f40_41xxx.o ABSOLUTE
    __Vectors                                0x08000000   Data           4  startup_stm32f40_41xxx.o(RESET)
    __Vectors_End                            0x08000188   Data           0  startup_stm32f40_41xxx.o(RESET)
    __main                                   0x08000189   Thumb Code     8  __main.o(!!!main)
    __scatterload                            0x08000191   Thumb Code     0  __scatter.o(!!!scatter)
    __scatterload_rt2                        0x08000191   Thumb Code    44  __scatter.o(!!!scatter)
    __scatterload_rt2_thumb_only             0x08000191   Thumb Code     0  __scatter.o(!!!scatter)
    __scatterload_null                       0x0800019f   Thumb Code     0  __scatter.o(!!!scatter)
    __decompress                             0x080001c5   Thumb Code    90  __dczerorl2.o(!!dczerorl2)
    __decompress1                            0x080001c5   Thumb Code     0  __dczerorl2.o(!!dczerorl2)
    __scatterload_zeroinit                   0x08000221   Thumb Code    28  __scatter_zi.o(!!handler_zi)
    _printf_d                                0x0800023d   Thumb Code     0  _printf_d.o(.ARM.Collect$$_printf_percent$$00000009)
    _printf_percent                          0x0800023d   Thumb Code     0  _printf_percent.o(.ARM.Collect$$_printf_percent$$00000000)
    _printf_percent_end                      0x08000243   Thumb Code     0  _printf_percent_end.o(.ARM.Collect$$_printf_percent$$00000017)
    __rt_lib_init                            0x08000247   Thumb Code     0  libinit.o(.ARM.Collect$$libinit$$00000000)
    __rt_lib_init_fp_1                       0x08000249   Thumb Code     0  libinit2.o(.ARM.Collect$$libinit$$00000001)
    __rt_lib_init_alloca_1                   0x0800024d   Thumb Code     0  libinit2.o(.ARM.Collect$$libinit$$0000002E)
    __rt_lib_init_argv_1                     0x0800024d   Thumb Code     0  libinit2.o(.ARM.Collect$$libinit$$0000002C)
    __rt_lib_init_atexit_1                   0x0800024d   Thumb Code     0  libinit2.o(.ARM.Collect$$libinit$$0000001B)
    __rt_lib_init_clock_1                    0x0800024d   Thumb Code     0  libinit2.o(.ARM.Collect$$libinit$$00000021)
    __rt_lib_init_cpp_1                      0x0800024d   Thumb Code     0  libinit2.o(.ARM.Collect$$libinit$$00000032)
    __rt_lib_init_exceptions_1               0x0800024d   Thumb Code     0  libinit2.o(.ARM.Collect$$libinit$$00000030)
    __rt_lib_init_fp_trap_1                  0x0800024d   Thumb Code     0  libinit2.o(.ARM.Collect$$libinit$$0000001F)
    __rt_lib_init_getenv_1                   0x0800024d   Thumb Code     0  libinit2.o(.ARM.Collect$$libinit$$00000023)
    __rt_lib_init_heap_1                     0x0800024d   Thumb Code     0  libinit2.o(.ARM.Collect$$libinit$$0000000A)
    __rt_lib_init_lc_collate_1               0x0800024d   Thumb Code     0  libinit2.o(.ARM.Collect$$libinit$$00000011)
    __rt_lib_init_lc_ctype_1                 0x0800024d   Thumb Code     0  libinit2.o(.ARM.Collect$$libinit$$00000013)
    __rt_lib_init_lc_monetary_1              0x0800024d   Thumb Code     0  libinit2.o(.ARM.Collect$$libinit$$00000015)
    __rt_lib_init_lc_numeric_1               0x0800024d   Thumb Code     0  libinit2.o(.ARM.Collect$$libinit$$00000017)
    __rt_lib_init_lc_time_1                  0x0800024d   Thumb Code     0  libinit2.o(.ARM.Collect$$libinit$$00000019)
    __rt_lib_init_preinit_1                  0x0800024d   Thumb Code     0  libinit2.o(.ARM.Collect$$libinit$$00000004)
    __rt_lib_init_rand_1                     0x0800024d   Thumb Code     0  libinit2.o(.ARM.Collect$$libinit$$0000000E)
    __rt_lib_init_return                     0x0800024d   Thumb Code     0  libinit2.o(.ARM.Collect$$libinit$$00000033)
    __rt_lib_init_signal_1                   0x0800024d   Thumb Code     0  libinit2.o(.ARM.Collect$$libinit$$0000001D)
    __rt_lib_init_stdio_1                    0x0800024d   Thumb Code     0  libinit2.o(.ARM.Collect$$libinit$$00000025)
    __rt_lib_init_user_alloc_1               0x0800024d   Thumb Code     0  libinit2.o(.ARM.Collect$$libinit$$0000000C)
    __rt_lib_shutdown                        0x0800024f   Thumb Code     0  libshutdown.o(.ARM.Collect$$libshutdown$$00000000)
    __rt_lib_shutdown_cpp_1                  0x08000251   Thumb Code     0  libshutdown2.o(.ARM.Collect$$libshutdown$$00000004)
    __rt_lib_shutdown_fini_1                 0x08000251   Thumb Code     0  libshutdown2.o(.ARM.Collect$$libshutdown$$00000002)
    __rt_lib_shutdown_fp_trap_1              0x08000251   Thumb Code     0  libshutdown2.o(.ARM.Collect$$libshutdown$$00000009)
    __rt_lib_shutdown_heap_1                 0x08000251   Thumb Code     0  libshutdown2.o(.ARM.Collect$$libshutdown$$00000011)
    __rt_lib_shutdown_return                 0x08000251   Thumb Code     0  libshutdown2.o(.ARM.Collect$$libshutdown$$00000012)
    __rt_lib_shutdown_signal_1               0x08000251   Thumb Code     0  libshutdown2.o(.ARM.Collect$$libshutdown$$0000000C)
    __rt_lib_shutdown_stdio_1                0x08000251   Thumb Code     0  libshutdown2.o(.ARM.Collect$$libshutdown$$00000006)
    __rt_lib_shutdown_user_alloc_1           0x08000251   Thumb Code     0  libshutdown2.o(.ARM.Collect$$libshutdown$$0000000E)
    __rt_entry                               0x08000253   Thumb Code     0  __rtentry.o(.ARM.Collect$$rtentry$$00000000)
    __rt_entry_presh_1                       0x08000253   Thumb Code     0  __rtentry2.o(.ARM.Collect$$rtentry$$00000002)
    __rt_entry_sh                            0x08000253   Thumb Code     0  __rtentry4.o(.ARM.Collect$$rtentry$$00000004)
    __rt_entry_li                            0x08000259   Thumb Code     0  __rtentry2.o(.ARM.Collect$$rtentry$$0000000A)
    __rt_entry_postsh_1                      0x08000259   Thumb Code     0  __rtentry2.o(.ARM.Collect$$rtentry$$00000009)
    __rt_entry_main                          0x0800025d   Thumb Code     0  __rtentry2.o(.ARM.Collect$$rtentry$$0000000D)
    __rt_entry_postli_1                      0x0800025d   Thumb Code     0  __rtentry2.o(.ARM.Collect$$rtentry$$0000000C)
    __rt_exit                                0x08000265   Thumb Code     0  rtexit.o(.ARM.Collect$$rtexit$$00000000)
    __rt_exit_ls                             0x08000267   Thumb Code     0  rtexit2.o(.ARM.Collect$$rtexit$$00000003)
    __rt_exit_prels_1                        0x08000267   Thumb Code     0  rtexit2.o(.ARM.Collect$$rtexit$$00000002)
    __rt_exit_exit                           0x0800026b   Thumb Code     0  rtexit2.o(.ARM.Collect$$rtexit$$00000004)
    main                                     0x08000271   Thumb Code    96  main.o(.text)
    NMI_Handler                              0x080002e1   Thumb Code     2  stm32f4xx_it.o(.text)
    HardFault_Handler                        0x080002e3   Thumb Code     4  stm32f4xx_it.o(.text)
    MemManage_Handler                        0x080002e7   Thumb Code     4  stm32f4xx_it.o(.text)
    BusFault_Handler                         0x080002eb   Thumb Code     4  stm32f4xx_it.o(.text)
    UsageFault_Handler                       0x080002ef   Thumb Code     4  stm32f4xx_it.o(.text)
    SVC_Handler                              0x080002f3   Thumb Code     2  stm32f4xx_it.o(.text)
    DebugMon_Handler                         0x080002f5   Thumb Code     2  stm32f4xx_it.o(.text)
    PendSV_Handler                           0x080002f7   Thumb Code     2  stm32f4xx_it.o(.text)
    SysTick_Handler                          0x080002f9   Thumb Code     2  stm32f4xx_it.o(.text)
    SystemInit                               0x080003d9   Thumb Code    88  system_stm32f4xx.o(.text)
    SystemCoreClockUpdate                    0x08000431   Thumb Code   174  system_stm32f4xx.o(.text)
    delay_init                               0x0800050d   Thumb Code    52  delay.o(.text)
    delay_us                                 0x08000541   Thumb Code    72  delay.o(.text)
    delay_xms                                0x08000589   Thumb Code    72  delay.o(.text)
    delay_ms                                 0x080005d1   Thumb Code    56  delay.o(.text)
    _sys_exit                                0x08000611   Thumb Code     4  usart.o(.text)
    fputc                                    0x08000615   Thumb Code    22  usart.o(.text)
    USART1_Init                              0x0800062b   Thumb Code   166  usart.o(.text)
    USART1_IRQHandler                        0x080006d1   Thumb Code    28  usart.o(.text)
    Reset_Handler                            0x080006f5   Thumb Code     8  startup_stm32f40_41xxx.o(.text)
    ADC_IRQHandler                           0x0800070f   Thumb Code     0  startup_stm32f40_41xxx.o(.text)
    CAN1_RX1_IRQHandler                      0x0800070f   Thumb Code     0  startup_stm32f40_41xxx.o(.text)
    CAN1_SCE_IRQHandler                      0x0800070f   Thumb Code     0  startup_stm32f40_41xxx.o(.text)
    CAN1_TX_IRQHandler                       0x0800070f   Thumb Code     0  startup_stm32f40_41xxx.o(.text)
    CAN2_RX0_IRQHandler                      0x0800070f   Thumb Code     0  startup_stm32f40_41xxx.o(.text)
    CAN2_RX1_IRQHandler                      0x0800070f   Thumb Code     0  startup_stm32f40_41xxx.o(.text)
    CAN2_SCE_IRQHandler                      0x0800070f   Thumb Code     0  startup_stm32f40_41xxx.o(.text)
    CAN2_TX_IRQHandler                       0x0800070f   Thumb Code     0  startup_stm32f40_41xxx.o(.text)
    CRYP_IRQHandler                          0x0800070f   Thumb Code     0  startup_stm32f40_41xxx.o(.text)
    DCMI_IRQHandler                          0x0800070f   Thumb Code     0  startup_stm32f40_41xxx.o(.text)
    DMA1_Stream0_IRQHandler                  0x0800070f   Thumb Code     0  startup_stm32f40_41xxx.o(.text)
    DMA1_Stream1_IRQHandler                  0x0800070f   Thumb Code     0  startup_stm32f40_41xxx.o(.text)
    DMA1_Stream2_IRQHandler                  0x0800070f   Thumb Code     0  startup_stm32f40_41xxx.o(.text)
    DMA1_Stream3_IRQHandler                  0x0800070f   Thumb Code     0  startup_stm32f40_41xxx.o(.text)
    DMA1_Stream4_IRQHandler                  0x0800070f   Thumb Code     0  startup_stm32f40_41xxx.o(.text)
    DMA1_Stream5_IRQHandler                  0x0800070f   Thumb Code     0  startup_stm32f40_41xxx.o(.text)
    DMA1_Stream6_IRQHandler                  0x0800070f   Thumb Code     0  startup_stm32f40_41xxx.o(.text)
    DMA1_Stream7_IRQHandler                  0x0800070f   Thumb Code     0  startup_stm32f40_41xxx.o(.text)
    DMA2_Stream0_IRQHandler                  0x0800070f   Thumb Code     0  startup_stm32f40_41xxx.o(.text)
    DMA2_Stream1_IRQHandler                  0x0800070f   Thumb Code     0  startup_stm32f40_41xxx.o(.text)
    DMA2_Stream2_IRQHandler                  0x0800070f   Thumb Code     0  startup_stm32f40_41xxx.o(.text)
    DMA2_Stream3_IRQHandler                  0x0800070f   Thumb Code     0  startup_stm32f40_41xxx.o(.text)
    DMA2_Stream4_IRQHandler                  0x0800070f   Thumb Code     0  startup_stm32f40_41xxx.o(.text)
    DMA2_Stream5_IRQHandler                  0x0800070f   Thumb Code     0  startup_stm32f40_41xxx.o(.text)
    DMA2_Stream6_IRQHandler                  0x0800070f   Thumb Code     0  startup_stm32f40_41xxx.o(.text)
    DMA2_Stream7_IRQHandler                  0x0800070f   Thumb Code     0  startup_stm32f40_41xxx.o(.text)
    ETH_IRQHandler                           0x0800070f   Thumb Code     0  startup_stm32f40_41xxx.o(.text)
    ETH_WKUP_IRQHandler                      0x0800070f   Thumb Code     0  startup_stm32f40_41xxx.o(.text)
    EXTI0_IRQHandler                         0x0800070f   Thumb Code     0  startup_stm32f40_41xxx.o(.text)
    EXTI15_10_IRQHandler                     0x0800070f   Thumb Code     0  startup_stm32f40_41xxx.o(.text)
    EXTI1_IRQHandler                         0x0800070f   Thumb Code     0  startup_stm32f40_41xxx.o(.text)
    EXTI2_IRQHandler                         0x0800070f   Thumb Code     0  startup_stm32f40_41xxx.o(.text)
    EXTI3_IRQHandler                         0x0800070f   Thumb Code     0  startup_stm32f40_41xxx.o(.text)
    EXTI4_IRQHandler                         0x0800070f   Thumb Code     0  startup_stm32f40_41xxx.o(.text)
    EXTI9_5_IRQHandler                       0x0800070f   Thumb Code     0  startup_stm32f40_41xxx.o(.text)
    FLASH_IRQHandler                         0x0800070f   Thumb Code     0  startup_stm32f40_41xxx.o(.text)
    FPU_IRQHandler                           0x0800070f   Thumb Code     0  startup_stm32f40_41xxx.o(.text)
    FSMC_IRQHandler                          0x0800070f   Thumb Code     0  startup_stm32f40_41xxx.o(.text)
    HASH_RNG_IRQHandler                      0x0800070f   Thumb Code     0  startup_stm32f40_41xxx.o(.text)
    I2C1_ER_IRQHandler                       0x0800070f   Thumb Code     0  startup_stm32f40_41xxx.o(.text)
    I2C1_EV_IRQHandler                       0x0800070f   Thumb Code     0  startup_stm32f40_41xxx.o(.text)
    I2C2_ER_IRQHandler                       0x0800070f   Thumb Code     0  startup_stm32f40_41xxx.o(.text)
    I2C2_EV_IRQHandler                       0x0800070f   Thumb Code     0  startup_stm32f40_41xxx.o(.text)
    I2C3_ER_IRQHandler                       0x0800070f   Thumb Code     0  startup_stm32f40_41xxx.o(.text)
    I2C3_EV_IRQHandler                       0x0800070f   Thumb Code     0  startup_stm32f40_41xxx.o(.text)
    OTG_FS_IRQHandler                        0x0800070f   Thumb Code     0  startup_stm32f40_41xxx.o(.text)
    OTG_FS_WKUP_IRQHandler                   0x0800070f   Thumb Code     0  startup_stm32f40_41xxx.o(.text)
    OTG_HS_EP1_IN_IRQHandler                 0x0800070f   Thumb Code     0  startup_stm32f40_41xxx.o(.text)
    OTG_HS_EP1_OUT_IRQHandler                0x0800070f   Thumb Code     0  startup_stm32f40_41xxx.o(.text)
    OTG_HS_IRQHandler                        0x0800070f   Thumb Code     0  startup_stm32f40_41xxx.o(.text)
    OTG_HS_WKUP_IRQHandler                   0x0800070f   Thumb Code     0  startup_stm32f40_41xxx.o(.text)
    PVD_IRQHandler                           0x0800070f   Thumb Code     0  startup_stm32f40_41xxx.o(.text)
    RCC_IRQHandler                           0x0800070f   Thumb Code     0  startup_stm32f40_41xxx.o(.text)
    RTC_Alarm_IRQHandler                     0x0800070f   Thumb Code     0  startup_stm32f40_41xxx.o(.text)
    RTC_WKUP_IRQHandler                      0x0800070f   Thumb Code     0  startup_stm32f40_41xxx.o(.text)
    SDIO_IRQHandler                          0x0800070f   Thumb Code     0  startup_stm32f40_41xxx.o(.text)
    SPI1_IRQHandler                          0x0800070f   Thumb Code     0  startup_stm32f40_41xxx.o(.text)
    SPI2_IRQHandler                          0x0800070f   Thumb Code     0  startup_stm32f40_41xxx.o(.text)
    SPI3_IRQHandler                          0x0800070f   Thumb Code     0  startup_stm32f40_41xxx.o(.text)
    TAMP_STAMP_IRQHandler                    0x0800070f   Thumb Code     0  startup_stm32f40_41xxx.o(.text)
    TIM1_BRK_TIM9_IRQHandler                 0x0800070f   Thumb Code     0  startup_stm32f40_41xxx.o(.text)
    TIM1_CC_IRQHandler                       0x0800070f   Thumb Code     0  startup_stm32f40_41xxx.o(.text)
    TIM1_TRG_COM_TIM11_IRQHandler            0x0800070f   Thumb Code     0  startup_stm32f40_41xxx.o(.text)
    TIM1_UP_TIM10_IRQHandler                 0x0800070f   Thumb Code     0  startup_stm32f40_41xxx.o(.text)
    TIM2_IRQHandler                          0x0800070f   Thumb Code     0  startup_stm32f40_41xxx.o(.text)
    TIM4_IRQHandler                          0x0800070f   Thumb Code     0  startup_stm32f40_41xxx.o(.text)
    TIM5_IRQHandler                          0x0800070f   Thumb Code     0  startup_stm32f40_41xxx.o(.text)
    TIM6_DAC_IRQHandler                      0x0800070f   Thumb Code     0  startup_stm32f40_41xxx.o(.text)
    TIM7_IRQHandler                          0x0800070f   Thumb Code     0  startup_stm32f40_41xxx.o(.text)
    TIM8_BRK_TIM12_IRQHandler                0x0800070f   Thumb Code     0  startup_stm32f40_41xxx.o(.text)
    TIM8_CC_IRQHandler                       0x0800070f   Thumb Code     0  startup_stm32f40_41xxx.o(.text)
    TIM8_TRG_COM_TIM14_IRQHandler            0x0800070f   Thumb Code     0  startup_stm32f40_41xxx.o(.text)
    TIM8_UP_TIM13_IRQHandler                 0x0800070f   Thumb Code     0  startup_stm32f40_41xxx.o(.text)
    UART4_IRQHandler                         0x0800070f   Thumb Code     0  startup_stm32f40_41xxx.o(.text)
    UART5_IRQHandler                         0x0800070f   Thumb Code     0  startup_stm32f40_41xxx.o(.text)
    USART2_IRQHandler                        0x0800070f   Thumb Code     0  startup_stm32f40_41xxx.o(.text)
    USART3_IRQHandler                        0x0800070f   Thumb Code     0  startup_stm32f40_41xxx.o(.text)
    USART6_IRQHandler                        0x0800070f   Thumb Code     0  startup_stm32f40_41xxx.o(.text)
    WWDG_IRQHandler                          0x0800070f   Thumb Code     0  startup_stm32f40_41xxx.o(.text)
    __user_initial_stackheap                 0x08000711   Thumb Code     0  startup_stm32f40_41xxx.o(.text)
    NVIC_PriorityGroupConfig                 0x08000735   Thumb Code    10  misc.o(.text)
    NVIC_Init                                0x0800073f   Thumb Code   106  misc.o(.text)
    NVIC_SetVectorTable                      0x080007a9   Thumb Code    14  misc.o(.text)
    NVIC_SystemLPConfig                      0x080007b7   Thumb Code    34  misc.o(.text)
    SysTick_CLKSourceConfig                  0x080007d9   Thumb Code    40  misc.o(.text)
    GPIO_DeInit                              0x08000815   Thumb Code   268  stm32f4xx_gpio.o(.text)
    GPIO_Init                                0x08000921   Thumb Code   144  stm32f4xx_gpio.o(.text)
    GPIO_StructInit                          0x080009b1   Thumb Code    18  stm32f4xx_gpio.o(.text)
    GPIO_PinLockConfig                       0x080009c3   Thumb Code    34  stm32f4xx_gpio.o(.text)
    GPIO_ReadInputDataBit                    0x080009e5   Thumb Code    18  stm32f4xx_gpio.o(.text)
    GPIO_ReadInputData                       0x080009f7   Thumb Code     8  stm32f4xx_gpio.o(.text)
    GPIO_ReadOutputDataBit                   0x080009ff   Thumb Code    18  stm32f4xx_gpio.o(.text)
    GPIO_ReadOutputData                      0x08000a11   Thumb Code     8  stm32f4xx_gpio.o(.text)
    GPIO_SetBits                             0x08000a19   Thumb Code     4  stm32f4xx_gpio.o(.text)
    GPIO_ResetBits                           0x08000a1d   Thumb Code     4  stm32f4xx_gpio.o(.text)
    GPIO_WriteBit                            0x08000a21   Thumb Code    10  stm32f4xx_gpio.o(.text)
    GPIO_Write                               0x08000a2b   Thumb Code     4  stm32f4xx_gpio.o(.text)
    GPIO_ToggleBits                          0x08000a2f   Thumb Code     8  stm32f4xx_gpio.o(.text)
    GPIO_PinAFConfig                         0x08000a37   Thumb Code    70  stm32f4xx_gpio.o(.text)
    RCC_DeInit                               0x08000aa9   Thumb Code    82  stm32f4xx_rcc.o(.text)
    RCC_HSEConfig                            0x08000afb   Thumb Code    14  stm32f4xx_rcc.o(.text)
    RCC_GetFlagStatus                        0x08000b09   Thumb Code    60  stm32f4xx_rcc.o(.text)
    RCC_WaitForHSEStartUp                    0x08000b45   Thumb Code    56  stm32f4xx_rcc.o(.text)
    RCC_AdjustHSICalibrationValue            0x08000b7d   Thumb Code    20  stm32f4xx_rcc.o(.text)
    RCC_HSICmd                               0x08000b91   Thumb Code     6  stm32f4xx_rcc.o(.text)
    RCC_LSEConfig                            0x08000b97   Thumb Code    46  stm32f4xx_rcc.o(.text)
    RCC_LSICmd                               0x08000bc5   Thumb Code     6  stm32f4xx_rcc.o(.text)
    RCC_PLLConfig                            0x08000bcb   Thumb Code    32  stm32f4xx_rcc.o(.text)
    RCC_PLLCmd                               0x08000beb   Thumb Code     6  stm32f4xx_rcc.o(.text)
    RCC_PLLI2SConfig                         0x08000bf1   Thumb Code    14  stm32f4xx_rcc.o(.text)
    RCC_PLLI2SCmd                            0x08000bff   Thumb Code     6  stm32f4xx_rcc.o(.text)
    RCC_PLLSAIConfig                         0x08000c05   Thumb Code    20  stm32f4xx_rcc.o(.text)
    RCC_PLLSAICmd                            0x08000c19   Thumb Code     6  stm32f4xx_rcc.o(.text)
    RCC_ClockSecuritySystemCmd               0x08000c1f   Thumb Code     6  stm32f4xx_rcc.o(.text)
    RCC_MCO1Config                           0x08000c25   Thumb Code    28  stm32f4xx_rcc.o(.text)
    RCC_MCO2Config                           0x08000c41   Thumb Code    28  stm32f4xx_rcc.o(.text)
    RCC_SYSCLKConfig                         0x08000c5d   Thumb Code    20  stm32f4xx_rcc.o(.text)
    RCC_GetSYSCLKSource                      0x08000c71   Thumb Code    12  stm32f4xx_rcc.o(.text)
    RCC_HCLKConfig                           0x08000c7d   Thumb Code    20  stm32f4xx_rcc.o(.text)
    RCC_PCLK1Config                          0x08000c91   Thumb Code    20  stm32f4xx_rcc.o(.text)
    RCC_PCLK2Config                          0x08000ca5   Thumb Code    22  stm32f4xx_rcc.o(.text)
    RCC_GetClocksFreq                        0x08000cbb   Thumb Code   222  stm32f4xx_rcc.o(.text)
    RCC_RTCCLKConfig                         0x08000d99   Thumb Code    54  stm32f4xx_rcc.o(.text)
    RCC_RTCCLKCmd                            0x08000dcf   Thumb Code     8  stm32f4xx_rcc.o(.text)
    RCC_BackupResetCmd                       0x08000dd7   Thumb Code     8  stm32f4xx_rcc.o(.text)
    RCC_I2SCLKConfig                         0x08000ddf   Thumb Code     6  stm32f4xx_rcc.o(.text)
    RCC_SAIPLLI2SClkDivConfig                0x08000de5   Thumb Code    26  stm32f4xx_rcc.o(.text)
    RCC_SAIPLLSAIClkDivConfig                0x08000dff   Thumb Code    28  stm32f4xx_rcc.o(.text)
    RCC_SAIBlockACLKConfig                   0x08000e1b   Thumb Code    20  stm32f4xx_rcc.o(.text)
    RCC_SAIBlockBCLKConfig                   0x08000e2f   Thumb Code    20  stm32f4xx_rcc.o(.text)
    RCC_LTDCCLKDivConfig                     0x08000e43   Thumb Code    20  stm32f4xx_rcc.o(.text)
    RCC_TIMCLKPresConfig                     0x08000e57   Thumb Code     6  stm32f4xx_rcc.o(.text)
    RCC_AHB1PeriphClockCmd                   0x08000e5d   Thumb Code    34  stm32f4xx_rcc.o(.text)
    RCC_AHB2PeriphClockCmd                   0x08000e7f   Thumb Code    78  stm32f4xx_rcc.o(.text)
    RCC_AHB3PeriphClockCmd                   0x08000ecd   Thumb Code    34  stm32f4xx_rcc.o(.text)
    RCC_APB1PeriphClockCmd                   0x08000eef   Thumb Code    34  stm32f4xx_rcc.o(.text)
    RCC_APB2PeriphClockCmd                   0x08000f11   Thumb Code    34  stm32f4xx_rcc.o(.text)
    RCC_AHB1PeriphResetCmd                   0x08000f33   Thumb Code    34  stm32f4xx_rcc.o(.text)
    RCC_AHB2PeriphResetCmd                   0x08000f55   Thumb Code    34  stm32f4xx_rcc.o(.text)
    RCC_AHB3PeriphResetCmd                   0x08000f77   Thumb Code    34  stm32f4xx_rcc.o(.text)
    RCC_APB1PeriphResetCmd                   0x08000f99   Thumb Code    34  stm32f4xx_rcc.o(.text)
    RCC_APB2PeriphResetCmd                   0x08000fbb   Thumb Code    34  stm32f4xx_rcc.o(.text)
    RCC_AHB1PeriphClockLPModeCmd             0x08000fdd   Thumb Code    34  stm32f4xx_rcc.o(.text)
    RCC_AHB2PeriphClockLPModeCmd             0x08000fff   Thumb Code    34  stm32f4xx_rcc.o(.text)
    RCC_AHB3PeriphClockLPModeCmd             0x08001021   Thumb Code    34  stm32f4xx_rcc.o(.text)
    RCC_APB1PeriphClockLPModeCmd             0x08001043   Thumb Code    34  stm32f4xx_rcc.o(.text)
    RCC_APB2PeriphClockLPModeCmd             0x08001065   Thumb Code    34  stm32f4xx_rcc.o(.text)
    RCC_LSEModeConfig                        0x08001087   Thumb Code    40  stm32f4xx_rcc.o(.text)
    RCC_ITConfig                             0x080010af   Thumb Code    34  stm32f4xx_rcc.o(.text)
    RCC_ClearFlag                            0x080010d1   Thumb Code    18  stm32f4xx_rcc.o(.text)
    RCC_GetITStatus                          0x080010e3   Thumb Code    22  stm32f4xx_rcc.o(.text)
    RCC_ClearITPendingBit                    0x080010f9   Thumb Code     8  stm32f4xx_rcc.o(.text)
    USART_DeInit                             0x08001105   Thumb Code   206  stm32f4xx_usart.o(.text)
    USART_Init                               0x080011d3   Thumb Code   204  stm32f4xx_usart.o(.text)
    USART_StructInit                         0x0800129f   Thumb Code    24  stm32f4xx_usart.o(.text)
    USART_ClockInit                          0x080012b7   Thumb Code    32  stm32f4xx_usart.o(.text)
    USART_ClockStructInit                    0x080012d7   Thumb Code    12  stm32f4xx_usart.o(.text)
    USART_Cmd                                0x080012e3   Thumb Code    24  stm32f4xx_usart.o(.text)
    USART_SetPrescaler                       0x080012fb   Thumb Code    16  stm32f4xx_usart.o(.text)
    USART_OverSampling8Cmd                   0x0800130b   Thumb Code    22  stm32f4xx_usart.o(.text)
    USART_OneBitMethodCmd                    0x08001321   Thumb Code    24  stm32f4xx_usart.o(.text)
    USART_SendData                           0x08001339   Thumb Code     8  stm32f4xx_usart.o(.text)
    USART_ReceiveData                        0x08001341   Thumb Code    10  stm32f4xx_usart.o(.text)
    USART_SetAddress                         0x0800134b   Thumb Code    18  stm32f4xx_usart.o(.text)
    USART_ReceiverWakeUpCmd                  0x0800135d   Thumb Code    24  stm32f4xx_usart.o(.text)
    USART_WakeUpConfig                       0x08001375   Thumb Code    18  stm32f4xx_usart.o(.text)
    USART_LINBreakDetectLengthConfig         0x08001387   Thumb Code    18  stm32f4xx_usart.o(.text)
    USART_LINCmd                             0x08001399   Thumb Code    24  stm32f4xx_usart.o(.text)
    USART_SendBreak                          0x080013b1   Thumb Code    10  stm32f4xx_usart.o(.text)
    USART_HalfDuplexCmd                      0x080013bb   Thumb Code    24  stm32f4xx_usart.o(.text)
    USART_SetGuardTime                       0x080013d3   Thumb Code    16  stm32f4xx_usart.o(.text)
    USART_SmartCardCmd                       0x080013e3   Thumb Code    24  stm32f4xx_usart.o(.text)
    USART_SmartCardNACKCmd                   0x080013fb   Thumb Code    24  stm32f4xx_usart.o(.text)
    USART_IrDAConfig                         0x08001413   Thumb Code    18  stm32f4xx_usart.o(.text)
    USART_IrDACmd                            0x08001425   Thumb Code    24  stm32f4xx_usart.o(.text)
    USART_DMACmd                             0x0800143d   Thumb Code    18  stm32f4xx_usart.o(.text)
    USART_ITConfig                           0x0800144f   Thumb Code    74  stm32f4xx_usart.o(.text)
    USART_GetFlagStatus                      0x08001499   Thumb Code    26  stm32f4xx_usart.o(.text)
    USART_ClearFlag                          0x080014b3   Thumb Code    18  stm32f4xx_usart.o(.text)
    USART_GetITStatus                        0x080014c5   Thumb Code   118  stm32f4xx_usart.o(.text)
    USART_ClearITPendingBit                  0x0800153b   Thumb Code    30  stm32f4xx_usart.o(.text)
    CAN_DeInit                               0x08001559   Thumb Code    50  stm32f4xx_can.o(.text)
    CAN_Init                                 0x0800158b   Thumb Code   276  stm32f4xx_can.o(.text)
    CAN_FilterInit                           0x0800169f   Thumb Code   258  stm32f4xx_can.o(.text)
    CAN_StructInit                           0x080017a1   Thumb Code    32  stm32f4xx_can.o(.text)
    CAN_SlaveStartBank                       0x080017c1   Thumb Code    48  stm32f4xx_can.o(.text)
    CAN_DBGFreeze                            0x080017f1   Thumb Code    22  stm32f4xx_can.o(.text)
    CAN_TTComModeCmd                         0x08001807   Thumb Code   118  stm32f4xx_can.o(.text)
    CAN_Transmit                             0x0800187d   Thumb Code   304  stm32f4xx_can.o(.text)
    CAN_TransmitStatus                       0x080019ad   Thumb Code   138  stm32f4xx_can.o(.text)
    CAN_CancelTransmit                       0x08001a37   Thumb Code    48  stm32f4xx_can.o(.text)
    CAN_Receive                              0x08001a67   Thumb Code   240  stm32f4xx_can.o(.text)
    CAN_FIFORelease                          0x08001b57   Thumb Code    22  stm32f4xx_can.o(.text)
    CAN_MessagePending                       0x08001b6d   Thumb Code    30  stm32f4xx_can.o(.text)
    CAN_OperatingModeRequest                 0x08001b8b   Thumb Code   162  stm32f4xx_can.o(.text)
    CAN_Sleep                                0x08001c2d   Thumb Code    30  stm32f4xx_can.o(.text)
    CAN_WakeUp                               0x08001c4b   Thumb Code    48  stm32f4xx_can.o(.text)
    CAN_GetLastErrorCode                     0x08001c7b   Thumb Code    12  stm32f4xx_can.o(.text)
    CAN_GetReceiveErrorCounter               0x08001c87   Thumb Code    10  stm32f4xx_can.o(.text)
    CAN_GetLSBTransmitErrorCounter           0x08001c91   Thumb Code    12  stm32f4xx_can.o(.text)
    CAN_ITConfig                             0x08001c9d   Thumb Code    18  stm32f4xx_can.o(.text)
    CAN_GetFlagStatus                        0x08001caf   Thumb Code   120  stm32f4xx_can.o(.text)
    CAN_ClearFlag                            0x08001d27   Thumb Code    52  stm32f4xx_can.o(.text)
    CAN_GetITStatus                          0x08001d6d   Thumb Code   310  stm32f4xx_can.o(.text)
    CAN_ClearITPendingBit                    0x08001ea3   Thumb Code   162  stm32f4xx_can.o(.text)
    TIM_DeInit                               0x08001f49   Thumb Code   346  stm32f4xx_tim.o(.text)
    TIM_TimeBaseInit                         0x080020a3   Thumb Code   104  stm32f4xx_tim.o(.text)
    TIM_TimeBaseStructInit                   0x0800210b   Thumb Code    18  stm32f4xx_tim.o(.text)
    TIM_PrescalerConfig                      0x0800211d   Thumb Code     6  stm32f4xx_tim.o(.text)
    TIM_CounterModeConfig                    0x08002123   Thumb Code    18  stm32f4xx_tim.o(.text)
    TIM_SetCounter                           0x08002135   Thumb Code     4  stm32f4xx_tim.o(.text)
    TIM_SetAutoreload                        0x08002139   Thumb Code     4  stm32f4xx_tim.o(.text)
    TIM_GetCounter                           0x0800213d   Thumb Code     6  stm32f4xx_tim.o(.text)
    TIM_GetPrescaler                         0x08002143   Thumb Code     6  stm32f4xx_tim.o(.text)
    TIM_UpdateDisableConfig                  0x08002149   Thumb Code    24  stm32f4xx_tim.o(.text)
    TIM_UpdateRequestConfig                  0x08002161   Thumb Code    24  stm32f4xx_tim.o(.text)
    TIM_ARRPreloadConfig                     0x08002179   Thumb Code    24  stm32f4xx_tim.o(.text)
    TIM_SelectOnePulseMode                   0x08002191   Thumb Code    18  stm32f4xx_tim.o(.text)
    TIM_SetClockDivision                     0x080021a3   Thumb Code    18  stm32f4xx_tim.o(.text)
    TIM_Cmd                                  0x080021b5   Thumb Code    24  stm32f4xx_tim.o(.text)
    TIM_OC1Init                              0x080021cd   Thumb Code   114  stm32f4xx_tim.o(.text)
    TIM_OC2Init                              0x0800223f   Thumb Code   154  stm32f4xx_tim.o(.text)
    TIM_OC3Init                              0x080022d9   Thumb Code   204  stm32f4xx_tim.o(.text)
    TIM_OC4Init                              0x080023a5   Thumb Code   112  stm32f4xx_tim.o(.text)
    TIM_OCStructInit                         0x08002415   Thumb Code    20  stm32f4xx_tim.o(.text)
    TIM_SelectOCxM                           0x08002429   Thumb Code    86  stm32f4xx_tim.o(.text)
    TIM_SetCompare1                          0x0800247f   Thumb Code     4  stm32f4xx_tim.o(.text)
    TIM_SetCompare2                          0x08002483   Thumb Code     4  stm32f4xx_tim.o(.text)
    TIM_SetCompare3                          0x08002487   Thumb Code     4  stm32f4xx_tim.o(.text)
    TIM_SetCompare4                          0x0800248b   Thumb Code     4  stm32f4xx_tim.o(.text)
    TIM_ForcedOC1Config                      0x0800248f   Thumb Code    18  stm32f4xx_tim.o(.text)
    TIM_ForcedOC2Config                      0x080024a1   Thumb Code    26  stm32f4xx_tim.o(.text)
    TIM_ForcedOC3Config                      0x080024bb   Thumb Code    18  stm32f4xx_tim.o(.text)
    TIM_ForcedOC4Config                      0x080024cd   Thumb Code    26  stm32f4xx_tim.o(.text)
    TIM_OC1PreloadConfig                     0x080024e7   Thumb Code    18  stm32f4xx_tim.o(.text)
    TIM_OC2PreloadConfig                     0x080024f9   Thumb Code    26  stm32f4xx_tim.o(.text)
    TIM_OC3PreloadConfig                     0x08002513   Thumb Code    18  stm32f4xx_tim.o(.text)
    TIM_OC4PreloadConfig                     0x08002525   Thumb Code    26  stm32f4xx_tim.o(.text)
    TIM_OC1FastConfig                        0x0800253f   Thumb Code    18  stm32f4xx_tim.o(.text)
    TIM_OC2FastConfig                        0x08002551   Thumb Code    26  stm32f4xx_tim.o(.text)
    TIM_OC3FastConfig                        0x0800256b   Thumb Code    18  stm32f4xx_tim.o(.text)
    TIM_OC4FastConfig                        0x0800257d   Thumb Code    26  stm32f4xx_tim.o(.text)
    TIM_ClearOC1Ref                          0x08002597   Thumb Code    18  stm32f4xx_tim.o(.text)
    TIM_ClearOC2Ref                          0x080025a9   Thumb Code    24  stm32f4xx_tim.o(.text)
    TIM_ClearOC3Ref                          0x080025c1   Thumb Code    18  stm32f4xx_tim.o(.text)
    TIM_ClearOC4Ref                          0x080025d3   Thumb Code    24  stm32f4xx_tim.o(.text)
    TIM_OC1PolarityConfig                    0x080025eb   Thumb Code    18  stm32f4xx_tim.o(.text)
    TIM_OC1NPolarityConfig                   0x080025fd   Thumb Code    18  stm32f4xx_tim.o(.text)
    TIM_OC2PolarityConfig                    0x0800260f   Thumb Code    26  stm32f4xx_tim.o(.text)
    TIM_OC2NPolarityConfig                   0x08002629   Thumb Code    26  stm32f4xx_tim.o(.text)
    TIM_OC3PolarityConfig                    0x08002643   Thumb Code    26  stm32f4xx_tim.o(.text)
    TIM_OC3NPolarityConfig                   0x0800265d   Thumb Code    26  stm32f4xx_tim.o(.text)
    TIM_OC4PolarityConfig                    0x08002677   Thumb Code    26  stm32f4xx_tim.o(.text)
    TIM_CCxCmd                               0x08002691   Thumb Code    30  stm32f4xx_tim.o(.text)
    TIM_CCxNCmd                              0x080026af   Thumb Code    30  stm32f4xx_tim.o(.text)
    TIM_SetIC4Prescaler                      0x080026cd   Thumb Code    26  stm32f4xx_tim.o(.text)
    TIM_SetIC3Prescaler                      0x08002737   Thumb Code    18  stm32f4xx_tim.o(.text)
    TIM_SetIC2Prescaler                      0x08002791   Thumb Code    26  stm32f4xx_tim.o(.text)
    TIM_SetIC1Prescaler                      0x08002805   Thumb Code    18  stm32f4xx_tim.o(.text)
    TIM_ICInit                               0x08002851   Thumb Code   110  stm32f4xx_tim.o(.text)
    TIM_ICStructInit                         0x080028bf   Thumb Code    18  stm32f4xx_tim.o(.text)
    TIM_PWMIConfig                           0x080028d1   Thumb Code   124  stm32f4xx_tim.o(.text)
    TIM_GetCapture1                          0x0800294d   Thumb Code     6  stm32f4xx_tim.o(.text)
    TIM_GetCapture2                          0x08002953   Thumb Code     6  stm32f4xx_tim.o(.text)
    TIM_GetCapture3                          0x08002959   Thumb Code     6  stm32f4xx_tim.o(.text)
    TIM_GetCapture4                          0x0800295f   Thumb Code     6  stm32f4xx_tim.o(.text)
    TIM_BDTRConfig                           0x08002965   Thumb Code    32  stm32f4xx_tim.o(.text)
    TIM_BDTRStructInit                       0x08002985   Thumb Code    18  stm32f4xx_tim.o(.text)
    TIM_CtrlPWMOutputs                       0x08002997   Thumb Code    30  stm32f4xx_tim.o(.text)
    TIM_SelectCOM                            0x080029b5   Thumb Code    24  stm32f4xx_tim.o(.text)
    TIM_CCPreloadControl                     0x080029cd   Thumb Code    24  stm32f4xx_tim.o(.text)
    TIM_ITConfig                             0x080029e5   Thumb Code    18  stm32f4xx_tim.o(.text)
    TIM_GenerateEvent                        0x080029f7   Thumb Code     4  stm32f4xx_tim.o(.text)
    TIM_GetFlagStatus                        0x080029fb   Thumb Code    18  stm32f4xx_tim.o(.text)
    TIM_ClearFlag                            0x08002a0d   Thumb Code     6  stm32f4xx_tim.o(.text)
    TIM_GetITStatus                          0x08002a13   Thumb Code    34  stm32f4xx_tim.o(.text)
    TIM_ClearITPendingBit                    0x08002a35   Thumb Code     6  stm32f4xx_tim.o(.text)
    TIM_DMAConfig                            0x08002a3b   Thumb Code    10  stm32f4xx_tim.o(.text)
    TIM_DMACmd                               0x08002a45   Thumb Code    18  stm32f4xx_tim.o(.text)
    TIM_SelectCCDMA                          0x08002a57   Thumb Code    24  stm32f4xx_tim.o(.text)
    TIM_InternalClockConfig                  0x08002a6f   Thumb Code    12  stm32f4xx_tim.o(.text)
    TIM_SelectInputTrigger                   0x08002a7b   Thumb Code    18  stm32f4xx_tim.o(.text)
    TIM_ITRxExternalClockConfig              0x08002a8d   Thumb Code    24  stm32f4xx_tim.o(.text)
    TIM_TIxExternalClockConfig               0x08002aa5   Thumb Code    62  stm32f4xx_tim.o(.text)
    TIM_ETRConfig                            0x08002ae3   Thumb Code    28  stm32f4xx_tim.o(.text)
    TIM_ETRClockMode1Config                  0x08002aff   Thumb Code    54  stm32f4xx_tim.o(.text)
    TIM_ETRClockMode2Config                  0x08002b35   Thumb Code    32  stm32f4xx_tim.o(.text)
    TIM_SelectOutputTrigger                  0x08002b55   Thumb Code    18  stm32f4xx_tim.o(.text)
    TIM_SelectSlaveMode                      0x08002b67   Thumb Code    18  stm32f4xx_tim.o(.text)
    TIM_SelectMasterSlaveMode                0x08002b79   Thumb Code    18  stm32f4xx_tim.o(.text)
    TIM_EncoderInterfaceConfig               0x08002b8b   Thumb Code    66  stm32f4xx_tim.o(.text)
    TIM_SelectHallSensor                     0x08002bcd   Thumb Code    24  stm32f4xx_tim.o(.text)
    TIM_RemapConfig                          0x08002be5   Thumb Code     6  stm32f4xx_tim.o(.text)
    OnNumberOfErrorsUpdate                   0x08002bed   Thumb Code    44  emcy.o(.text)
    emergencyInit                            0x08002c19   Thumb Code    30  emcy.o(.text)
    emergencyStop                            0x08002c37   Thumb Code     2  emcy.o(.text)
    sendEMCY                                 0x08002c39   Thumb Code    88  emcy.o(.text)
    EMCY_setError                            0x08002c91   Thumb Code   294  emcy.o(.text)
    EMCY_errorRecovered                      0x08002db7   Thumb Code   152  emcy.o(.text)
    proceedEMCY                              0x08002e4f   Thumb Code    58  emcy.o(.text)
    _post_emcy                               0x08002e89   Thumb Code     6  emcy.o(.text)
    getNodeState                             0x08002e91   Thumb Code    16  lifegrd.o(.text)
    ConsumerHeartbeatAlarm                   0x08002ea1   Thumb Code    50  lifegrd.o(.text)
    proceedNODE_GUARD                        0x08002ed3   Thumb Code   276  lifegrd.o(.text)
    ProducerHeartbeatAlarm                   0x08002fe7   Thumb Code    72  lifegrd.o(.text)
    GuardTimeAlarm                           0x0800302f   Thumb Code   118  lifegrd.o(.text)
    nodeguardInit                            0x080030a5   Thumb Code   128  lifegrd.o(.text)
    nodeguardStop                            0x08003125   Thumb Code    18  lifegrd.o(.text)
    OnNodeGuardUpdate                        0x08003137   Thumb Code    24  lifegrd.o(.text)
    OnHeartbeatProducerUpdate                0x0800314f   Thumb Code    66  lifegrd.o(.text)
    heartbeatInit                            0x08003191   Thumb Code   132  lifegrd.o(.text)
    heartbeatStop                            0x08003215   Thumb Code    56  lifegrd.o(.text)
    lifeGuardInit                            0x0800324d   Thumb Code    18  lifegrd.o(.text)
    lifeGuardStop                            0x0800325f   Thumb Code    18  lifegrd.o(.text)
    _heartbeatError                          0x08003271   Thumb Code     2  lifegrd.o(.text)
    _post_SlaveBootup                        0x08003273   Thumb Code     2  lifegrd.o(.text)
    _post_SlaveStateChange                   0x08003275   Thumb Code     2  lifegrd.o(.text)
    _nodeguardError                          0x08003277   Thumb Code     2  lifegrd.o(.text)
    masterSendNMTstateChange                 0x0800327d   Thumb Code    44  nmtmaster.o(.text)
    masterSendNMTnodeguard                   0x080032a9   Thumb Code    38  nmtmaster.o(.text)
    masterRequestNodeState                   0x080032cf   Thumb Code    50  nmtmaster.o(.text)
    proceedNMTstateChange                    0x08003301   Thumb Code   224  nmtslave.o(.text)
    slaveSendBootUp                          0x080033e1   Thumb Code    46  nmtslave.o(.text)
    accessDictionaryError                    0x08003411   Thumb Code    10  objacces.o(.text)
    _getODentry                              0x0800341b   Thumb Code   224  objacces.o(.text)
    _setODentry                              0x080034fb   Thumb Code   302  objacces.o(.text)
    RegisterSetODentryCallBack               0x08003629   Thumb Code    50  objacces.o(.text)
    _storeODSubIndex                         0x0800365b   Thumb Code     6  objacces.o(.text)
    CopyBits                                 0x08003671   Thumb Code   236  pdo.o(.text)
    buildPDO                                 0x0800375d   Thumb Code   238  pdo.o(.text)
    sendPDOrequest                           0x0800384b   Thumb Code    96  pdo.o(.text)
    PDOInhibitTimerAlarm                     0x080038d7   Thumb Code    56  pdo.o(.text)
    sendOnePDOevent                          0x0800390f   Thumb Code   338  pdo.o(.text)
    PDOEventTimerAlarm                       0x08003a61   Thumb Code    46  pdo.o(.text)
    proceedPDO                               0x08003a8f   Thumb Code   730  pdo.o(.text)
    _sendPDOevent                            0x08003d69   Thumb Code   412  pdo.o(.text)
    sendPDOevent                             0x08003f05   Thumb Code    14  pdo.o(.text)
    _RxPDO_EventTimers_Handler               0x08003f13   Thumb Code     2  pdo.o(.text)
    TPDO_Communication_Parameter_Callback    0x08003f15   Thumb Code   148  pdo.o(.text)
    PDOInit                                  0x08003fa9   Thumb Code    84  pdo.o(.text)
    PDOStop                                  0x08003ffd   Thumb Code   120  pdo.o(.text)
    PDOEnable                                0x08004075   Thumb Code    48  pdo.o(.text)
    PDODisable                               0x080040a5   Thumb Code    48  pdo.o(.text)
    initSDOline                              0x080040d5   Thumb Code   444  sdo.o(.text)
    resetSDOline                             0x08004291   Thumb Code    96  sdo.o(.text)
    sendSDO                                  0x080042f1   Thumb Code   162  sdo.o(.text)
    sendSDOabort                             0x08004393   Thumb Code    82  sdo.o(.text)
    SDOTimeoutAlarm                          0x080043e5   Thumb Code   312  sdo.o(.text)
    resetSDO                                 0x0800451d   Thumb Code    26  sdo.o(.text)
    SDOlineToObjdict                         0x08004537   Thumb Code   172  sdo.o(.text)
    objdictToSDOline                         0x080045e3   Thumb Code   142  sdo.o(.text)
    lineToSDO                                0x08004671   Thumb Code   176  sdo.o(.text)
    SDOtoLine                                0x08004721   Thumb Code   134  sdo.o(.text)
    getSDOlineOnUse                          0x080047a7   Thumb Code   114  sdo.o(.text)
    failedSDO                                0x08004819   Thumb Code   182  sdo.o(.text)
    getSDOfreeLine                           0x080048cf   Thumb Code    70  sdo.o(.text)
    getSDOlineToClose                        0x08004915   Thumb Code    92  sdo.o(.text)
    GetSDOClientFromNodeId                   0x08004971   Thumb Code    84  sdo.o(.text)
    closeSDOtransfer                         0x080049c5   Thumb Code    64  sdo.o(.text)
    getSDOlineRestBytes                      0x08004a05   Thumb Code    74  sdo.o(.text)
    setSDOlineRestBytes                      0x08004a4f   Thumb Code    34  sdo.o(.text)
    proceedSDO                               0x08004a71   Thumb Code 11072  sdo.o(.text)
    resetClientSDOLineFromNodeId             0x080075b1   Thumb Code    52  sdo.o(.text)
    _writeNetworkDict                        0x080075e5   Thumb Code   490  sdo.o(.text)
    writeNetworkDict                         0x080077cf   Thumb Code    54  sdo.o(.text)
    writeNetworkDictCallBack                 0x08007805   Thumb Code    46  sdo.o(.text)
    writeNetworkDictCallBackAI               0x08007833   Thumb Code   194  sdo.o(.text)
    _readNetworkDict                         0x080078f5   Thumb Code   316  sdo.o(.text)
    readNetworkDict                          0x08007a31   Thumb Code    42  sdo.o(.text)
    readNetworkDictCallback                  0x08007a5b   Thumb Code    40  sdo.o(.text)
    readNetworkDictCallbackAI                0x08007a83   Thumb Code   186  sdo.o(.text)
    getReadResultNetworkDict                 0x08007b3d   Thumb Code   386  sdo.o(.text)
    getWriteResultNetworkDict                0x08007cbf   Thumb Code   144  sdo.o(.text)
    getState                                 0x08007d51   Thumb Code     8  states.o(.text)
    canDispatch                              0x08007d59   Thumb Code   154  states.o(.text)
    switchCommunicationState                 0x08007df3   Thumb Code   284  states.o(.text)
    setState                                 0x08007f0f   Thumb Code   200  states.o(.text)
    getNodeId                                0x08007fd7   Thumb Code     8  states.o(.text)
    setNodeId                                0x08007fdf   Thumb Code   432  states.o(.text)
    _initialisation                          0x0800818f   Thumb Code     2  states.o(.text)
    _preOperational                          0x08008191   Thumb Code    22  states.o(.text)
    _operational                             0x080081a7   Thumb Code     2  states.o(.text)
    _stopped                                 0x080081a9   Thumb Code     2  states.o(.text)
    proceedSYNC                              0x080081b1   Thumb Code    44  sync.o(.text)
    sendSYNCMessage                          0x080081dd   Thumb Code    38  sync.o(.text)
    sendSYNC                                 0x08008203   Thumb Code    22  sync.o(.text)
    SyncAlarm                                0x08008219   Thumb Code    14  sync.o(.text)
    stopSYNC                                 0x08008227   Thumb Code    46  sync.o(.text)
    startSYNC                                0x08008255   Thumb Code   110  sync.o(.text)
    OnCOB_ID_SyncUpdate                      0x080082c3   Thumb Code    18  sync.o(.text)
    _post_sync                               0x080082d5   Thumb Code     2  sync.o(.text)
    _post_TPDO                               0x080082d7   Thumb Code     2  sync.o(.text)
    SetAlarm                                 0x080082dd   Thumb Code   170  timer.o(.text)
    DelAlarm                                 0x08008387   Thumb Code    46  timer.o(.text)
    TimeDispatch                             0x080083b5   Thumb Code   178  timer.o(.text)
    CAN1_Init                                0x08008475   Thumb Code   272  can1.o(.text)
    canSend                                  0x08008585   Thumb Code    96  can1.o(.text)
    canChangeBaudRate_driver                 0x080085e5   Thumb Code     6  can1.o(.text)
    CAN1_RX0_IRQHandler                      0x080085eb   Thumb Code   170  can1.o(.text)
    TIM3_Init                                0x080086b1   Thumb Code   102  timer3.o(.text)
    setTimer                                 0x08008717   Thumb Code    60  timer3.o(.text)
    getElapsedTime                           0x08008753   Thumb Code    40  timer3.o(.text)
    TIM3_IRQHandler                          0x0800877b   Thumb Code    40  timer3.o(.text)
    Master_valueRangeTest                    0x080087b1   Thumb Code    22  master.o(.text)
    Master_scanIndexOD                       0x080087c7   Thumb Code    88  master.o(.text)
    __use_no_semihosting                     0x0800882d   Thumb Code     2  use_no_semi_2.o(.text)
    __2printf                                0x08008831   Thumb Code    20  noretval__2printf.o(.text)
    __printf                                 0x08008849   Thumb Code   104  __printf.o(.text)
    _printf_int_dec                          0x080088b1   Thumb Code   104  _printf_dec.o(.text)
    memcmp                                   0x08008929   Thumb Code    88  memcmp.o(.text)
    __aeabi_memcpy                           0x08008981   Thumb Code     0  rt_memcpy_v6.o(.text)
    __rt_memcpy                              0x08008981   Thumb Code   138  rt_memcpy_v6.o(.text)
    _memcpy_lastbytes                        0x080089e7   Thumb Code     0  rt_memcpy_v6.o(.text)
    __aeabi_memclr4                          0x08008a0b   Thumb Code     0  rt_memclr_w.o(.text)
    __aeabi_memclr8                          0x08008a0b   Thumb Code     0  rt_memclr_w.o(.text)
    __rt_memclr_w                            0x08008a0b   Thumb Code    78  rt_memclr_w.o(.text)
    _memset_w                                0x08008a0f   Thumb Code     0  rt_memclr_w.o(.text)
    __use_two_region_memory                  0x08008a59   Thumb Code     2  heapauxi.o(.text)
    __rt_heap_escrow$2region                 0x08008a5b   Thumb Code     2  heapauxi.o(.text)
    __rt_heap_expand$2region                 0x08008a5d   Thumb Code     2  heapauxi.o(.text)
    __I$use$semihosting                      0x08008a5f   Thumb Code     0  use_no_semi.o(.text)
    __use_no_semihosting_swi                 0x08008a5f   Thumb Code     2  use_no_semi.o(.text)
    _printf_int_common                       0x08008a61   Thumb Code   178  _printf_intcommon.o(.text)
    _printf_char_file                        0x08008b15   Thumb Code    32  _printf_char_file.o(.text)
    __aeabi_memcpy4                          0x08008b39   Thumb Code     0  rt_memcpy_w.o(.text)
    __aeabi_memcpy8                          0x08008b39   Thumb Code     0  rt_memcpy_w.o(.text)
    __rt_memcpy_w                            0x08008b39   Thumb Code   100  rt_memcpy_w.o(.text)
    _memcpy_lastbytes_aligned                0x08008b81   Thumb Code     0  rt_memcpy_w.o(.text)
    _printf_char_common                      0x08008ba7   Thumb Code    32  _printf_char_common.o(.text)
    ferror                                   0x08008bcd   Thumb Code     8  ferror.o(.text)
    __user_setup_stackheap                   0x08008bd5   Thumb Code    74  sys_stackheap_outer.o(.text)
    exit                                     0x08008c1f   Thumb Code    18  exit.o(.text)
    __user_libspace                          0x08008c31   Thumb Code     8  libspace.o(.text)
    __user_perproc_libspace                  0x08008c31   Thumb Code     0  libspace.o(.text)
    __user_perthread_libspace                0x08008c31   Thumb Code     0  libspace.o(.text)
    _fp_init                                 0x08008c39   Thumb Code    10  fpinit.o(x$fpl$fpinit)
    __fplib_config_fpu_vfp                   0x08008c41   Thumb Code     0  fpinit.o(x$fpl$fpinit)
    __fplib_config_pureend_doubles           0x08008c41   Thumb Code     0  fpinit.o(x$fpl$fpinit)
    Master_iam_a_slave                       0x08008c84   Data           1  master.o(.constdata)
    Master_objdict                           0x08008c88   Data          40  master.o(.constdata)
    Master_firstIndex                        0x08008cb0   Data          12  master.o(.constdata)
    Master_lastIndex                         0x08008cbc   Data          12  master.o(.constdata)
    Master_ObjdictSize                       0x08008cc8   Data           2  master.o(.constdata)
    Region$$Table$$Base                      0x08008ccc   Number         0  anon$$obj.o(Region$$Table)
    Region$$Table$$Limit                     0x08008cec   Number         0  anon$$obj.o(Region$$Table)
    SystemCoreClock                          0x20000000   Data           4  system_stm32f4xx.o(.data)
    AHBPrescTable                            0x20000004   Data          16  system_stm32f4xx.o(.data)
    __stdout                                 0x20000018   Data           4  usart.o(.data)
    total_sleep_time                         0x2000002c   Data           4  timer.o(.data)
    last_timer_raw                           0x20000030   Data           2  timer.o(.data)
    tdcount                                  0x20000034   Data           4  timer.o(.data)
    last_counter_val                         0x2000003c   Data           4  timer3.o(.data)
    elapsed_time                             0x20000040   Data           4  timer3.o(.data)
    Master_bDeviceNodeId                     0x20000044   Data           1  master.o(.data)
    Master_heartBeatTimers                   0x20000046   Data           2  master.o(.data)
    Master_obj1000                           0x20000048   Data           4  master.o(.data)
    Master_Index1000                         0x2000004c   Data          16  master.o(.data)
    Master_obj1001                           0x2000005c   Data           1  master.o(.data)
    Master_Index1001                         0x20000060   Data          16  master.o(.data)
    Master_highestSubIndex_obj1003           0x20000070   Data           1  master.o(.data)
    Master_obj1003                           0x20000074   Data           4  master.o(.data)
    Master_Index1003                         0x20000078   Data          32  master.o(.data)
    Master_obj1005                           0x20000098   Data           4  master.o(.data)
    Master_obj1006                           0x2000009c   Data           4  master.o(.data)
    Master_obj100C                           0x200000a0   Data           2  master.o(.data)
    Master_obj100D                           0x200000a2   Data           1  master.o(.data)
    Master_obj1014                           0x200000a4   Data           4  master.o(.data)
    Master_highestSubIndex_obj1016           0x200000a8   Data           1  master.o(.data)
    Master_obj1016                           0x200000ac   Data           4  master.o(.data)
    Master_obj1017                           0x200000b0   Data           2  master.o(.data)
    Master_Index1017                         0x200000b4   Data          16  master.o(.data)
    Master_highestSubIndex_obj1018           0x200000c4   Data           1  master.o(.data)
    Master_obj1018_Vendor_ID                 0x200000c8   Data           4  master.o(.data)
    Master_obj1018_Product_Code              0x200000cc   Data           4  master.o(.data)
    Master_obj1018_Revision_Number           0x200000d0   Data           4  master.o(.data)
    Master_obj1018_Serial_Number             0x200000d4   Data           4  master.o(.data)
    Master_Index1018                         0x200000d8   Data          80  master.o(.data)
    Master_highestSubIndex_obj1280           0x20000128   Data           1  master.o(.data)
    Master_obj1280_COB_ID_Client_to_Server_Transmit_SDO 0x2000012c   Data           4  master.o(.data)
    Master_obj1280_COB_ID_Server_to_Client_Receive_SDO 0x20000130   Data           4  master.o(.data)
    Master_obj1280_Node_ID_of_the_SDO_Server 0x20000134   Data           1  master.o(.data)
    Master_Index1280                         0x20000138   Data          64  master.o(.data)
    Master_PDO_status                        0x20000178   Data          18  master.o(.data)
    Master_Data                              0x2000018c   Data         576  master.o(.data)
    timers                                   0x200003cc   Data         192  timer.o(.bss)
    __libspace_start                         0x2000048c   Data          96  libspace.o(.bss)
    __temporary_stack_top$libspace           0x200004ec   Data           0  libspace.o(.bss)



==============================================================================

Memory Map of the image

  Image Entry point : 0x08000189

  Load Region LR_IROM1 (Base: 0x08000000, Size: 0x000090b8, Max: 0x00080000, ABSOLUTE, COMPRESSED[0x00008df4])

    Execution Region ER_IROM1 (Exec base: 0x08000000, Load base: 0x08000000, Size: 0x00008cec, Max: 0x00080000, ABSOLUTE)

    Exec Addr    Load Addr    Size         Type   Attr      Idx    E Section Name        Object

    0x08000000   0x08000000   0x00000188   Data   RO          361    RESET               startup_stm32f40_41xxx.o
    0x08000188   0x08000188   0x00000008   Code   RO          899  * !!!main             c_w.l(__main.o)
    0x08000190   0x08000190   0x00000034   Code   RO         1073    !!!scatter          c_w.l(__scatter.o)
    0x080001c4   0x080001c4   0x0000005a   Code   RO         1071    !!dczerorl2         c_w.l(__dczerorl2.o)
    0x0800021e   0x0800021e   0x00000002   PAD
    0x08000220   0x08000220   0x0000001c   Code   RO         1075    !!handler_zi        c_w.l(__scatter_zi.o)
    0x0800023c   0x0800023c   0x00000000   Code   RO          890    .ARM.Collect$$_printf_percent$$00000000  c_w.l(_printf_percent.o)
    0x0800023c   0x0800023c   0x00000006   Code   RO          889    .ARM.Collect$$_printf_percent$$00000009  c_w.l(_printf_d.o)
    0x08000242   0x08000242   0x00000004   Code   RO          908    .ARM.Collect$$_printf_percent$$00000017  c_w.l(_printf_percent_end.o)
    0x08000246   0x08000246   0x00000002   Code   RO          943    .ARM.Collect$$libinit$$00000000  c_w.l(libinit.o)
    0x08000248   0x08000248   0x00000004   Code   RO          949    .ARM.Collect$$libinit$$00000001  c_w.l(libinit2.o)
    0x0800024c   0x0800024c   0x00000000   Code   RO          952    .ARM.Collect$$libinit$$00000004  c_w.l(libinit2.o)
    0x0800024c   0x0800024c   0x00000000   Code   RO          955    .ARM.Collect$$libinit$$0000000A  c_w.l(libinit2.o)
    0x0800024c   0x0800024c   0x00000000   Code   RO          957    .ARM.Collect$$libinit$$0000000C  c_w.l(libinit2.o)
    0x0800024c   0x0800024c   0x00000000   Code   RO          959    .ARM.Collect$$libinit$$0000000E  c_w.l(libinit2.o)
    0x0800024c   0x0800024c   0x00000000   Code   RO          962    .ARM.Collect$$libinit$$00000011  c_w.l(libinit2.o)
    0x0800024c   0x0800024c   0x00000000   Code   RO          964    .ARM.Collect$$libinit$$00000013  c_w.l(libinit2.o)
    0x0800024c   0x0800024c   0x00000000   Code   RO          966    .ARM.Collect$$libinit$$00000015  c_w.l(libinit2.o)
    0x0800024c   0x0800024c   0x00000000   Code   RO          968    .ARM.Collect$$libinit$$00000017  c_w.l(libinit2.o)
    0x0800024c   0x0800024c   0x00000000   Code   RO          970    .ARM.Collect$$libinit$$00000019  c_w.l(libinit2.o)
    0x0800024c   0x0800024c   0x00000000   Code   RO          972    .ARM.Collect$$libinit$$0000001B  c_w.l(libinit2.o)
    0x0800024c   0x0800024c   0x00000000   Code   RO          974    .ARM.Collect$$libinit$$0000001D  c_w.l(libinit2.o)
    0x0800024c   0x0800024c   0x00000000   Code   RO          976    .ARM.Collect$$libinit$$0000001F  c_w.l(libinit2.o)
    0x0800024c   0x0800024c   0x00000000   Code   RO          978    .ARM.Collect$$libinit$$00000021  c_w.l(libinit2.o)
    0x0800024c   0x0800024c   0x00000000   Code   RO          980    .ARM.Collect$$libinit$$00000023  c_w.l(libinit2.o)
    0x0800024c   0x0800024c   0x00000000   Code   RO          982    .ARM.Collect$$libinit$$00000025  c_w.l(libinit2.o)
    0x0800024c   0x0800024c   0x00000000   Code   RO          986    .ARM.Collect$$libinit$$0000002C  c_w.l(libinit2.o)
    0x0800024c   0x0800024c   0x00000000   Code   RO          988    .ARM.Collect$$libinit$$0000002E  c_w.l(libinit2.o)
    0x0800024c   0x0800024c   0x00000000   Code   RO          990    .ARM.Collect$$libinit$$00000030  c_w.l(libinit2.o)
    0x0800024c   0x0800024c   0x00000000   Code   RO          992    .ARM.Collect$$libinit$$00000032  c_w.l(libinit2.o)
    0x0800024c   0x0800024c   0x00000002   Code   RO          993    .ARM.Collect$$libinit$$00000033  c_w.l(libinit2.o)
    0x0800024e   0x0800024e   0x00000002   Code   RO         1011    .ARM.Collect$$libshutdown$$00000000  c_w.l(libshutdown.o)
    0x08000250   0x08000250   0x00000000   Code   RO         1021    .ARM.Collect$$libshutdown$$00000002  c_w.l(libshutdown2.o)
    0x08000250   0x08000250   0x00000000   Code   RO         1023    .ARM.Collect$$libshutdown$$00000004  c_w.l(libshutdown2.o)
    0x08000250   0x08000250   0x00000000   Code   RO         1025    .ARM.Collect$$libshutdown$$00000006  c_w.l(libshutdown2.o)
    0x08000250   0x08000250   0x00000000   Code   RO         1028    .ARM.Collect$$libshutdown$$00000009  c_w.l(libshutdown2.o)
    0x08000250   0x08000250   0x00000000   Code   RO         1031    .ARM.Collect$$libshutdown$$0000000C  c_w.l(libshutdown2.o)
    0x08000250   0x08000250   0x00000000   Code   RO         1033    .ARM.Collect$$libshutdown$$0000000E  c_w.l(libshutdown2.o)
    0x08000250   0x08000250   0x00000000   Code   RO         1036    .ARM.Collect$$libshutdown$$00000011  c_w.l(libshutdown2.o)
    0x08000250   0x08000250   0x00000002   Code   RO         1037    .ARM.Collect$$libshutdown$$00000012  c_w.l(libshutdown2.o)
    0x08000252   0x08000252   0x00000000   Code   RO          903    .ARM.Collect$$rtentry$$00000000  c_w.l(__rtentry.o)
    0x08000252   0x08000252   0x00000000   Code   RO          912    .ARM.Collect$$rtentry$$00000002  c_w.l(__rtentry2.o)
    0x08000252   0x08000252   0x00000006   Code   RO          924    .ARM.Collect$$rtentry$$00000004  c_w.l(__rtentry4.o)
    0x08000258   0x08000258   0x00000000   Code   RO          914    .ARM.Collect$$rtentry$$00000009  c_w.l(__rtentry2.o)
    0x08000258   0x08000258   0x00000004   Code   RO          915    .ARM.Collect$$rtentry$$0000000A  c_w.l(__rtentry2.o)
    0x0800025c   0x0800025c   0x00000000   Code   RO          917    .ARM.Collect$$rtentry$$0000000C  c_w.l(__rtentry2.o)
    0x0800025c   0x0800025c   0x00000008   Code   RO          918    .ARM.Collect$$rtentry$$0000000D  c_w.l(__rtentry2.o)
    0x08000264   0x08000264   0x00000002   Code   RO          947    .ARM.Collect$$rtexit$$00000000  c_w.l(rtexit.o)
    0x08000266   0x08000266   0x00000000   Code   RO          995    .ARM.Collect$$rtexit$$00000002  c_w.l(rtexit2.o)
    0x08000266   0x08000266   0x00000004   Code   RO          996    .ARM.Collect$$rtexit$$00000003  c_w.l(rtexit2.o)
    0x0800026a   0x0800026a   0x00000006   Code   RO          997    .ARM.Collect$$rtexit$$00000004  c_w.l(rtexit2.o)
    0x08000270   0x08000270   0x00000070   Code   RO            3    .text               main.o
    0x080002e0   0x080002e0   0x0000001a   Code   RO          216    .text               stm32f4xx_it.o
    0x080002fa   0x080002fa   0x00000002   PAD
    0x080002fc   0x080002fc   0x00000210   Code   RO          265    .text               system_stm32f4xx.o
    0x0800050c   0x0800050c   0x00000104   Code   RO          291    .text               delay.o
    0x08000610   0x08000610   0x000000e4   Code   RO          331    .text               usart.o
    0x080006f4   0x080006f4   0x00000040   Code   RO          362    .text               startup_stm32f40_41xxx.o
    0x08000734   0x08000734   0x000000e0   Code   RO          368    .text               misc.o
    0x08000814   0x08000814   0x00000294   Code   RO          388    .text               stm32f4xx_gpio.o
    0x08000aa8   0x08000aa8   0x0000065c   Code   RO          431    .text               stm32f4xx_rcc.o
    0x08001104   0x08001104   0x00000454   Code   RO          473    .text               stm32f4xx_usart.o
    0x08001558   0x08001558   0x000009f0   Code   RO          493    .text               stm32f4xx_can.o
    0x08001f48   0x08001f48   0x00000ca2   Code   RO          553    .text               stm32f4xx_tim.o
    0x08002bea   0x08002bea   0x00000002   PAD
    0x08002bec   0x08002bec   0x000002a2   Code   RO          616    .text               emcy.o
    0x08002e8e   0x08002e8e   0x00000002   PAD
    0x08002e90   0x08002e90   0x000003ec   Code   RO          628    .text               lifegrd.o
    0x0800327c   0x0800327c   0x00000084   Code   RO          649    .text               nmtmaster.o
    0x08003300   0x08003300   0x0000010e   Code   RO          661    .text               nmtslave.o
    0x0800340e   0x0800340e   0x00000002   PAD
    0x08003410   0x08003410   0x00000260   Code   RO          673    .text               objacces.o
    0x08003670   0x08003670   0x00000a64   Code   RO          685    .text               pdo.o
    0x080040d4   0x080040d4   0x00003c7a   Code   RO          697    .text               sdo.o
    0x08007d4e   0x08007d4e   0x00000002   PAD
    0x08007d50   0x08007d50   0x00000460   Code   RO          719    .text               states.o
    0x080081b0   0x080081b0   0x0000012c   Code   RO          732    .text               sync.o
    0x080082dc   0x080082dc   0x00000198   Code   RO          744    .text               timer.o
    0x08008474   0x08008474   0x0000023c   Code   RO          795    .text               can1.o
    0x080086b0   0x080086b0   0x00000100   Code   RO          817    .text               timer3.o
    0x080087b0   0x080087b0   0x0000007c   Code   RO          838    .text               master.o
    0x0800882c   0x0800882c   0x00000002   Code   RO          859    .text               c_w.l(use_no_semi_2.o)
    0x0800882e   0x0800882e   0x00000002   PAD
    0x08008830   0x08008830   0x00000018   Code   RO          863    .text               c_w.l(noretval__2printf.o)
    0x08008848   0x08008848   0x00000068   Code   RO          865    .text               c_w.l(__printf.o)
    0x080088b0   0x080088b0   0x00000078   Code   RO          867    .text               c_w.l(_printf_dec.o)
    0x08008928   0x08008928   0x00000058   Code   RO          891    .text               c_w.l(memcmp.o)
    0x08008980   0x08008980   0x0000008a   Code   RO          893    .text               c_w.l(rt_memcpy_v6.o)
    0x08008a0a   0x08008a0a   0x0000004e   Code   RO          895    .text               c_w.l(rt_memclr_w.o)
    0x08008a58   0x08008a58   0x00000006   Code   RO          897    .text               c_w.l(heapauxi.o)
    0x08008a5e   0x08008a5e   0x00000002   Code   RO          901    .text               c_w.l(use_no_semi.o)
    0x08008a60   0x08008a60   0x000000b2   Code   RO          904    .text               c_w.l(_printf_intcommon.o)
    0x08008b12   0x08008b12   0x00000002   PAD
    0x08008b14   0x08008b14   0x00000024   Code   RO          906    .text               c_w.l(_printf_char_file.o)
    0x08008b38   0x08008b38   0x00000064   Code   RO          909    .text               c_w.l(rt_memcpy_w.o)
    0x08008b9c   0x08008b9c   0x00000030   Code   RO          926    .text               c_w.l(_printf_char_common.o)
    0x08008bcc   0x08008bcc   0x00000008   Code   RO          928    .text               c_w.l(ferror.o)
    0x08008bd4   0x08008bd4   0x0000004a   Code   RO          932    .text               c_w.l(sys_stackheap_outer.o)
    0x08008c1e   0x08008c1e   0x00000012   Code   RO          936    .text               c_w.l(exit.o)
    0x08008c30   0x08008c30   0x00000008   Code   RO          944    .text               c_w.l(libspace.o)
    0x08008c38   0x08008c38   0x0000000a   Code   RO         1003    x$fpl$fpinit        fz_wm.l(fpinit.o)
    0x08008c42   0x08008c42   0x00000002   PAD
    0x08008c44   0x08008c44   0x00000040   Data   RO          720    .constdata          states.o
    0x08008c84   0x08008c84   0x00000046   Data   RO          839    .constdata          master.o
    0x08008cca   0x08008cca   0x00000002   PAD
    0x08008ccc   0x08008ccc   0x00000020   Data   RO         1069    Region$$Table       anon$$obj.o


    Execution Region RW_IRAM1 (Exec base: 0x20000000, Load base: 0x08008cec, Size: 0x00000af0, Max: 0x00020000, ABSOLUTE, COMPRESSED[0x00000108])

    Exec Addr    Load Addr    Size         Type   Attr      Idx    E Section Name        Object

    0x20000000   COMPRESSED   0x00000014   Data   RW          266    .data               system_stm32f4xx.o
    0x20000014   COMPRESSED   0x00000004   Data   RW          292    .data               delay.o
    0x20000018   COMPRESSED   0x00000004   Data   RW          332    .data               usart.o
    0x2000001c   COMPRESSED   0x00000010   Data   RW          432    .data               stm32f4xx_rcc.o
    0x2000002c   COMPRESSED   0x0000000c   Data   RW          746    .data               timer.o
    0x20000038   COMPRESSED   0x00000004   Data   RW          796    .data               can1.o
    0x2000003c   COMPRESSED   0x00000008   Data   RW          818    .data               timer3.o
    0x20000044   COMPRESSED   0x00000388   Data   RW          840    .data               master.o
    0x200003cc        -       0x000000c0   Zero   RW          745    .bss                timer.o
    0x2000048c        -       0x00000060   Zero   RW          945    .bss                c_w.l(libspace.o)
    0x200004ec   COMPRESSED   0x00000004   PAD
    0x200004f0        -       0x00000200   Zero   RW          360    HEAP                startup_stm32f40_41xxx.o
    0x200006f0        -       0x00000400   Zero   RW          359    STACK               startup_stm32f40_41xxx.o


==============================================================================

Image component sizes


      Code (inc. data)   RO Data    RW Data    ZI Data      Debug   Object Name

       572         28          0          4          0       2381   can1.o
       260          8          0          4          0       1549   delay.o
       674          0          0          0          0       3815   emcy.o
      1004          4          0          0          0       5375   lifegrd.o
       112         16          0          0          0     302083   main.o
       124         14         70        904          0       4128   master.o
       224         20          0          0          0       1885   misc.o
       132          0          0          0          0       1393   nmtmaster.o
       270          0          0          0          0       1116   nmtslave.o
       608         16          0          0          0       3520   objacces.o
      2660          4          0          0          0       8731   pdo.o
     15482        150          0          0          0      22339   sdo.o
        64         26        392          0       1536        860   startup_stm32f40_41xxx.o
      1120         22         64          0          0       4387   states.o
      2544         38          0          0          0       8212   stm32f4xx_can.o
       660         44          0          0          0       4225   stm32f4xx_gpio.o
        26          0          0          0          0       1258   stm32f4xx_it.o
      1628         52          0         16          0      13136   stm32f4xx_rcc.o
      3234         60          0          0          0      23084   stm32f4xx_tim.o
      1108         34          0          0          0       7952   stm32f4xx_usart.o
       300          4          0          0          0       2314   sync.o
       528         46          0         20          0       1879   system_stm32f4xx.o
       408         14          0         12        192      13366   timer.o
       256         14          0          8          0       1520   timer3.o
       228          8          0          4          0       3266   usart.o

    ----------------------------------------------------------------------
     34236        622        560        972       1728     443774   Object Totals
         0          0         32          0          0          0   (incl. Generated)
        10          0          2          0          0          0   (incl. Padding)

    ----------------------------------------------------------------------

      Code (inc. data)   RO Data    RW Data    ZI Data      Debug   Library Member Name

        90          0          0          0          0          0   __dczerorl2.o
         8          0          0          0          0         68   __main.o
       104          0          0          0          0         84   __printf.o
         0          0          0          0          0          0   __rtentry.o
        12          0          0          0          0          0   __rtentry2.o
         6          0          0          0          0          0   __rtentry4.o
        52          8          0          0          0          0   __scatter.o
        28          0          0          0          0          0   __scatter_zi.o
        48          6          0          0          0         96   _printf_char_common.o
        36          4          0          0          0         80   _printf_char_file.o
         6          0          0          0          0          0   _printf_d.o
       120         16          0          0          0         92   _printf_dec.o
       178          0          0          0          0         88   _printf_intcommon.o
         0          0          0          0          0          0   _printf_percent.o
         4          0          0          0          0          0   _printf_percent_end.o
        18          0          0          0          0         80   exit.o
         8          0          0          0          0         68   ferror.o
         6          0          0          0          0        152   heapauxi.o
         2          0          0          0          0          0   libinit.o
         6          0          0          0          0          0   libinit2.o
         2          0          0          0          0          0   libshutdown.o
         2          0          0          0          0          0   libshutdown2.o
         8          4          0          0         96         68   libspace.o
        88          0          0          0          0         76   memcmp.o
        24          4          0          0          0         84   noretval__2printf.o
        78          0          0          0          0         80   rt_memclr_w.o
       138          0          0          0          0         68   rt_memcpy_v6.o
       100          0          0          0          0         80   rt_memcpy_w.o
         2          0          0          0          0          0   rtexit.o
        10          0          0          0          0          0   rtexit2.o
        74          0          0          0          0         80   sys_stackheap_outer.o
         2          0          0          0          0         68   use_no_semi.o
         2          0          0          0          0         68   use_no_semi_2.o
        10          0          0          0          0        116   fpinit.o

    ----------------------------------------------------------------------
      1280         42          0          0        100       1596   Library Totals
         8          0          0          0          4          0   (incl. Padding)

    ----------------------------------------------------------------------

      Code (inc. data)   RO Data    RW Data    ZI Data      Debug   Library Name

      1262         42          0          0         96       1480   c_w.l
        10          0          0          0          0        116   fz_wm.l

    ----------------------------------------------------------------------
      1280         42          0          0        100       1596   Library Totals

    ----------------------------------------------------------------------

==============================================================================


      Code (inc. data)   RO Data    RW Data    ZI Data      Debug   

     35516        664        560        972       1828     439242   Grand Totals
     35516        664        560        264       1828     439242   ELF Image Totals (compressed)
     35516        664        560        264          0          0   ROM Totals

==============================================================================

    Total RO  Size (Code + RO Data)                36076 (  35.23kB)
    Total RW  Size (RW Data + ZI Data)              2800 (   2.73kB)
    Total ROM Size (Code + RO Data + RW Data)      36340 (  35.49kB)

==============================================================================

