Component: ARM Compiler 5.06 update 1 (build 61) Tool: armlink [4d35a8]

==============================================================================

Section Cross References

    main.o(.text) refers to misc.o(.text) for NVIC_PriorityGroupConfig
    main.o(.text) refers to delay.o(.text) for delay_init
    main.o(.text) refers to can1.o(.text) for CAN1_Init
    main.o(.text) refers to timer2.o(.text) for TIM2_Init
    main.o(.text) refers to usart.o(.text) for USART1_Init
    main.o(.text) refers to states.o(.text) for setNodeId
    main.o(.text) refers to sdo.o(.text) for sendSDO
    main.o(.text) refers to master.o(.data) for Master_Data
    system_stm32f4xx.o(.text) refers to system_stm32f4xx.o(.data) for SystemCoreClock
    delay.o(.text) refers to misc.o(.text) for SysTick_CLKSourceConfig
    delay.o(.text) refers to delay.o(.data) for fac_us
    usart.o(.rev16_text) refers (Special) to use_no_semi_2.o(.text) for __use_no_semihosting
    usart.o(.revsh_text) refers (Special) to use_no_semi_2.o(.text) for __use_no_semihosting
    usart.o(.text) refers (Special) to use_no_semi_2.o(.text) for __use_no_semihosting
    usart.o(.text) refers to stm32f4xx_rcc.o(.text) for RCC_AHB1PeriphClockCmd
    usart.o(.text) refers to stm32f4xx_gpio.o(.text) for GPIO_PinAFConfig
    usart.o(.text) refers to stm32f4xx_usart.o(.text) for USART_Init
    usart.o(.text) refers to misc.o(.text) for NVIC_Init
    usart.o(.data) refers (Special) to use_no_semi_2.o(.text) for __use_no_semihosting
    startup_stm32f40_41xxx.o(STACK) refers (Special) to heapauxi.o(.text) for __use_two_region_memory
    startup_stm32f40_41xxx.o(HEAP) refers (Special) to heapauxi.o(.text) for __use_two_region_memory
    startup_stm32f40_41xxx.o(RESET) refers (Special) to heapauxi.o(.text) for __use_two_region_memory
    startup_stm32f40_41xxx.o(RESET) refers to startup_stm32f40_41xxx.o(STACK) for __initial_sp
    startup_stm32f40_41xxx.o(RESET) refers to startup_stm32f40_41xxx.o(.text) for Reset_Handler
    startup_stm32f40_41xxx.o(RESET) refers to stm32f4xx_it.o(.text) for NMI_Handler
    startup_stm32f40_41xxx.o(RESET) refers to can1.o(.text) for CAN1_RX0_IRQHandler
    startup_stm32f40_41xxx.o(RESET) refers to timer2.o(.text) for TIM2_IRQHandler
    startup_stm32f40_41xxx.o(RESET) refers to usart.o(.text) for USART1_IRQHandler
    startup_stm32f40_41xxx.o(.text) refers (Special) to heapauxi.o(.text) for __use_two_region_memory
    startup_stm32f40_41xxx.o(.text) refers to system_stm32f4xx.o(.text) for SystemInit
    startup_stm32f40_41xxx.o(.text) refers to __main.o(!!!main) for __main
    startup_stm32f40_41xxx.o(.text) refers to startup_stm32f40_41xxx.o(HEAP) for Heap_Mem
    startup_stm32f40_41xxx.o(.text) refers to startup_stm32f40_41xxx.o(STACK) for Stack_Mem
    stm32f4xx_gpio.o(.text) refers to stm32f4xx_rcc.o(.text) for RCC_AHB1PeriphResetCmd
    stm32f4xx_fsmc.o(.text) refers to stm32f4xx_fsmc.o(.constdata) for FSMC_DefaultTimingStruct
    stm32f4xx_rcc.o(.text) refers to stm32f4xx_rcc.o(.data) for APBAHBPrescTable
    stm32f4xx_syscfg.o(.text) refers to stm32f4xx_rcc.o(.text) for RCC_APB2PeriphResetCmd
    stm32f4xx_usart.o(.text) refers to stm32f4xx_rcc.o(.text) for RCC_APB2PeriphResetCmd
    stm32f4xx_can.o(.text) refers to stm32f4xx_rcc.o(.text) for RCC_APB1PeriphResetCmd
    stm32f4xx_spi.o(.text) refers to stm32f4xx_rcc.o(.text) for RCC_APB2PeriphResetCmd
    stm32f4xx_sdio.o(.text) refers to stm32f4xx_rcc.o(.text) for RCC_APB2PeriphResetCmd
    stm32f4xx_tim.o(.text) refers to stm32f4xx_rcc.o(.text) for RCC_APB2PeriphResetCmd
    dcf.o(.text) refers to _printf_percent.o(.ARM.Collect$$_printf_percent$$00000000) for _printf_percent
    dcf.o(.text) refers to _printf_d.o(.ARM.Collect$$_printf_percent$$00000009) for _printf_d
    dcf.o(.text) refers to _printf_x.o(.ARM.Collect$$_printf_percent$$0000000C) for _printf_x
    dcf.o(.text) refers to _printf_s.o(.ARM.Collect$$_printf_percent$$00000014) for _printf_s
    dcf.o(.text) refers to _printf_dec.o(.text) for _printf_int_dec
    dcf.o(.text) refers to _printf_hex_int.o(.text) for _printf_longlong_hex
    dcf.o(.text) refers to _printf_str.o(.text) for _printf_str
    dcf.o(.text) refers to nmtmaster.o(.text) for masterSendNMTstateChange
    dcf.o(.text) refers to sdo.o(.text) for writeNetworkDictCallBackAI
    dcf.o(.text) refers to noretval__2printf.o(.text) for __2printf
    emcy.o(.text) refers to _printf_percent.o(.ARM.Collect$$_printf_percent$$00000000) for _printf_percent
    emcy.o(.text) refers to _printf_d.o(.ARM.Collect$$_printf_percent$$00000009) for _printf_d
    emcy.o(.text) refers to _printf_x.o(.ARM.Collect$$_printf_percent$$0000000C) for _printf_x
    emcy.o(.text) refers to _printf_s.o(.ARM.Collect$$_printf_percent$$00000014) for _printf_s
    emcy.o(.text) refers to _printf_dec.o(.text) for _printf_int_dec
    emcy.o(.text) refers to _printf_hex_int.o(.text) for _printf_longlong_hex
    emcy.o(.text) refers to _printf_str.o(.text) for _printf_str
[...]
    ..\\SYSTEM\\delay\\delay.c               0x00000000   Number         0  delay.o ABSOLUTE
    ..\\SYSTEM\\sys\\sys.c                   0x00000000   Number         0  sys.o ABSOLUTE
    ..\\SYSTEM\\usart\\usart.c               0x00000000   Number         0  usart.o ABSOLUTE
    dc.s                                     0x00000000   Number         0  dc.o ABSOLUTE
    main.c                                   0x00000000   Number         0  main.o ABSOLUTE
    main.c                                   0x00000000   Number         0  main.o ABSOLUTE
    stm32f4xx_it.c                           0x00000000   Number         0  stm32f4xx_it.o ABSOLUTE
    stm32f4xx_it.c                           0x00000000   Number         0  stm32f4xx_it.o ABSOLUTE
    system_stm32f4xx.c                       0x00000000   Number         0  system_stm32f4xx.o ABSOLUTE
    system_stm32f4xx.c                       0x00000000   Number         0  system_stm32f4xx.o ABSOLUTE
    RESET                                    0x08000000   Section      392  startup_stm32f40_41xxx.o(RESET)
    !!!main                                  0x08000188   Section        8  __main.o(!!!main)
    !!!scatter                               0x08000190   Section       52  __scatter.o(!!!scatter)
    !!dczerorl2                              0x080001c4   Section       90  __dczerorl2.o(!!dczerorl2)
    !!handler_zi                             0x08000220   Section       28  __scatter_zi.o(!!handler_zi)
    .ARM.Collect$$_printf_percent$$00000000  0x0800023c   Section        0  _printf_percent.o(.ARM.Collect$$_printf_percent$$00000000)
    .ARM.Collect$$_printf_percent$$00000009  0x0800023c   Section        6  _printf_d.o(.ARM.Collect$$_printf_percent$$00000009)
    .ARM.Collect$$_printf_percent$$0000000C  0x08000242   Section        6  _printf_x.o(.ARM.Collect$$_printf_percent$$0000000C)
    .ARM.Collect$$_printf_percent$$00000014  0x08000248   Section        6  _printf_s.o(.ARM.Collect$$_printf_percent$$00000014)
    .ARM.Collect$$_printf_percent$$00000017  0x0800024e   Section        4  _printf_percent_end.o(.ARM.Collect$$_printf_percent$$00000017)
    .ARM.Collect$$libinit$$00000000          0x08000252   Section        2  libinit.o(.ARM.Collect$$libinit$$00000000)
    .ARM.Collect$$libinit$$00000001          0x08000254   Section        4  libinit2.o(.ARM.Collect$$libinit$$00000001)
    .ARM.Collect$$libinit$$00000004          0x08000258   Section        0  libinit2.o(.ARM.Collect$$libinit$$00000004)
    .ARM.Collect$$libinit$$0000000A          0x08000258   Section        0  libinit2.o(.ARM.Collect$$libinit$$0000000A)
    .ARM.Collect$$libinit$$0000000C          0x08000258   Section        0  libinit2.o(.ARM.Collect$$libinit$$0000000C)
    .ARM.Collect$$libinit$$0000000E          0x08000258   Section        0  libinit2.o(.ARM.Collect$$libinit$$0000000E)
    .ARM.Collect$$libinit$$00000011          0x08000258   Section        0  libinit2.o(.ARM.Collect$$libinit$$00000011)
    .ARM.Collect$$libinit$$00000013          0x08000258   Section        0  libinit2.o(.ARM.Collect$$libinit$$00000013)
    .ARM.Collect$$libinit$$00000015          0x08000258   Section        0  libinit2.o(.ARM.Collect$$libinit$$00000015)
    .ARM.Collect$$libinit$$00000017          0x08000258   Section        0  libinit2.o(.ARM.Collect$$libinit$$00000017)
    .ARM.Collect$$libinit$$00000019          0x08000258   Section        0  libinit2.o(.ARM.Collect$$libinit$$00000019)
    .ARM.Collect$$libinit$$0000001B          0x08000258   Section        0  libinit2.o(.ARM.Collect$$libinit$$0000001B)
    .ARM.Collect$$libinit$$0000001D          0x08000258   Section        0  libinit2.o(.ARM.Collect$$libinit$$0000001D)
    .ARM.Collect$$libinit$$0000001F          0x08000258   Section        0  libinit2.o(.ARM.Collect$$libinit$$0000001F)
    .ARM.Collect$$libinit$$00000021          0x08000258   Section        0  libinit2.o(.ARM.Collect$$libinit$$00000021)
    .ARM.Collect$$libinit$$00000023          0x08000258   Section        0  libinit2.o(.ARM.Collect$$libinit$$00000023)
    .ARM.Collect$$libinit$$00000025          0x08000258   Section        0  libinit2.o(.ARM.Collect$$libinit$$00000025)
    .ARM.Collect$$libinit$$0000002C          0x08000258   Section        0  libinit2.o(.ARM.Collect$$libinit$$0000002C)
    .ARM.Collect$$libinit$$0000002E          0x08000258   Section        0  libinit2.o(.ARM.Collect$$libinit$$0000002E)
    .ARM.Collect$$libinit$$00000030          0x08000258   Section        0  libinit2.o(.ARM.Collect$$libinit$$00000030)
    .ARM.Collect$$libinit$$00000032          0x08000258   Section        0  libinit2.o(.ARM.Collect$$libinit$$00000032)
    .ARM.Collect$$libinit$$00000033          0x08000258   Section        2  libinit2.o(.ARM.Collect$$libinit$$00000033)
    .ARM.Collect$$libshutdown$$00000000      0x0800025a   Section        2  libshutdown.o(.ARM.Collect$$libshutdown$$00000000)
    .ARM.Collect$$libshutdown$$00000002      0x0800025c   Section        0  libshutdown2.o(.ARM.Collect$$libshutdown$$00000002)
    .ARM.Collect$$libshutdown$$00000004      0x0800025c   Section        0  libshutdown2.o(.ARM.Collect$$libshutdown$$00000004)
    .ARM.Collect$$libshutdown$$00000007      0x0800025c   Section        0  libshutdown2.o(.ARM.Collect$$libshutdown$$00000007)
    .ARM.Collect$$libshutdown$$0000000A      0x0800025c   Section        0  libshutdown2.o(.ARM.Collect$$libshutdown$$0000000A)
    .ARM.Collect$$libshutdown$$0000000C      0x0800025c   Section        0  libshutdown2.o(.ARM.Collect$$libshutdown$$0000000C)
    .ARM.Collect$$libshutdown$$0000000F      0x0800025c   Section        0  libshutdown2.o(.ARM.Collect$$libshutdown$$0000000F)
    .ARM.Collect$$libshutdown$$00000010      0x0800025c   Section        2  libshutdown2.o(.ARM.Collect$$libshutdown$$00000010)
    .ARM.Collect$$rtentry$$00000000          0x0800025e   Section        0  __rtentry.o(.ARM.Collect$$rtentry$$00000000)
    .ARM.Collect$$rtentry$$00000002          0x0800025e   Section        0  __rtentry2.o(.ARM.Collect$$rtentry$$00000002)
    .ARM.Collect$$rtentry$$00000004          0x0800025e   Section        6  __rtentry4.o(.ARM.Collect$$rtentry$$00000004)
    .ARM.Collect$$rtentry$$00000009          0x08000264   Section        0  __rtentry2.o(.ARM.Collect$$rtentry$$00000009)
    .ARM.Collect$$rtentry$$0000000A          0x08000264   Section        4  __rtentry2.o(.ARM.Collect$$rtentry$$0000000A)
    .ARM.Collect$$rtentry$$0000000C          0x08000268   Section        0  __rtentry2.o(.ARM.Collect$$rtentry$$0000000C)
    .ARM.Collect$$rtentry$$0000000D          0x08000268   Section        8  __rtentry2.o(.ARM.Collect$$rtentry$$0000000D)
    .ARM.Collect$$rtexit$$00000000           0x08000270   Section        2  rtexit.o(.ARM.Collect$$rtexit$$00000000)
    .ARM.Collect$$rtexit$$00000002           0x08000272   Section        0  rtexit2.o(.ARM.Collect$$rtexit$$00000002)
    .ARM.Collect$$rtexit$$00000003           0x08000272   Section        4  rtexit2.o(.ARM.Collect$$rtexit$$00000003)
    .ARM.Collect$$rtexit$$00000004           0x08000276   Section        6  rtexit2.o(.ARM.Collect$$rtexit$$00000004)
    .text                                    0x0800027c   Section        0  main.o(.text)
    .text                                    0x080004e4   Section        0  stm32f4xx_it.o(.text)
    .text                                    0x08000500   Section        0  system_stm32f4xx.o(.text)
    SetSysClock                              0x08000501   Thumb Code   220  system_stm32f4xx.o(.text)
    .text                                    0x08000710   Section        0  delay.o(.text)
    .text                                    0x08000814   Section        0  usart.o(.text)
    .text                                    0x080008f8   Section       64  startup_stm32f40_41xxx.o(.text)
    $v0                                      0x080008f8   Number         0  startup_stm32f40_41xxx.o(.text)
    .text                                    0x08000938   Section        0  misc.o(.text)
    .text                                    0x08000a18   Section        0  stm32f4xx_gpio.o(.text)
    .text                                    0x08000cac   Section        0  stm32f4xx_rcc.o(.text)
    .text                                    0x08001308   Section        0  stm32f4xx_usart.o(.text)
    .text                                    0x0800175c   Section        0  stm32f4xx_can.o(.text)
    CheckITStatus                            0x08001f5f   Thumb Code    18  stm32f4xx_can.o(.text)
    .text                                    0x0800214c   Section        0  stm32f4xx_tim.o(.text)
    TI4_Config                               0x080028eb   Thumb Code    80  stm32f4xx_tim.o(.text)
    TI3_Config                               0x0800294d   Thumb Code    72  stm32f4xx_tim.o(.text)
    TI2_Config                               0x080029af   Thumb Code    90  stm32f4xx_tim.o(.text)
    TI1_Config                               0x08002a1b   Thumb Code    58  stm32f4xx_tim.o(.text)
    .text                                    0x08002df0   Section        0  emcy.o(.text)
    .text                                    0x080031dc   Section        0  lifegrd.o(.text)
    .text                                    0x080037a4   Section        0  nmtmaster.o(.text)
    .text                                    0x080038dc   Section        0  nmtslave.o(.text)
    .text                                    0x08003a80   Section        0  objacces.o(.text)
    .text                                    0x08004008   Section        0  pdo.o(.text)
    sendPdo                                  0x0800432f   Thumb Code    92  pdo.o(.text)
    .text                                    0x0800520c   Section        0  sdo.o(.text)
    .text                                    0x0800b68c   Section        0  states.o(.text)
    .text                                    0x0800bd14   Section        0  sync.o(.text)
    .text                                    0x0800bec8   Section        0  timer.o(.text)
    .text                                    0x0800c0b8   Section        0  master.o(.text)
    .text                                    0x0800c134   Section        0  can1.o(.text)
    .text                                    0x0800c36c   Section        0  timer2.o(.text)
    .text                                    0x0800c470   Section        2  use_no_semi_2.o(.text)
    .text                                    0x0800c474   Section        0  noretval__2printf.o(.text)
    .text                                    0x0800c48c   Section        0  __printf.o(.text)
    .text                                    0x0800c4f4   Section        0  _printf_str.o(.text)
    .text                                    0x0800c548   Section        0  _printf_dec.o(.text)
    .text                                    0x0800c5c0   Section        0  _printf_hex_int.o(.text)
    .text                                    0x0800c618   Section        0  memcmp.o(.text)
    .text                                    0x0800c670   Section      138  rt_memcpy_v6.o(.text)
    .text                                    0x0800c6fa   Section       78  rt_memclr_w.o(.text)
    .text                                    0x0800c748   Section        0  heapauxi.o(.text)
    .text                                    0x0800c74e   Section        2  use_no_semi.o(.text)
    .text                                    0x0800c750   Section        0  _printf_intcommon.o(.text)
    .text                                    0x0800c802   Section        0  _printf_char.o(.text)
    .text                                    0x0800c830   Section        0  _printf_char_file.o(.text)
    .text                                    0x0800c854   Section      100  rt_memcpy_w.o(.text)
    .text                                    0x0800c8b8   Section        0  _printf_char_common.o(.text)
    _printf_input_char                       0x0800c8b9   Thumb Code    10  _printf_char_common.o(.text)
    .text                                    0x0800c8e8   Section        0  ferror.o(.text)
    .text                                    0x0800c8f0   Section       74  sys_stackheap_outer.o(.text)
    .text                                    0x0800c93a   Section        0  exit.o(.text)
    .text                                    0x0800c94c   Section        8  libspace.o(.text)
    x$fpl$fpinit                             0x0800c954   Section       10  fpinit.o(x$fpl$fpinit)
    $v0                                      0x0800c954   Number         0  fpinit.o(x$fpl$fpinit)
    .constdata                               0x0800c960   Section       64  states.o(.constdata)
    .constdata                               0x0800c9a0   Section       70  master.o(.constdata)
    .constdata                               0x0800c9e6   Section       40  _printf_hex_int.o(.constdata)
    uc_hextab                                0x0800c9e6   Data          20  _printf_hex_int.o(.constdata)
    lc_hextab                                0x0800c9fa   Data          20  _printf_hex_int.o(.constdata)
    .conststring                             0x0800ca10   Section       68  pdo.o(.conststring)
    .conststring                             0x0800ca54   Section     1902  sdo.o(.conststring)
    .data                                    0x20000000   Section       20  system_stm32f4xx.o(.data)
    .data                                    0x20000014   Section        4  delay.o(.data)
    fac_us                                   0x20000014   Data           1  delay.o(.data)
    fac_ms                                   0x20000016   Data           2  delay.o(.data)
    .data                                    0x20000018   Section        4  usart.o(.data)
    .data                                    0x2000001c   Section       16  stm32f4xx_rcc.o(.data)
    APBAHBPrescTable                         0x2000001c   Data          16  stm32f4xx_rcc.o(.data)
    .data                                    0x2000002c   Section       12  timer.o(.data)
    .data                                    0x20000038   Section      904  master.o(.data)
    .data                                    0x200003c0   Section        4  can1.o(.data)
    co_data                                  0x200003c0   Data           4  can1.o(.data)
    .data                                    0x200003c4   Section        8  timer2.o(.data)
    .bss                                     0x200003cc   Section      192  timer.o(.bss)
    .bss                                     0x2000048c   Section       96  libspace.o(.bss)
    HEAP                                     0x200004f0   Section      512  startup_stm32f40_41xxx.o(HEAP)
    Heap_Mem                                 0x200004f0   Data         512  startup_stm32f40_41xxx.o(HEAP)
    STACK                                    0x200006f0   Section     1024  startup_stm32f40_41xxx.o(STACK)
    Stack_Mem                                0x200006f0   Data        1024  startup_stm32f40_41xxx.o(STACK)
    __initial_sp                             0x20000af0   Data           0  startup_stm32f40_41xxx.o(STACK)

    Global Symbols

    Symbol Name                              Value     Ov Type        Size  Object(Section)

    BuildAttributes$$THM_ISAv4$E$P$D$K$B$S$7EM$VFPi3$EXTD16$VFPS$VFMA$PE$A:L22UL41UL21$X:L11$S22US41US21$IEEE1$IW$USESV6$~STKCKD$USESV7$~SHL$OSPACE$ROPI$EBA8$UX$STANDARDLIB$REQ8$PRES8$EABIv2 0x00000000   Number         0  anon$$obj.o ABSOLUTE
    __ARM_use_no_argv                        0x00000000   Number         0  main.o ABSOLUTE
    __ARM_exceptions_init                     - Undefined Weak Reference
    __alloca_initialize                       - Undefined Weak Reference
    __arm_preinit_                            - Undefined Weak Reference
    __cpp_initialize__aeabi_                  - Undefined Weak Reference
    __cxa_finalize                            - Undefined Weak Reference
    __rt_locale                               - Undefined Weak Reference
    __sigvec_lookup                           - Undefined Weak Reference
    _atexit_init                              - Undefined Weak Reference
    _call_atexit_fns                          - Undefined Weak Reference
    _clock_init                               - Undefined Weak Reference
    _fp_trap_init                             - Undefined Weak Reference
    _fp_trap_shutdown                         - Undefined Weak Reference
    _get_lc_collate                           - Undefined Weak Reference
    _get_lc_ctype                             - Undefined Weak Reference
    _get_lc_monetary                          - Undefined Weak Reference
    _get_lc_numeric                           - Undefined Weak Reference
    _get_lc_time                              - Undefined Weak Reference
    _getenv_init                              - Undefined Weak Reference
    _handle_redirection                       - Undefined Weak Reference
    _init_alloc                               - Undefined Weak Reference
    _init_user_alloc                          - Undefined Weak Reference
    _initio                                   - Undefined Weak Reference
    _mutex_acquire                            - Undefined Weak Reference
    _mutex_release                            - Undefined Weak Reference
    _printf_mbtowc                            - Undefined Weak Reference
    _printf_post_padding                      - Undefined Weak Reference
    _printf_pre_padding                       - Undefined Weak Reference
    _printf_truncate_signed                   - Undefined Weak Reference
    _printf_truncate_unsigned                 - Undefined Weak Reference
    _rand_init                                - Undefined Weak Reference
    _signal_finish                            - Undefined Weak Reference
    _signal_init                              - Undefined Weak Reference
    _terminate_alloc                          - Undefined Weak Reference
    _terminate_user_alloc                     - Undefined Weak Reference
    _terminateio                              - Undefined Weak Reference
    __Vectors_Size                           0x00000188   Number         0  startup_stm32f40_41xxx.o ABSOLUTE
    __Vectors                                0x08000000   Data           4  startup_stm32f40_41xxx.o(RESET)
    __Vectors_End                            0x08000188   Data           0  startup_stm32f40_41xxx.o(RESET)
    __main                                   0x08000189   Thumb Code     8  __main.o(!!!main)
    __scatterload                            0x08000191   Thumb Code     0  __scatter.o(!!!scatter)
    __scatterload_rt2                        0x08000191   Thumb Code    44  __scatter.o(!!!scatter)
    __scatterload_rt2_thumb_only             0x08000191   Thumb Code     0  __scatter.o(!!!scatter)
    __scatterload_null                       0x0800019f   Thumb Code     0  __scatter.o(!!!scatter)
    __decompress                             0x080001c5   Thumb Code    90  __dczerorl2.o(!!dczerorl2)
    __decompress1                            0x080001c5   Thumb Code     0  __dczerorl2.o(!!dczerorl2)
    __scatterload_zeroinit                   0x08000221   Thumb Code    28  __scatter_zi.o(!!handler_zi)
    _printf_d                                0x0800023d   Thumb Code     0  _printf_d.o(.ARM.Collect$$_printf_percent$$00000009)
    _printf_percent                          0x0800023d   Thumb Code     0  _printf_percent.o(.ARM.Collect$$_printf_percent$$00000000)
    _printf_x                                0x08000243   Thumb Code     0  _printf_x.o(.ARM.Collect$$_printf_percent$$0000000C)
    _printf_s                                0x08000249   Thumb Code     0  _printf_s.o(.ARM.Collect$$_printf_percent$$00000014)
    _printf_percent_end                      0x0800024f   Thumb Code     0  _printf_percent_end.o(.ARM.Collect$$_printf_percent$$00000017)
    __rt_lib_init                            0x08000253   Thumb Code     0  libinit.o(.ARM.Collect$$libinit$$00000000)
    __rt_lib_init_fp_1                       0x08000255   Thumb Code     0  libinit2.o(.ARM.Collect$$libinit$$00000001)
    __rt_lib_init_alloca_1                   0x08000259   Thumb Code     0  libinit2.o(.ARM.Collect$$libinit$$0000002E)
    __rt_lib_init_argv_1                     0x08000259   Thumb Code     0  libinit2.o(.ARM.Collect$$libinit$$0000002C)
    __rt_lib_init_atexit_1                   0x08000259   Thumb Code     0  libinit2.o(.ARM.Collect$$libinit$$0000001B)
    __rt_lib_init_clock_1                    0x08000259   Thumb Code     0  libinit2.o(.ARM.Collect$$libinit$$00000021)
    __rt_lib_init_cpp_1                      0x08000259   Thumb Code     0  libinit2.o(.ARM.Collect$$libinit$$00000032)
    __rt_lib_init_exceptions_1               0x08000259   Thumb Code     0  libinit2.o(.ARM.Collect$$libinit$$00000030)
    __rt_lib_init_fp_trap_1                  0x08000259   Thumb Code     0  libinit2.o(.ARM.Collect$$libinit$$0000001F)
    __rt_lib_init_getenv_1                   0x08000259   Thumb Code     0  libinit2.o(.ARM.Collect$$libinit$$00000023)
    __rt_lib_init_heap_1                     0x08000259   Thumb Code     0  libinit2.o(.ARM.Collect$$libinit$$0000000A)
    __rt_lib_init_lc_collate_1               0x08000259   Thumb Code     0  libinit2.o(.ARM.Collect$$libinit$$00000011)
    __rt_lib_init_lc_ctype_1                 0x08000259   Thumb Code     0  libinit2.o(.ARM.Collect$$libinit$$00000013)
    __rt_lib_init_lc_monetary_1              0x08000259   Thumb Code     0  libinit2.o(.ARM.Collect$$libinit$$00000015)
    __rt_lib_init_lc_numeric_1               0x08000259   Thumb Code     0  libinit2.o(.ARM.Collect$$libinit$$00000017)
    __rt_lib_init_lc_time_1                  0x08000259   Thumb Code     0  libinit2.o(.ARM.Collect$$libinit$$00000019)
    __rt_lib_init_preinit_1                  0x08000259   Thumb Code     0  libinit2.o(.ARM.Collect$$libinit$$00000004)
    __rt_lib_init_rand_1                     0x08000259   Thumb Code     0  libinit2.o(.ARM.Collect$$libinit$$0000000E)
    __rt_lib_init_return                     0x08000259   Thumb Code     0  libinit2.o(.ARM.Collect$$libinit$$00000033)
    __rt_lib_init_signal_1                   0x08000259   Thumb Code     0  libinit2.o(.ARM.Collect$$libinit$$0000001D)
    __rt_lib_init_stdio_1                    0x08000259   Thumb Code     0  libinit2.o(.ARM.Collect$$libinit$$00000025)
    __rt_lib_init_user_alloc_1               0x08000259   Thumb Code     0  libinit2.o(.ARM.Collect$$libinit$$0000000C)
    __rt_lib_shutdown                        0x0800025b   Thumb Code     0  libshutdown.o(.ARM.Collect$$libshutdown$$00000000)
    __rt_lib_shutdown_cpp_1                  0x0800025d   Thumb Code     0  libshutdown2.o(.ARM.Collect$$libshutdown$$00000002)
    __rt_lib_shutdown_fp_trap_1              0x0800025d   Thumb Code     0  libshutdown2.o(.ARM.Collect$$libshutdown$$00000007)
    __rt_lib_shutdown_heap_1                 0x0800025d   Thumb Code     0  libshutdown2.o(.ARM.Collect$$libshutdown$$0000000F)
    __rt_lib_shutdown_return                 0x0800025d   Thumb Code     0  libshutdown2.o(.ARM.Collect$$libshutdown$$00000010)
    __rt_lib_shutdown_signal_1               0x0800025d   Thumb Code     0  libshutdown2.o(.ARM.Collect$$libshutdown$$0000000A)
    __rt_lib_shutdown_stdio_1                0x0800025d   Thumb Code     0  libshutdown2.o(.ARM.Collect$$libshutdown$$00000004)
    __rt_lib_shutdown_user_alloc_1           0x0800025d   Thumb Code     0  libshutdown2.o(.ARM.Collect$$libshutdown$$0000000C)
    __rt_entry                               0x0800025f   Thumb Code     0  __rtentry.o(.ARM.Collect$$rtentry$$00000000)
    __rt_entry_presh_1                       0x0800025f   Thumb Code     0  __rtentry2.o(.ARM.Collect$$rtentry$$00000002)
    __rt_entry_sh                            0x0800025f   Thumb Code     0  __rtentry4.o(.ARM.Collect$$rtentry$$00000004)
    __rt_entry_li                            0x08000265   Thumb Code     0  __rtentry2.o(.ARM.Collect$$rtentry$$0000000A)
    __rt_entry_postsh_1                      0x08000265   Thumb Code     0  __rtentry2.o(.ARM.Collect$$rtentry$$00000009)
    __rt_entry_main                          0x08000269   Thumb Code     0  __rtentry2.o(.ARM.Collect$$rtentry$$0000000D)
    __rt_entry_postli_1                      0x08000269   Thumb Code     0  __rtentry2.o(.ARM.Collect$$rtentry$$0000000C)
    __rt_exit                                0x08000271   Thumb Code     0  rtexit.o(.ARM.Collect$$rtexit$$00000000)
    __rt_exit_ls                             0x08000273   Thumb Code     0  rtexit2.o(.ARM.Collect$$rtexit$$00000003)
    __rt_exit_prels_1                        0x08000273   Thumb Code     0  rtexit2.o(.ARM.Collect$$rtexit$$00000002)
    __rt_exit_exit                           0x08000277   Thumb Code     0  rtexit2.o(.ARM.Collect$$rtexit$$00000004)
    main                                     0x0800027d   Thumb Code   438  main.o(.text)
    NMI_Handler                              0x080004e5   Thumb Code     2  stm32f4xx_it.o(.text)
    HardFault_Handler                        0x080004e7   Thumb Code     4  stm32f4xx_it.o(.text)
    MemManage_Handler                        0x080004eb   Thumb Code     4  stm32f4xx_it.o(.text)
    BusFault_Handler                         0x080004ef   Thumb Code     4  stm32f4xx_it.o(.text)
    UsageFault_Handler                       0x080004f3   Thumb Code     4  stm32f4xx_it.o(.text)
    SVC_Handler                              0x080004f7   Thumb Code     2  stm32f4xx_it.o(.text)
    DebugMon_Handler                         0x080004f9   Thumb Code     2  stm32f4xx_it.o(.text)
    PendSV_Handler                           0x080004fb   Thumb Code     2  stm32f4xx_it.o(.text)
    SysTick_Handler                          0x080004fd   Thumb Code     2  stm32f4xx_it.o(.text)
    SystemInit                               0x080005dd   Thumb Code    88  system_stm32f4xx.o(.text)
    SystemCoreClockUpdate                    0x08000635   Thumb Code   174  system_stm32f4xx.o(.text)
    delay_init                               0x08000711   Thumb Code    52  delay.o(.text)
    delay_us                                 0x08000745   Thumb Code    72  delay.o(.text)
    delay_xms                                0x0800078d   Thumb Code    72  delay.o(.text)
    delay_ms                                 0x080007d5   Thumb Code    56  delay.o(.text)
    _sys_exit                                0x08000815   Thumb Code     4  usart.o(.text)
    fputc                                    0x08000819   Thumb Code    22  usart.o(.text)
    USART1_Init                              0x0800082f   Thumb Code   166  usart.o(.text)
    USART1_IRQHandler                        0x080008d5   Thumb Code    28  usart.o(.text)
    Reset_Handler                            0x080008f9   Thumb Code     8  startup_stm32f40_41xxx.o(.text)
    ADC_IRQHandler                           0x08000913   Thumb Code     0  startup_stm32f40_41xxx.o(.text)
    CAN1_RX1_IRQHandler                      0x08000913   Thumb Code     0  startup_stm32f40_41xxx.o(.text)
    CAN1_SCE_IRQHandler                      0x08000913   Thumb Code     0  startup_stm32f40_41xxx.o(.text)
    CAN1_TX_IRQHandler                       0x08000913   Thumb Code     0  startup_stm32f40_41xxx.o(.text)
    CAN2_RX0_IRQHandler                      0x08000913   Thumb Code     0  startup_stm32f40_41xxx.o(.text)
    CAN2_RX1_IRQHandler                      0x08000913   Thumb Code     0  startup_stm32f40_41xxx.o(.text)
    CAN2_SCE_IRQHandler                      0x08000913   Thumb Code     0  startup_stm32f40_41xxx.o(.text)
    CAN2_TX_IRQHandler                       0x08000913   Thumb Code     0  startup_stm32f40_41xxx.o(.text)
    CRYP_IRQHandler                          0x08000913   Thumb Code     0  startup_stm32f40_41xxx.o(.text)
    DCMI_IRQHandler                          0x08000913   Thumb Code     0  startup_stm32f40_41xxx.o(.text)
    DMA1_Stream0_IRQHandler                  0x08000913   Thumb Code     0  startup_stm32f40_41xxx.o(.text)
    DMA1_Stream1_IRQHandler                  0x08000913   Thumb Code     0  startup_stm32f40_41xxx.o(.text)
    DMA1_Stream2_IRQHandler                  0x08000913   Thumb Code     0  startup_stm32f40_41xxx.o(.text)
    DMA1_Stream3_IRQHandler                  0x08000913   Thumb Code     0  startup_stm32f40_41xxx.o(.text)
    DMA1_Stream4_IRQHandler                  0x08000913   Thumb Code     0  startup_stm32f40_41xxx.o(.text)
    DMA1_Stream5_IRQHandler                  0x08000913   Thumb Code     0  startup_stm32f40_41xxx.o(.text)
    DMA1_Stream6_IRQHandler                  0x08000913   Thumb Code     0  startup_stm32f40_41xxx.o(.text)
    DMA1_Stream7_IRQHandler                  0x08000913   Thumb Code     0  startup_stm32f40_41xxx.o(.text)
    DMA2_Stream0_IRQHandler                  0x08000913   Thumb Code     0  startup_stm32f40_41xxx.o(.text)
    DMA2_Stream1_IRQHandler                  0x08000913   Thumb Code     0  startup_stm32f40_41xxx.o(.text)
    DMA2_Stream2_IRQHandler                  0x08000913   Thumb Code     0  startup_stm32f40_41xxx.o(.text)
    DMA2_Stream3_IRQHandler                  0x08000913   Thumb Code     0  startup_stm32f40_41xxx.o(.text)
    DMA2_Stream4_IRQHandler                  0x08000913   Thumb Code     0  startup_stm32f40_41xxx.o(.text)
    DMA2_Stream5_IRQHandler                  0x08000913   Thumb Code     0  startup_stm32f40_41xxx.o(.text)
    DMA2_Stream6_IRQHandler                  0x08000913   Thumb Code     0  startup_stm32f40_41xxx.o(.text)
    DMA2_Stream7_IRQHandler                  0x08000913   Thumb Code     0  startup_stm32f40_41xxx.o(.text)
    ETH_IRQHandler                           0x08000913   Thumb Code     0  startup_stm32f40_41xxx.o(.text)
    ETH_WKUP_IRQHandler                      0x08000913   Thumb Code     0  startup_stm32f40_41xxx.o(.text)
    EXTI0_IRQHandler                         0x08000913   Thumb Code     0  startup_stm32f40_41xxx.o(.text)
    EXTI15_10_IRQHandler                     0x08000913   Thumb Code     0  startup_stm32f40_41xxx.o(.text)
    EXTI1_IRQHandler                         0x08000913   Thumb Code     0  startup_stm32f40_41xxx.o(.text)
    EXTI2_IRQHandler                         0x08000913   Thumb Code     0  startup_stm32f40_41xxx.o(.text)
    EXTI3_IRQHandler                         0x08000913   Thumb Code     0  startup_stm32f40_41xxx.o(.text)
    EXTI4_IRQHandler                         0x08000913   Thumb Code     0  startup_stm32f40_41xxx.o(.text)
    EXTI9_5_IRQHandler                       0x08000913   Thumb Code     0  startup_stm32f40_41xxx.o(.text)
    FLASH_IRQHandler                         0x08000913   Thumb Code     0  startup_stm32f40_41xxx.o(.text)
    FPU_IRQHandler                           0x08000913   Thumb Code     0  startup_stm32f40_41xxx.o(.text)
    FSMC_IRQHandler                          0x08000913   Thumb Code     0  startup_stm32f40_41xxx.o(.text)
    HASH_RNG_IRQHandler                      0x08000913   Thumb Code     0  startup_stm32f40_41xxx.o(.text)
    I2C1_ER_IRQHandler                       0x08000913   Thumb Code     0  startup_stm32f40_41xxx.o(.text)
    I2C1_EV_IRQHandler                       0x08000913   Thumb Code     0  startup_stm32f40_41xxx.o(.text)
    I2C2_ER_IRQHandler                       0x08000913   Thumb Code     0  startup_stm32f40_41xxx.o(.text)
    I2C2_EV_IRQHandler                       0x08000913   Thumb Code     0  startup_stm32f40_41xxx.o(.text)
    I2C3_ER_IRQHandler                       0x08000913   Thumb Code     0  startup_stm32f40_41xxx.o(.text)
    I2C3_EV_IRQHandler                       0x08000913   Thumb Code     0  startup_stm32f40_41xxx.o(.text)
    OTG_FS_IRQHandler                        0x08000913   Thumb Code     0  startup_stm32f40_41xxx.o(.text)
    OTG_FS_WKUP_IRQHandler                   0x08000913   Thumb Code     0  startup_stm32f40_41xxx.o(.text)
    OTG_HS_EP1_IN_IRQHandler                 0x08000913   Thumb Code     0  startup_stm32f40_41xxx.o(.text)
    OTG_HS_EP1_OUT_IRQHandler                0x08000913   Thumb Code     0  startup_stm32f40_41xxx.o(.text)
    OTG_HS_IRQHandler                        0x08000913   Thumb Code     0  startup_stm32f40_41xxx.o(.text)
    OTG_HS_WKUP_IRQHandler                   0x08000913   Thumb Code     0  startup_stm32f40_41xxx.o(.text)
    PVD_IRQHandler                           0x08000913   Thumb Code     0  startup_stm32f40_41xxx.o(.text)
    RCC_IRQHandler                           0x08000913   Thumb Code     0  startup_stm32f40_41xxx.o(.text)
    RTC_Alarm_IRQHandler                     0x08000913   Thumb Code     0  startup_stm32f40_41xxx.o(.text)
    RTC_WKUP_IRQHandler                      0x08000913   Thumb Code     0  startup_stm32f40_41xxx.o(.text)
    SDIO_IRQHandler                          0x08000913   Thumb Code     0  startup_stm32f40_41xxx.o(.text)
    SPI1_IRQHandler                          0x08000913   Thumb Code     0  startup_stm32f40_41xxx.o(.text)
    SPI2_IRQHandler                          0x08000913   Thumb Code     0  startup_stm32f40_41xxx.o(.text)
    SPI3_IRQHandler                          0x08000913   Thumb Code     0  startup_stm32f40_41xxx.o(.text)
    TAMP_STAMP_IRQHandler                    0x08000913   Thumb Code     0  startup_stm32f40_41xxx.o(.text)
    TIM1_BRK_TIM9_IRQHandler                 0x08000913   Thumb Code     0  startup_stm32f40_41xxx.o(.text)
    TIM1_CC_IRQHandler                       0x08000913   Thumb Code     0  startup_stm32f40_41xxx.o(.text)
    TIM1_TRG_COM_TIM11_IRQHandler            0x08000913   Thumb Code     0  startup_stm32f40_41xxx.o(.text)
    TIM1_UP_TIM10_IRQHandler                 0x08000913   Thumb Code     0  startup_stm32f40_41xxx.o(.text)
    TIM3_IRQHandler                          0x08000913   Thumb Code     0  startup_stm32f40_41xxx.o(.text)
    TIM4_IRQHandler                          0x08000913   Thumb Code     0  startup_stm32f40_41xxx.o(.text)
    TIM5_IRQHandler                          0x08000913   Thumb Code     0  startup_stm32f40_41xxx.o(.text)
    TIM6_DAC_IRQHandler                      0x08000913   Thumb Code     0  startup_stm32f40_41xxx.o(.text)
    TIM7_IRQHandler                          0x08000913   Thumb Code     0  startup_stm32f40_41xxx.o(.text)
    TIM8_BRK_TIM12_IRQHandler                0x08000913   Thumb Code     0  startup_stm32f40_41xxx.o(.text)
    TIM8_CC_IRQHandler                       0x08000913   Thumb Code     0  startup_stm32f40_41xxx.o(.text)
    TIM8_TRG_COM_TIM14_IRQHandler            0x08000913   Thumb Code     0  startup_stm32f40_41xxx.o(.text)
    TIM8_UP_TIM13_IRQHandler                 0x08000913   Thumb Code     0  startup_stm32f40_41xxx.o(.text)
    UART4_IRQHandler                         0x08000913   Thumb Code     0  startup_stm32f40_41xxx.o(.text)
    UART5_IRQHandler                         0x08000913   Thumb Code     0  startup_stm32f40_41xxx.o(.text)
    USART2_IRQHandler                        0x08000913   Thumb Code     0  startup_stm32f40_41xxx.o(.text)
    USART3_IRQHandler                        0x08000913   Thumb Code     0  startup_stm32f40_41xxx.o(.text)
    USART6_IRQHandler                        0x08000913   Thumb Code     0  startup_stm32f40_41xxx.o(.text)
    WWDG_IRQHandler                          0x08000913   Thumb Code     0  startup_stm32f40_41xxx.o(.text)
    __user_initial_stackheap                 0x08000915   Thumb Code     0  startup_stm32f40_41xxx.o(.text)
    NVIC_PriorityGroupConfig                 0x08000939   Thumb Code    10  misc.o(.text)
    NVIC_Init                                0x08000943   Thumb Code   106  misc.o(.text)
    NVIC_SetVectorTable                      0x080009ad   Thumb Code    14  misc.o(.text)
    NVIC_SystemLPConfig                      0x080009bb   Thumb Code    34  misc.o(.text)
    SysTick_CLKSourceConfig                  0x080009dd   Thumb Code    40  misc.o(.text)
    GPIO_DeInit                              0x08000a19   Thumb Code   268  stm32f4xx_gpio.o(.text)
    GPIO_Init                                0x08000b25   Thumb Code   144  stm32f4xx_gpio.o(.text)
    GPIO_StructInit                          0x08000bb5   Thumb Code    18  stm32f4xx_gpio.o(.text)
    GPIO_PinLockConfig                       0x08000bc7   Thumb Code    34  stm32f4xx_gpio.o(.text)
    GPIO_ReadInputDataBit                    0x08000be9   Thumb Code    18  stm32f4xx_gpio.o(.text)
    GPIO_ReadInputData                       0x08000bfb   Thumb Code     8  stm32f4xx_gpio.o(.text)
    GPIO_ReadOutputDataBit                   0x08000c03   Thumb Code    18  stm32f4xx_gpio.o(.text)
    GPIO_ReadOutputData                      0x08000c15   Thumb Code     8  stm32f4xx_gpio.o(.text)
    GPIO_SetBits                             0x08000c1d   Thumb Code     4  stm32f4xx_gpio.o(.text)
    GPIO_ResetBits                           0x08000c21   Thumb Code     4  stm32f4xx_gpio.o(.text)
    GPIO_WriteBit                            0x08000c25   Thumb Code    10  stm32f4xx_gpio.o(.text)
    GPIO_Write                               0x08000c2f   Thumb Code     4  stm32f4xx_gpio.o(.text)
    GPIO_ToggleBits                          0x08000c33   Thumb Code     8  stm32f4xx_gpio.o(.text)
    GPIO_PinAFConfig                         0x08000c3b   Thumb Code    70  stm32f4xx_gpio.o(.text)
    RCC_DeInit                               0x08000cad   Thumb Code    82  stm32f4xx_rcc.o(.text)
    RCC_HSEConfig                            0x08000cff   Thumb Code    14  stm32f4xx_rcc.o(.text)
    RCC_GetFlagStatus                        0x08000d0d   Thumb Code    60  stm32f4xx_rcc.o(.text)
    RCC_WaitForHSEStartUp                    0x08000d49   Thumb Code    56  stm32f4xx_rcc.o(.text)
    RCC_AdjustHSICalibrationValue            0x08000d81   Thumb Code    20  stm32f4xx_rcc.o(.text)
    RCC_HSICmd                               0x08000d95   Thumb Code     6  stm32f4xx_rcc.o(.text)
    RCC_LSEConfig                            0x08000d9b   Thumb Code    46  stm32f4xx_rcc.o(.text)
    RCC_LSICmd                               0x08000dc9   Thumb Code     6  stm32f4xx_rcc.o(.text)
    RCC_PLLConfig                            0x08000dcf   Thumb Code    32  stm32f4xx_rcc.o(.text)
    RCC_PLLCmd                               0x08000def   Thumb Code     6  stm32f4xx_rcc.o(.text)
    RCC_PLLI2SConfig                         0x08000df5   Thumb Code    14  stm32f4xx_rcc.o(.text)
    RCC_PLLI2SCmd                            0x08000e03   Thumb Code     6  stm32f4xx_rcc.o(.text)
    RCC_PLLSAIConfig                         0x08000e09   Thumb Code    20  stm32f4xx_rcc.o(.text)
    RCC_PLLSAICmd                            0x08000e1d   Thumb Code     6  stm32f4xx_rcc.o(.text)
    RCC_ClockSecuritySystemCmd               0x08000e23   Thumb Code     6  stm32f4xx_rcc.o(.text)
    RCC_MCO1Config                           0x08000e29   Thumb Code    28  stm32f4xx_rcc.o(.text)
    RCC_MCO2Config                           0x08000e45   Thumb Code    28  stm32f4xx_rcc.o(.text)
    RCC_SYSCLKConfig                         0x08000e61   Thumb Code    20  stm32f4xx_rcc.o(.text)
    RCC_GetSYSCLKSource                      0x08000e75   Thumb Code    12  stm32f4xx_rcc.o(.text)
    RCC_HCLKConfig                           0x08000e81   Thumb Code    20  stm32f4xx_rcc.o(.text)
    RCC_PCLK1Config                          0x08000e95   Thumb Code    20  stm32f4xx_rcc.o(.text)
    RCC_PCLK2Config                          0x08000ea9   Thumb Code    22  stm32f4xx_rcc.o(.text)
    RCC_GetClocksFreq                        0x08000ebf   Thumb Code   222  stm32f4xx_rcc.o(.text)
    RCC_RTCCLKConfig                         0x08000f9d   Thumb Code    54  stm32f4xx_rcc.o(.text)
    RCC_RTCCLKCmd                            0x08000fd3   Thumb Code     8  stm32f4xx_rcc.o(.text)
    RCC_BackupResetCmd                       0x08000fdb   Thumb Code     8  stm32f4xx_rcc.o(.text)
    RCC_I2SCLKConfig                         0x08000fe3   Thumb Code     6  stm32f4xx_rcc.o(.text)
    RCC_SAIPLLI2SClkDivConfig                0x08000fe9   Thumb Code    26  stm32f4xx_rcc.o(.text)
    RCC_SAIPLLSAIClkDivConfig                0x08001003   Thumb Code    28  stm32f4xx_rcc.o(.text)
    RCC_SAIBlockACLKConfig                   0x0800101f   Thumb Code    20  stm32f4xx_rcc.o(.text)
    RCC_SAIBlockBCLKConfig                   0x08001033   Thumb Code    20  stm32f4xx_rcc.o(.text)
    RCC_LTDCCLKDivConfig                     0x08001047   Thumb Code    20  stm32f4xx_rcc.o(.text)
    RCC_TIMCLKPresConfig                     0x0800105b   Thumb Code     6  stm32f4xx_rcc.o(.text)
    RCC_AHB1PeriphClockCmd                   0x08001061   Thumb Code    34  stm32f4xx_rcc.o(.text)
    RCC_AHB2PeriphClockCmd                   0x08001083   Thumb Code    78  stm32f4xx_rcc.o(.text)
    RCC_AHB3PeriphClockCmd                   0x080010d1   Thumb Code    34  stm32f4xx_rcc.o(.text)
    RCC_APB1PeriphClockCmd                   0x080010f3   Thumb Code    34  stm32f4xx_rcc.o(.text)
    RCC_APB2PeriphClockCmd                   0x08001115   Thumb Code    34  stm32f4xx_rcc.o(.text)
    RCC_AHB1PeriphResetCmd                   0x08001137   Thumb Code    34  stm32f4xx_rcc.o(.text)
    RCC_AHB2PeriphResetCmd                   0x08001159   Thumb Code    34  stm32f4xx_rcc.o(.text)
    RCC_AHB3PeriphResetCmd                   0x0800117b   Thumb Code    34  stm32f4xx_rcc.o(.text)
    RCC_APB1PeriphResetCmd                   0x0800119d   Thumb Code    34  stm32f4xx_rcc.o(.text)
    RCC_APB2PeriphResetCmd                   0x080011bf   Thumb Code    34  stm32f4xx_rcc.o(.text)
    RCC_AHB1PeriphClockLPModeCmd             0x080011e1   Thumb Code    34  stm32f4xx_rcc.o(.text)
    RCC_AHB2PeriphClockLPModeCmd             0x08001203   Thumb Code    34  stm32f4xx_rcc.o(.text)
    RCC_AHB3PeriphClockLPModeCmd             0x08001225   Thumb Code    34  stm32f4xx_rcc.o(.text)
    RCC_APB1PeriphClockLPModeCmd             0x08001247   Thumb Code    34  stm32f4xx_rcc.o(.text)
    RCC_APB2PeriphClockLPModeCmd             0x08001269   Thumb Code    34  stm32f4xx_rcc.o(.text)
    RCC_LSEModeConfig                        0x0800128b   Thumb Code    40  stm32f4xx_rcc.o(.text)
    RCC_ITConfig                             0x080012b3   Thumb Code    34  stm32f4xx_rcc.o(.text)
    RCC_ClearFlag                            0x080012d5   Thumb Code    18  stm32f4xx_rcc.o(.text)
    RCC_GetITStatus                          0x080012e7   Thumb Code    22  stm32f4xx_rcc.o(.text)
    RCC_ClearITPendingBit                    0x080012fd   Thumb Code     8  stm32f4xx_rcc.o(.text)
    USART_DeInit                             0x08001309   Thumb Code   206  stm32f4xx_usart.o(.text)
    USART_Init                               0x080013d7   Thumb Code   204  stm32f4xx_usart.o(.text)
    USART_StructInit                         0x080014a3   Thumb Code    24  stm32f4xx_usart.o(.text)
    USART_ClockInit                          0x080014bb   Thumb Code    32  stm32f4xx_usart.o(.text)
    USART_ClockStructInit                    0x080014db   Thumb Code    12  stm32f4xx_usart.o(.text)
    USART_Cmd                                0x080014e7   Thumb Code    24  stm32f4xx_usart.o(.text)
    USART_SetPrescaler                       0x080014ff   Thumb Code    16  stm32f4xx_usart.o(.text)
    USART_OverSampling8Cmd                   0x0800150f   Thumb Code    22  stm32f4xx_usart.o(.text)
    USART_OneBitMethodCmd                    0x08001525   Thumb Code    24  stm32f4xx_usart.o(.text)
    USART_SendData                           0x0800153d   Thumb Code     8  stm32f4xx_usart.o(.text)
    USART_ReceiveData                        0x08001545   Thumb Code    10  stm32f4xx_usart.o(.text)
    USART_SetAddress                         0x0800154f   Thumb Code    18  stm32f4xx_usart.o(.text)
    USART_ReceiverWakeUpCmd                  0x08001561   Thumb Code    24  stm32f4xx_usart.o(.text)
    USART_WakeUpConfig                       0x08001579   Thumb Code    18  stm32f4xx_usart.o(.text)
    USART_LINBreakDetectLengthConfig         0x0800158b   Thumb Code    18  stm32f4xx_usart.o(.text)
    USART_LINCmd                             0x0800159d   Thumb Code    24  stm32f4xx_usart.o(.text)
    USART_SendBreak                          0x080015b5   Thumb Code    10  stm32f4xx_usart.o(.text)
    USART_HalfDuplexCmd                      0x080015bf   Thumb Code    24  stm32f4xx_usart.o(.text)
    USART_SetGuardTime                       0x080015d7   Thumb Code    16  stm32f4xx_usart.o(.text)
    USART_SmartCardCmd                       0x080015e7   Thumb Code    24  stm32f4xx_usart.o(.text)
    USART_SmartCardNACKCmd                   0x080015ff   Thumb Code    24  stm32f4xx_usart.o(.text)
    USART_IrDAConfig                         0x08001617   Thumb Code    18  stm32f4xx_usart.o(.text)
    USART_IrDACmd                            0x08001629   Thumb Code    24  stm32f4xx_usart.o(.text)
    USART_DMACmd                             0x08001641   Thumb Code    18  stm32f4xx_usart.o(.text)
    USART_ITConfig                           0x08001653   Thumb Code    74  stm32f4xx_usart.o(.text)
    USART_GetFlagStatus                      0x0800169d   Thumb Code    26  stm32f4xx_usart.o(.text)
    USART_ClearFlag                          0x080016b7   Thumb Code    18  stm32f4xx_usart.o(.text)
    USART_GetITStatus                        0x080016c9   Thumb Code   118  stm32f4xx_usart.o(.text)
    USART_ClearITPendingBit                  0x0800173f   Thumb Code    30  stm32f4xx_usart.o(.text)
    CAN_DeInit                               0x0800175d   Thumb Code    50  stm32f4xx_can.o(.text)
    CAN_Init                                 0x0800178f   Thumb Code   276  stm32f4xx_can.o(.text)
    CAN_FilterInit                           0x080018a3   Thumb Code   258  stm32f4xx_can.o(.text)
    CAN_StructInit                           0x080019a5   Thumb Code    32  stm32f4xx_can.o(.text)
    CAN_SlaveStartBank                       0x080019c5   Thumb Code    48  stm32f4xx_can.o(.text)
    CAN_DBGFreeze                            0x080019f5   Thumb Code    22  stm32f4xx_can.o(.text)
    CAN_TTComModeCmd                         0x08001a0b   Thumb Code   118  stm32f4xx_can.o(.text)
    CAN_Transmit                             0x08001a81   Thumb Code   304  stm32f4xx_can.o(.text)
    CAN_TransmitStatus                       0x08001bb1   Thumb Code   138  stm32f4xx_can.o(.text)
    CAN_CancelTransmit                       0x08001c3b   Thumb Code    48  stm32f4xx_can.o(.text)
    CAN_Receive                              0x08001c6b   Thumb Code   240  stm32f4xx_can.o(.text)
    CAN_FIFORelease                          0x08001d5b   Thumb Code    22  stm32f4xx_can.o(.text)
    CAN_MessagePending                       0x08001d71   Thumb Code    30  stm32f4xx_can.o(.text)
    CAN_OperatingModeRequest                 0x08001d8f   Thumb Code   162  stm32f4xx_can.o(.text)
    CAN_Sleep                                0x08001e31   Thumb Code    30  stm32f4xx_can.o(.text)
    CAN_WakeUp                               0x08001e4f   Thumb Code    48  stm32f4xx_can.o(.text)
    CAN_GetLastErrorCode                     0x08001e7f   Thumb Code    12  stm32f4xx_can.o(.text)
    CAN_GetReceiveErrorCounter               0x08001e8b   Thumb Code    10  stm32f4xx_can.o(.text)
    CAN_GetLSBTransmitErrorCounter           0x08001e95   Thumb Code    12  stm32f4xx_can.o(.text)
    CAN_ITConfig                             0x08001ea1   Thumb Code    18  stm32f4xx_can.o(.text)
    CAN_GetFlagStatus                        0x08001eb3   Thumb Code   120  stm32f4xx_can.o(.text)
    CAN_ClearFlag                            0x08001f2b   Thumb Code    52  stm32f4xx_can.o(.text)
    CAN_GetITStatus                          0x08001f71   Thumb Code   310  stm32f4xx_can.o(.text)
    CAN_ClearITPendingBit                    0x080020a7   Thumb Code   162  stm32f4xx_can.o(.text)
    TIM_DeInit                               0x0800214d   Thumb Code   346  stm32f4xx_tim.o(.text)
    TIM_TimeBaseInit                         0x080022a7   Thumb Code   104  stm32f4xx_tim.o(.text)
    TIM_TimeBaseStructInit                   0x0800230f   Thumb Code    18  stm32f4xx_tim.o(.text)
    TIM_PrescalerConfig                      0x08002321   Thumb Code     6  stm32f4xx_tim.o(.text)
    TIM_CounterModeConfig                    0x08002327   Thumb Code    18  stm32f4xx_tim.o(.text)
    TIM_SetCounter                           0x08002339   Thumb Code     4  stm32f4xx_tim.o(.text)
    TIM_SetAutoreload                        0x0800233d   Thumb Code     4  stm32f4xx_tim.o(.text)
    TIM_GetCounter                           0x08002341   Thumb Code     6  stm32f4xx_tim.o(.text)
    TIM_GetPrescaler                         0x08002347   Thumb Code     6  stm32f4xx_tim.o(.text)
    TIM_UpdateDisableConfig                  0x0800234d   Thumb Code    24  stm32f4xx_tim.o(.text)
    TIM_UpdateRequestConfig                  0x08002365   Thumb Code    24  stm32f4xx_tim.o(.text)
    TIM_ARRPreloadConfig                     0x0800237d   Thumb Code    24  stm32f4xx_tim.o(.text)
    TIM_SelectOnePulseMode                   0x08002395   Thumb Code    18  stm32f4xx_tim.o(.text)
    TIM_SetClockDivision                     0x080023a7   Thumb Code    18  stm32f4xx_tim.o(.text)
    TIM_Cmd                                  0x080023b9   Thumb Code    24  stm32f4xx_tim.o(.text)
    TIM_OC1Init                              0x080023d1   Thumb Code   114  stm32f4xx_tim.o(.text)
    TIM_OC2Init                              0x08002443   Thumb Code   154  stm32f4xx_tim.o(.text)
    TIM_OC3Init                              0x080024dd   Thumb Code   204  stm32f4xx_tim.o(.text)
    TIM_OC4Init                              0x080025a9   Thumb Code   112  stm32f4xx_tim.o(.text)
    TIM_OCStructInit                         0x08002619   Thumb Code    20  stm32f4xx_tim.o(.text)
    TIM_SelectOCxM                           0x0800262d   Thumb Code    86  stm32f4xx_tim.o(.text)
    TIM_SetCompare1                          0x08002683   Thumb Code     4  stm32f4xx_tim.o(.text)
    TIM_SetCompare2                          0x08002687   Thumb Code     4  stm32f4xx_tim.o(.text)
    TIM_SetCompare3                          0x0800268b   Thumb Code     4  stm32f4xx_tim.o(.text)
    TIM_SetCompare4                          0x0800268f   Thumb Code     4  stm32f4xx_tim.o(.text)
    TIM_ForcedOC1Config                      0x08002693   Thumb Code    18  stm32f4xx_tim.o(.text)
    TIM_ForcedOC2Config                      0x080026a5   Thumb Code    26  stm32f4xx_tim.o(.text)
    TIM_ForcedOC3Config                      0x080026bf   Thumb Code    18  stm32f4xx_tim.o(.text)
    TIM_ForcedOC4Config                      0x080026d1   Thumb Code    26  stm32f4xx_tim.o(.text)
    TIM_OC1PreloadConfig                     0x080026eb   Thumb Code    18  stm32f4xx_tim.o(.text)
    TIM_OC2PreloadConfig                     0x080026fd   Thumb Code    26  stm32f4xx_tim.o(.text)
    TIM_OC3PreloadConfig                     0x08002717   Thumb Code    18  stm32f4xx_tim.o(.text)
    TIM_OC4PreloadConfig                     0x08002729   Thumb Code    26  stm32f4xx_tim.o(.text)
    TIM_OC1FastConfig                        0x08002743   Thumb Code    18  stm32f4xx_tim.o(.text)
    TIM_OC2FastConfig                        0x08002755   Thumb Code    26  stm32f4xx_tim.o(.text)
    TIM_OC3FastConfig                        0x0800276f   Thumb Code    18  stm32f4xx_tim.o(.text)
    TIM_OC4FastConfig                        0x08002781   Thumb Code    26  stm32f4xx_tim.o(.text)
    TIM_ClearOC1Ref                          0x0800279b   Thumb Code    18  stm32f4xx_tim.o(.text)
    TIM_ClearOC2Ref                          0x080027ad   Thumb Code    24  stm32f4xx_tim.o(.text)
    TIM_ClearOC3Ref                          0x080027c5   Thumb Code    18  stm32f4xx_tim.o(.text)
    TIM_ClearOC4Ref                          0x080027d7   Thumb Code    24  stm32f4xx_tim.o(.text)
    TIM_OC1PolarityConfig                    0x080027ef   Thumb Code    18  stm32f4xx_tim.o(.text)
    TIM_OC1NPolarityConfig                   0x08002801   Thumb Code    18  stm32f4xx_tim.o(.text)
    TIM_OC2PolarityConfig                    0x08002813   Thumb Code    26  stm32f4xx_tim.o(.text)
    TIM_OC2NPolarityConfig                   0x0800282d   Thumb Code    26  stm32f4xx_tim.o(.text)
    TIM_OC3PolarityConfig                    0x08002847   Thumb Code    26  stm32f4xx_tim.o(.text)
    TIM_OC3NPolarityConfig                   0x08002861   Thumb Code    26  stm32f4xx_tim.o(.text)
    TIM_OC4PolarityConfig                    0x0800287b   Thumb Code    26  stm32f4xx_tim.o(.text)
    TIM_CCxCmd                               0x08002895   Thumb Code    30  stm32f4xx_tim.o(.text)
    TIM_CCxNCmd                              0x080028b3   Thumb Code    30  stm32f4xx_tim.o(.text)
    TIM_SetIC4Prescaler                      0x080028d1   Thumb Code    26  stm32f4xx_tim.o(.text)
    TIM_SetIC3Prescaler                      0x0800293b   Thumb Code    18  stm32f4xx_tim.o(.text)
    TIM_SetIC2Prescaler                      0x08002995   Thumb Code    26  stm32f4xx_tim.o(.text)
    TIM_SetIC1Prescaler                      0x08002a09   Thumb Code    18  stm32f4xx_tim.o(.text)
    TIM_ICInit                               0x08002a55   Thumb Code   110  stm32f4xx_tim.o(.text)
    TIM_ICStructInit                         0x08002ac3   Thumb Code    18  stm32f4xx_tim.o(.text)
    TIM_PWMIConfig                           0x08002ad5   Thumb Code   124  stm32f4xx_tim.o(.text)
    TIM_GetCapture1                          0x08002b51   Thumb Code     6  stm32f4xx_tim.o(.text)
    TIM_GetCapture2                          0x08002b57   Thumb Code     6  stm32f4xx_tim.o(.text)
    TIM_GetCapture3                          0x08002b5d   Thumb Code     6  stm32f4xx_tim.o(.text)
    TIM_GetCapture4                          0x08002b63   Thumb Code     6  stm32f4xx_tim.o(.text)
    TIM_BDTRConfig                           0x08002b69   Thumb Code    32  stm32f4xx_tim.o(.text)
    TIM_BDTRStructInit                       0x08002b89   Thumb Code    18  stm32f4xx_tim.o(.text)
    TIM_CtrlPWMOutputs                       0x08002b9b   Thumb Code    30  stm32f4xx_tim.o(.text)
    TIM_SelectCOM                            0x08002bb9   Thumb Code    24  stm32f4xx_tim.o(.text)
    TIM_CCPreloadControl                     0x08002bd1   Thumb Code    24  stm32f4xx_tim.o(.text)
    TIM_ITConfig                             0x08002be9   Thumb Code    18  stm32f4xx_tim.o(.text)
    TIM_GenerateEvent                        0x08002bfb   Thumb Code     4  stm32f4xx_tim.o(.text)
    TIM_GetFlagStatus                        0x08002bff   Thumb Code    18  stm32f4xx_tim.o(.text)
    TIM_ClearFlag                            0x08002c11   Thumb Code     6  stm32f4xx_tim.o(.text)
    TIM_GetITStatus                          0x08002c17   Thumb Code    34  stm32f4xx_tim.o(.text)
    TIM_ClearITPendingBit                    0x08002c39   Thumb Code     6  stm32f4xx_tim.o(.text)
    TIM_DMAConfig                            0x08002c3f   Thumb Code    10  stm32f4xx_tim.o(.text)
    TIM_DMACmd                               0x08002c49   Thumb Code    18  stm32f4xx_tim.o(.text)
    TIM_SelectCCDMA                          0x08002c5b   Thumb Code    24  stm32f4xx_tim.o(.text)
    TIM_InternalClockConfig                  0x08002c73   Thumb Code    12  stm32f4xx_tim.o(.text)
    TIM_SelectInputTrigger                   0x08002c7f   Thumb Code    18  stm32f4xx_tim.o(.text)
    TIM_ITRxExternalClockConfig              0x08002c91   Thumb Code    24  stm32f4xx_tim.o(.text)
    TIM_TIxExternalClockConfig               0x08002ca9   Thumb Code    62  stm32f4xx_tim.o(.text)
    TIM_ETRConfig                            0x08002ce7   Thumb Code    28  stm32f4xx_tim.o(.text)
    TIM_ETRClockMode1Config                  0x08002d03   Thumb Code    54  stm32f4xx_tim.o(.text)
    TIM_ETRClockMode2Config                  0x08002d39   Thumb Code    32  stm32f4xx_tim.o(.text)
    TIM_SelectOutputTrigger                  0x08002d59   Thumb Code    18  stm32f4xx_tim.o(.text)
    TIM_SelectSlaveMode                      0x08002d6b   Thumb Code    18  stm32f4xx_tim.o(.text)
    TIM_SelectMasterSlaveMode                0x08002d7d   Thumb Code    18  stm32f4xx_tim.o(.text)
    TIM_EncoderInterfaceConfig               0x08002d8f   Thumb Code    66  stm32f4xx_tim.o(.text)
    TIM_SelectHallSensor                     0x08002dd1   Thumb Code    24  stm32f4xx_tim.o(.text)
    TIM_RemapConfig                          0x08002de9   Thumb Code     6  stm32f4xx_tim.o(.text)
    OnNumberOfErrorsUpdate                   0x08002df1   Thumb Code    44  emcy.o(.text)
    emergencyInit                            0x08002e1d   Thumb Code    30  emcy.o(.text)
    emergencyStop                            0x08002e3b   Thumb Code     2  emcy.o(.text)
    sendEMCY                                 0x08002e3d   Thumb Code   114  emcy.o(.text)
    EMCY_setError                            0x08002eaf   Thumb Code   338  emcy.o(.text)
    EMCY_errorRecovered                      0x08003001   Thumb Code   176  emcy.o(.text)
    proceedEMCY                              0x080030b1   Thumb Code   102  emcy.o(.text)
    _post_emcy                               0x08003117   Thumb Code     6  emcy.o(.text)
    getNodeState                             0x080031dd   Thumb Code    16  lifegrd.o(.text)
    ConsumerHeartbeatAlarm                   0x080031ed   Thumb Code    50  lifegrd.o(.text)
    proceedNODE_GUARD                        0x0800321f   Thumb Code   344  lifegrd.o(.text)
    ProducerHeartbeatAlarm                   0x08003377   Thumb Code   102  lifegrd.o(.text)
    GuardTimeAlarm                           0x080033dd   Thumb Code   158  lifegrd.o(.text)
    nodeguardInit                            0x0800347b   Thumb Code   174  lifegrd.o(.text)
    nodeguardStop                            0x08003529   Thumb Code    18  lifegrd.o(.text)
    OnNodeGuardUpdate                        0x0800353b   Thumb Code    24  lifegrd.o(.text)
    OnHeartbeatProducerUpdate                0x08003553   Thumb Code    66  lifegrd.o(.text)
    heartbeatInit                            0x08003595   Thumb Code   132  lifegrd.o(.text)
    heartbeatStop                            0x08003619   Thumb Code   352  lifegrd.o(.text)
    lifeGuardInit                            0x08003779   Thumb Code    18  lifegrd.o(.text)
    lifeGuardStop                            0x0800378b   Thumb Code    18  lifegrd.o(.text)
    _heartbeatError                          0x0800379d   Thumb Code     2  lifegrd.o(.text)
    _post_SlaveBootup                        0x0800379f   Thumb Code     2  lifegrd.o(.text)
    _post_SlaveStateChange                   0x080037a1   Thumb Code     2  lifegrd.o(.text)
    _nodeguardError                          0x080037a3   Thumb Code     2  lifegrd.o(.text)
    masterSendNMTstateChange                 0x080037a5   Thumb Code    88  nmtmaster.o(.text)
    masterSendNMTnodeguard                   0x080037fd   Thumb Code    62  nmtmaster.o(.text)
    masterRequestNodeState                   0x0800383b   Thumb Code    50  nmtmaster.o(.text)
    proceedNMTstateChange                    0x080038dd   Thumb Code   246  nmtslave.o(.text)
    slaveSendBootUp                          0x080039d3   Thumb Code    72  nmtslave.o(.text)
    accessDictionaryError                    0x08003a81   Thumb Code   314  objacces.o(.text)
    _getODentry                              0x08003bbb   Thumb Code   256  objacces.o(.text)
    _setODentry                              0x08003cbb   Thumb Code   784  objacces.o(.text)
    RegisterSetODentryCallBack               0x08003fcb   Thumb Code    50  objacces.o(.text)
    _storeODSubIndex                         0x08003ffd   Thumb Code     6  objacces.o(.text)
    CopyBits                                 0x08004009   Thumb Code   236  pdo.o(.text)
    buildPDO                                 0x080040f5   Thumb Code   410  pdo.o(.text)
    sendPDOrequest                           0x0800428f   Thumb Code   160  pdo.o(.text)
    PDOInhibitTimerAlarm                     0x0800438b   Thumb Code    56  pdo.o(.text)
    sendOnePDOevent                          0x080043c3   Thumb Code   908  pdo.o(.text)
    PDOEventTimerAlarm                       0x0800474f   Thumb Code    46  pdo.o(.text)
    proceedPDO                               0x0800477d   Thumb Code  1420  pdo.o(.text)
    _sendPDOevent                            0x08004d09   Thumb Code   642  pdo.o(.text)
    sendPDOevent                             0x08004f8b   Thumb Code    14  pdo.o(.text)
    _RxPDO_EventTimers_Handler               0x08004f99   Thumb Code     2  pdo.o(.text)
    TPDO_Communication_Parameter_Callback    0x08004f9b   Thumb Code   148  pdo.o(.text)
    PDOInit                                  0x0800502f   Thumb Code   262  pdo.o(.text)
    PDOStop                                  0x08005135   Thumb Code   120  pdo.o(.text)
    PDOEnable                                0x080051ad   Thumb Code    48  pdo.o(.text)
    PDODisable                               0x080051dd   Thumb Code    48  pdo.o(.text)
    initSDOline                              0x0800520d   Thumb Code   510  sdo.o(.text)
    resetSDOline                             0x0800540b   Thumb Code   118  sdo.o(.text)
    sendSDO                                  0x08005481   Thumb Code   316  sdo.o(.text)
    sendSDOabort                             0x080055bd   Thumb Code   458  sdo.o(.text)
    SDOTimeoutAlarm                          0x08005787   Thumb Code   432  sdo.o(.text)
    resetSDO                                 0x08005937   Thumb Code    26  sdo.o(.text)
    SDOlineToObjdict                         0x08005951   Thumb Code   220  sdo.o(.text)
    objdictToSDOline                         0x08005a2d   Thumb Code   226  sdo.o(.text)
    lineToSDO                                0x08005b0f   Thumb Code   490  sdo.o(.text)
    SDOtoLine                                0x08005cf9   Thumb Code   172  sdo.o(.text)
    getSDOlineOnUse                          0x08005da5   Thumb Code   114  sdo.o(.text)
    failedSDO                                0x08005e17   Thumb Code   336  sdo.o(.text)
    getSDOfreeLine                           0x08005f67   Thumb Code    98  sdo.o(.text)
    getSDOlineToClose                        0x08005fc9   Thumb Code    92  sdo.o(.text)
    GetSDOClientFromNodeId                   0x08006025   Thumb Code   444  sdo.o(.text)
    closeSDOtransfer                         0x080061e1   Thumb Code    92  sdo.o(.text)
    getSDOlineRestBytes                      0x0800623d   Thumb Code    74  sdo.o(.text)
    setSDOlineRestBytes                      0x08006287   Thumb Code    66  sdo.o(.text)
    proceedSDO                               0x080062c9   Thumb Code 18276  sdo.o(.text)
    resetClientSDOLineFromNodeId             0x0800aa2d   Thumb Code    52  sdo.o(.text)
    _writeNetworkDict                        0x0800aa61   Thumb Code   720  sdo.o(.text)
    writeNetworkDict                         0x0800ad31   Thumb Code    54  sdo.o(.text)
    writeNetworkDictCallBack                 0x0800ad67   Thumb Code   418  sdo.o(.text)
    writeNetworkDictCallBackAI               0x0800af09   Thumb Code   252  sdo.o(.text)
    _readNetworkDict                         0x0800b005   Thumb Code   496  sdo.o(.text)
    readNetworkDict                          0x0800b1f5   Thumb Code    42  sdo.o(.text)
    readNetworkDictCallback                  0x0800b21f   Thumb Code    40  sdo.o(.text)
    readNetworkDictCallbackAI                0x0800b247   Thumb Code   448  sdo.o(.text)
    getReadResultNetworkDict                 0x0800b407   Thumb Code   412  sdo.o(.text)
    getWriteResultNetworkDict                0x0800b5a3   Thumb Code   170  sdo.o(.text)
    getState                                 0x0800b68d   Thumb Code     8  states.o(.text)
    canDispatch                              0x0800b695   Thumb Code   154  states.o(.text)
    switchCommunicationState                 0x0800b72f   Thumb Code   572  states.o(.text)
    setState                                 0x0800b96b   Thumb Code   200  states.o(.text)
    getNodeId                                0x0800ba33   Thumb Code     8  states.o(.text)
    setNodeId                                0x0800ba3b   Thumb Code   698  states.o(.text)
    _initialisation                          0x0800bcf5   Thumb Code     2  states.o(.text)
    _preOperational                          0x0800bcf7   Thumb Code    22  states.o(.text)
    _operational                             0x0800bd0d   Thumb Code     2  states.o(.text)
    _stopped                                 0x0800bd0f   Thumb Code     2  states.o(.text)
    proceedSYNC                              0x0800bd15   Thumb Code    66  sync.o(.text)
    sendSYNCMessage                          0x0800bd57   Thumb Code    64  sync.o(.text)
    sendSYNC                                 0x0800bd97   Thumb Code    22  sync.o(.text)
    SyncAlarm                                0x0800bdad   Thumb Code    14  sync.o(.text)
    stopSYNC                                 0x0800bdbb   Thumb Code    46  sync.o(.text)
    startSYNC                                0x0800bde9   Thumb Code   110  sync.o(.text)
    OnCOB_ID_SyncUpdate                      0x0800be57   Thumb Code    18  sync.o(.text)
    _post_sync                               0x0800be69   Thumb Code     2  sync.o(.text)
    _post_TPDO                               0x0800be6b   Thumb Code     2  sync.o(.text)
    SetAlarm                                 0x0800bec9   Thumb Code   170  timer.o(.text)
    DelAlarm                                 0x0800bf73   Thumb Code    68  timer.o(.text)
    TimeDispatch                             0x0800bfb7   Thumb Code   178  timer.o(.text)
    Master_valueRangeTest                    0x0800c0b9   Thumb Code    22  master.o(.text)
    Master_scanIndexOD                       0x0800c0cf   Thumb Code    88  master.o(.text)
    CAN1_Init                                0x0800c135   Thumb Code   272  can1.o(.text)
    canSend                                  0x0800c245   Thumb Code    96  can1.o(.text)
    canChangeBaudRate_driver                 0x0800c2a5   Thumb Code     6  can1.o(.text)
    CAN1_RX0_IRQHandler                      0x0800c2ab   Thumb Code   164  can1.o(.text)
    TIM2_Init                                0x0800c36d   Thumb Code   104  timer2.o(.text)
    setTimer                                 0x0800c3d5   Thumb Code    64  timer2.o(.text)
    getElapsedTime                           0x0800c415   Thumb Code    42  timer2.o(.text)
    TIM2_IRQHandler                          0x0800c43f   Thumb Code    40  timer2.o(.text)
    __use_no_semihosting                     0x0800c471   Thumb Code     2  use_no_semi_2.o(.text)
    __2printf                                0x0800c475   Thumb Code    20  noretval__2printf.o(.text)
    __printf                                 0x0800c48d   Thumb Code   104  __printf.o(.text)
    _printf_str                              0x0800c4f5   Thumb Code    82  _printf_str.o(.text)
    _printf_int_dec                          0x0800c549   Thumb Code   104  _printf_dec.o(.text)
    _printf_int_hex                          0x0800c5c1   Thumb Code    84  _printf_hex_int.o(.text)
    _printf_longlong_hex                     0x0800c5c1   Thumb Code     0  _printf_hex_int.o(.text)
    memcmp                                   0x0800c619   Thumb Code    88  memcmp.o(.text)
    __aeabi_memcpy                           0x0800c671   Thumb Code     0  rt_memcpy_v6.o(.text)
    __rt_memcpy                              0x0800c671   Thumb Code   138  rt_memcpy_v6.o(.text)
    _memcpy_lastbytes                        0x0800c6d7   Thumb Code     0  rt_memcpy_v6.o(.text)
    __aeabi_memclr4                          0x0800c6fb   Thumb Code     0  rt_memclr_w.o(.text)
    __aeabi_memclr8                          0x0800c6fb   Thumb Code     0  rt_memclr_w.o(.text)
    __rt_memclr_w                            0x0800c6fb   Thumb Code    78  rt_memclr_w.o(.text)
    _memset_w                                0x0800c6ff   Thumb Code     0  rt_memclr_w.o(.text)
    __use_two_region_memory                  0x0800c749   Thumb Code     2  heapauxi.o(.text)
    __rt_heap_escrow$2region                 0x0800c74b   Thumb Code     2  heapauxi.o(.text)
    __rt_heap_expand$2region                 0x0800c74d   Thumb Code     2  heapauxi.o(.text)
    __I$use$semihosting                      0x0800c74f   Thumb Code     0  use_no_semi.o(.text)
    __use_no_semihosting_swi                 0x0800c74f   Thumb Code     2  use_no_semi.o(.text)
    _printf_int_common                       0x0800c751   Thumb Code   178  _printf_intcommon.o(.text)
    _printf_cs_common                        0x0800c803   Thumb Code    20  _printf_char.o(.text)
    _printf_char                             0x0800c817   Thumb Code    16  _printf_char.o(.text)
    _printf_string                           0x0800c827   Thumb Code     8  _printf_char.o(.text)
    _printf_char_file                        0x0800c831   Thumb Code    32  _printf_char_file.o(.text)
    __aeabi_memcpy4                          0x0800c855   Thumb Code     0  rt_memcpy_w.o(.text)
    __aeabi_memcpy8                          0x0800c855   Thumb Code     0  rt_memcpy_w.o(.text)
    __rt_memcpy_w                            0x0800c855   Thumb Code   100  rt_memcpy_w.o(.text)
    _memcpy_lastbytes_aligned                0x0800c89d   Thumb Code     0  rt_memcpy_w.o(.text)
    _printf_char_common                      0x0800c8c3   Thumb Code    32  _printf_char_common.o(.text)
    ferror                                   0x0800c8e9   Thumb Code     8  ferror.o(.text)
    __user_setup_stackheap                   0x0800c8f1   Thumb Code    74  sys_stackheap_outer.o(.text)
    exit                                     0x0800c93b   Thumb Code    18  exit.o(.text)
    __user_libspace                          0x0800c94d   Thumb Code     8  libspace.o(.text)
    __user_perproc_libspace                  0x0800c94d   Thumb Code     0  libspace.o(.text)
    __user_perthread_libspace                0x0800c94d   Thumb Code     0  libspace.o(.text)
    _fp_init                                 0x0800c955   Thumb Code    10  fpinit.o(x$fpl$fpinit)
    __fplib_config_fpu_vfp                   0x0800c95d   Thumb Code     0  fpinit.o(x$fpl$fpinit)
    __fplib_config_pureend_doubles           0x0800c95d   Thumb Code     0  fpinit.o(x$fpl$fpinit)
    Master_iam_a_slave                       0x0800c9a0   Data           1  master.o(.constdata)
    Master_objdict                           0x0800c9a4   Data          40  master.o(.constdata)
    Master_firstIndex                        0x0800c9cc   Data          12  master.o(.constdata)
    Master_lastIndex                         0x0800c9d8   Data          12  master.o(.constdata)
    Master_ObjdictSize                       0x0800c9e4   Data           2  master.o(.constdata)
    Region$$Table$$Base                      0x0800d1c4   Number         0  anon$$obj.o(Region$$Table)
    Region$$Table$$Limit                     0x0800d1e4   Number         0  anon$$obj.o(Region$$Table)
    SystemCoreClock                          0x20000000   Data           4  system_stm32f4xx.o(.data)
    AHBPrescTable                            0x20000004   Data          16  system_stm32f4xx.o(.data)
    __stdout                                 0x20000018   Data           4  usart.o(.data)
    total_sleep_time                         0x2000002c   Data           4  timer.o(.data)
    last_timer_raw                           0x20000030   Data           2  timer.o(.data)
    tdcount                                  0x20000034   Data           4  timer.o(.data)
    Master_bDeviceNodeId                     0x20000038   Data           1  master.o(.data)
    Master_heartBeatTimers                   0x2000003a   Data           2  master.o(.data)
    Master_obj1000                           0x2000003c   Data           4  master.o(.data)
    Master_Index1000                         0x20000040   Data          16  master.o(.data)
    Master_obj1001                           0x20000050   Data           1  master.o(.data)
    Master_Index1001                         0x20000054   Data          16  master.o(.data)
    Master_highestSubIndex_obj1003           0x20000064   Data           1  master.o(.data)
    Master_obj1003                           0x20000068   Data           4  master.o(.data)
    Master_Index1003                         0x2000006c   Data          32  master.o(.data)
    Master_obj1005                           0x2000008c   Data           4  master.o(.data)
    Master_obj1006                           0x20000090   Data           4  master.o(.data)
    Master_obj100C                           0x20000094   Data           2  master.o(.data)
    Master_obj100D                           0x20000096   Data           1  master.o(.data)
    Master_obj1014                           0x20000098   Data           4  master.o(.data)
    Master_highestSubIndex_obj1016           0x2000009c   Data           1  master.o(.data)
    Master_obj1016                           0x200000a0   Data           4  master.o(.data)
    Master_obj1017                           0x200000a4   Data           2  master.o(.data)
    Master_Index1017                         0x200000a8   Data          16  master.o(.data)
    Master_highestSubIndex_obj1018           0x200000b8   Data           1  master.o(.data)
    Master_obj1018_Vendor_ID                 0x200000bc   Data           4  master.o(.data)
    Master_obj1018_Product_Code              0x200000c0   Data           4  master.o(.data)
    Master_obj1018_Revision_Number           0x200000c4   Data           4  master.o(.data)
    Master_obj1018_Serial_Number             0x200000c8   Data           4  master.o(.data)
    Master_Index1018                         0x200000cc   Data          80  master.o(.data)
    Master_highestSubIndex_obj1280           0x2000011c   Data           1  master.o(.data)
    Master_obj1280_COB_ID_Client_to_Server_Transmit_SDO 0x20000120   Data           4  master.o(.data)
    Master_obj1280_COB_ID_Server_to_Client_Receive_SDO 0x20000124   Data           4  master.o(.data)
    Master_obj1280_Node_ID_of_the_SDO_Server 0x20000128   Data           1  master.o(.data)
    Master_Index1280                         0x2000012c   Data          64  master.o(.data)
    Master_PDO_status                        0x2000016c   Data          18  master.o(.data)
    Master_Data                              0x20000180   Data         576  master.o(.data)
    last_counter_val                         0x200003c4   Data           4  timer2.o(.data)
    elapsed_time                             0x200003c8   Data           4  timer2.o(.data)
    timers                                   0x200003cc   Data         192  timer.o(.bss)
    __libspace_start                         0x2000048c   Data          96  libspace.o(.bss)
    __temporary_stack_top$libspace           0x200004ec   Data           0  libspace.o(.bss)



==============================================================================

Memory Map of the image

  Image Entry point : 0x08000189

  Load Region LR_IROM1 (Base: 0x08000000, Size: 0x0000d5b0, Max: 0x00100000, ABSOLUTE, COMPRESSED[0x0000d2e8])

    Execution Region ER_IROM1 (Base: 0x08000000, Size: 0x0000d1e4, Max: 0x00100000, ABSOLUTE)

    Base Addr    Size         Type   Attr      Idx    E Section Name        Object

    0x08000000   0x00000188   Data   RO          364    RESET               startup_stm32f40_41xxx.o
    0x08000188   0x00000008   Code   RO          922  * !!!main             c_w.l(__main.o)
    0x08000190   0x00000034   Code   RO         1096    !!!scatter          c_w.l(__scatter.o)
    0x080001c4   0x0000005a   Code   RO         1094    !!dczerorl2         c_w.l(__dczerorl2.o)
    0x0800021e   0x00000002   PAD
    0x08000220   0x0000001c   Code   RO         1098    !!handler_zi        c_w.l(__scatter_zi.o)
    0x0800023c   0x00000000   Code   RO          913    .ARM.Collect$$_printf_percent$$00000000  c_w.l(_printf_percent.o)
    0x0800023c   0x00000006   Code   RO          912    .ARM.Collect$$_printf_percent$$00000009  c_w.l(_printf_d.o)
    0x08000242   0x00000006   Code   RO          911    .ARM.Collect$$_printf_percent$$0000000C  c_w.l(_printf_x.o)
    0x08000248   0x00000006   Code   RO          910    .ARM.Collect$$_printf_percent$$00000014  c_w.l(_printf_s.o)
    0x0800024e   0x00000004   Code   RO          933    .ARM.Collect$$_printf_percent$$00000017  c_w.l(_printf_percent_end.o)
    0x08000252   0x00000002   Code   RO          968    .ARM.Collect$$libinit$$00000000  c_w.l(libinit.o)
    0x08000254   0x00000004   Code   RO          974    .ARM.Collect$$libinit$$00000001  c_w.l(libinit2.o)
    0x08000258   0x00000000   Code   RO          977    .ARM.Collect$$libinit$$00000004  c_w.l(libinit2.o)
    0x08000258   0x00000000   Code   RO          980    .ARM.Collect$$libinit$$0000000A  c_w.l(libinit2.o)
    0x08000258   0x00000000   Code   RO          982    .ARM.Collect$$libinit$$0000000C  c_w.l(libinit2.o)
    0x08000258   0x00000000   Code   RO          984    .ARM.Collect$$libinit$$0000000E  c_w.l(libinit2.o)
    0x08000258   0x00000000   Code   RO          987    .ARM.Collect$$libinit$$00000011  c_w.l(libinit2.o)
    0x08000258   0x00000000   Code   RO          989    .ARM.Collect$$libinit$$00000013  c_w.l(libinit2.o)
    0x08000258   0x00000000   Code   RO          991    .ARM.Collect$$libinit$$00000015  c_w.l(libinit2.o)
    0x08000258   0x00000000   Code   RO          993    .ARM.Collect$$libinit$$00000017  c_w.l(libinit2.o)
    0x08000258   0x00000000   Code   RO          995    .ARM.Collect$$libinit$$00000019  c_w.l(libinit2.o)
    0x08000258   0x00000000   Code   RO          997    .ARM.Collect$$libinit$$0000001B  c_w.l(libinit2.o)
    0x08000258   0x00000000   Code   RO          999    .ARM.Collect$$libinit$$0000001D  c_w.l(libinit2.o)
    0x08000258   0x00000000   Code   RO         1001    .ARM.Collect$$libinit$$0000001F  c_w.l(libinit2.o)
    0x08000258   0x00000000   Code   RO         1003    .ARM.Collect$$libinit$$00000021  c_w.l(libinit2.o)
    0x08000258   0x00000000   Code   RO         1005    .ARM.Collect$$libinit$$00000023  c_w.l(libinit2.o)
    0x08000258   0x00000000   Code   RO         1007    .ARM.Collect$$libinit$$00000025  c_w.l(libinit2.o)
    0x08000258   0x00000000   Code   RO         1011    .ARM.Collect$$libinit$$0000002C  c_w.l(libinit2.o)
    0x08000258   0x00000000   Code   RO         1013    .ARM.Collect$$libinit$$0000002E  c_w.l(libinit2.o)
    0x08000258   0x00000000   Code   RO         1015    .ARM.Collect$$libinit$$00000030  c_w.l(libinit2.o)
    0x08000258   0x00000000   Code   RO         1017    .ARM.Collect$$libinit$$00000032  c_w.l(libinit2.o)
    0x08000258   0x00000002   Code   RO         1018    .ARM.Collect$$libinit$$00000033  c_w.l(libinit2.o)
    0x0800025a   0x00000002   Code   RO         1036    .ARM.Collect$$libshutdown$$00000000  c_w.l(libshutdown.o)
    0x0800025c   0x00000000   Code   RO         1046    .ARM.Collect$$libshutdown$$00000002  c_w.l(libshutdown2.o)
    0x0800025c   0x00000000   Code   RO         1048    .ARM.Collect$$libshutdown$$00000004  c_w.l(libshutdown2.o)
    0x0800025c   0x00000000   Code   RO         1051    .ARM.Collect$$libshutdown$$00000007  c_w.l(libshutdown2.o)
    0x0800025c   0x00000000   Code   RO         1054    .ARM.Collect$$libshutdown$$0000000A  c_w.l(libshutdown2.o)
    0x0800025c   0x00000000   Code   RO         1056    .ARM.Collect$$libshutdown$$0000000C  c_w.l(libshutdown2.o)
    0x0800025c   0x00000000   Code   RO         1059    .ARM.Collect$$libshutdown$$0000000F  c_w.l(libshutdown2.o)
    0x0800025c   0x00000002   Code   RO         1060    .ARM.Collect$$libshutdown$$00000010  c_w.l(libshutdown2.o)
    0x0800025e   0x00000000   Code   RO          926    .ARM.Collect$$rtentry$$00000000  c_w.l(__rtentry.o)
    0x0800025e   0x00000000   Code   RO          937    .ARM.Collect$$rtentry$$00000002  c_w.l(__rtentry2.o)
    0x0800025e   0x00000006   Code   RO          949    .ARM.Collect$$rtentry$$00000004  c_w.l(__rtentry4.o)
    0x08000264   0x00000000   Code   RO          939    .ARM.Collect$$rtentry$$00000009  c_w.l(__rtentry2.o)
    0x08000264   0x00000004   Code   RO          940    .ARM.Collect$$rtentry$$0000000A  c_w.l(__rtentry2.o)
    0x08000268   0x00000000   Code   RO          942    .ARM.Collect$$rtentry$$0000000C  c_w.l(__rtentry2.o)
    0x08000268   0x00000008   Code   RO          943    .ARM.Collect$$rtentry$$0000000D  c_w.l(__rtentry2.o)
    0x08000270   0x00000002   Code   RO          972    .ARM.Collect$$rtexit$$00000000  c_w.l(rtexit.o)
    0x08000272   0x00000000   Code   RO         1020    .ARM.Collect$$rtexit$$00000002  c_w.l(rtexit2.o)
    0x08000272   0x00000004   Code   RO         1021    .ARM.Collect$$rtexit$$00000003  c_w.l(rtexit2.o)
    0x08000276   0x00000006   Code   RO         1022    .ARM.Collect$$rtexit$$00000004  c_w.l(rtexit2.o)
    0x0800027c   0x00000268   Code   RO            3    .text               main.o
    0x080004e4   0x0000001a   Code   RO          219    .text               stm32f4xx_it.o
    0x080004fe   0x00000002   PAD
    0x08000500   0x00000210   Code   RO          268    .text               system_stm32f4xx.o
    0x08000710   0x00000104   Code   RO          294    .text               delay.o
    0x08000814   0x000000e4   Code   RO          334    .text               usart.o
    0x080008f8   0x00000040   Code   RO          365    .text               startup_stm32f40_41xxx.o
    0x08000938   0x000000e0   Code   RO          371    .text               misc.o
    0x08000a18   0x00000294   Code   RO          391    .text               stm32f4xx_gpio.o
    0x08000cac   0x0000065c   Code   RO          434    .text               stm32f4xx_rcc.o
    0x08001308   0x00000454   Code   RO          476    .text               stm32f4xx_usart.o
    0x0800175c   0x000009f0   Code   RO          496    .text               stm32f4xx_can.o
    0x0800214c   0x00000ca2   Code   RO          556    .text               stm32f4xx_tim.o
    0x08002dee   0x00000002   PAD
    0x08002df0   0x000003ec   Code   RO          612    .text               emcy.o
    0x080031dc   0x000005c8   Code   RO          624    .text               lifegrd.o
    0x080037a4   0x00000138   Code   RO          645    .text               nmtmaster.o
    0x080038dc   0x000001a4   Code   RO          657    .text               nmtslave.o
    0x08003a80   0x00000588   Code   RO          669    .text               objacces.o
    0x08004008   0x00001204   Code   RO          681    .text               pdo.o
    0x0800520c   0x00006480   Code   RO          694    .text               sdo.o
    0x0800b68c   0x00000688   Code   RO          717    .text               states.o
    0x0800bd14   0x000001b4   Code   RO          730    .text               sync.o
    0x0800bec8   0x000001f0   Code   RO          742    .text               timer.o
    0x0800c0b8   0x0000007c   Code   RO          791    .text               master.o
    0x0800c134   0x00000238   Code   RO          812    .text               can1.o
    0x0800c36c   0x00000104   Code   RO          834    .text               timer2.o
    0x0800c470   0x00000002   Code   RO          857    .text               c_w.l(use_no_semi_2.o)
    0x0800c472   0x00000002   PAD
    0x0800c474   0x00000018   Code   RO          861    .text               c_w.l(noretval__2printf.o)
    0x0800c48c   0x00000068   Code   RO          863    .text               c_w.l(__printf.o)
    0x0800c4f4   0x00000052   Code   RO          865    .text               c_w.l(_printf_str.o)
    0x0800c546   0x00000002   PAD
    0x0800c548   0x00000078   Code   RO          867    .text               c_w.l(_printf_dec.o)
    0x0800c5c0   0x00000058   Code   RO          872    .text               c_w.l(_printf_hex_int.o)
    0x0800c618   0x00000058   Code   RO          914    .text               c_w.l(memcmp.o)
    0x0800c670   0x0000008a   Code   RO          916    .text               c_w.l(rt_memcpy_v6.o)
    0x0800c6fa   0x0000004e   Code   RO          918    .text               c_w.l(rt_memclr_w.o)
    0x0800c748   0x00000006   Code   RO          920    .text               c_w.l(heapauxi.o)
    0x0800c74e   0x00000002   Code   RO          924    .text               c_w.l(use_no_semi.o)
    0x0800c750   0x000000b2   Code   RO          927    .text               c_w.l(_printf_intcommon.o)
    0x0800c802   0x0000002c   Code   RO          929    .text               c_w.l(_printf_char.o)
    0x0800c82e   0x00000002   PAD
    0x0800c830   0x00000024   Code   RO          931    .text               c_w.l(_printf_char_file.o)
    0x0800c854   0x00000064   Code   RO          934    .text               c_w.l(rt_memcpy_w.o)
    0x0800c8b8   0x00000030   Code   RO          951    .text               c_w.l(_printf_char_common.o)
    0x0800c8e8   0x00000008   Code   RO          953    .text               c_w.l(ferror.o)
    0x0800c8f0   0x0000004a   Code   RO          957    .text               c_w.l(sys_stackheap_outer.o)
    0x0800c93a   0x00000012   Code   RO          961    .text               c_w.l(exit.o)
    0x0800c94c   0x00000008   Code   RO          969    .text               c_w.l(libspace.o)
    0x0800c954   0x0000000a   Code   RO         1028    x$fpl$fpinit        fz_wm.l(fpinit.o)
    0x0800c95e   0x00000002   PAD
    0x0800c960   0x00000040   Data   RO          718    .constdata          states.o
    0x0800c9a0   0x00000046   Data   RO          792    .constdata          master.o
    0x0800c9e6   0x00000028   Data   RO          873    .constdata          c_w.l(_printf_hex_int.o)
    0x0800ca0e   0x00000002   PAD
    0x0800ca10   0x00000044   Data   RO          682    .conststring        pdo.o
    0x0800ca54   0x0000076e   Data   RO          695    .conststring        sdo.o
    0x0800d1c2   0x00000002   PAD
    0x0800d1c4   0x00000020   Data   RO         1092    Region$$Table       anon$$obj.o


    Execution Region RW_IRAM1 (Base: 0x20000000, Size: 0x00000af0, Max: 0x00020000, ABSOLUTE, COMPRESSED[0x00000104])

    Base Addr    Size         Type   Attr      Idx    E Section Name        Object

    0x20000000   0x00000014   Data   RW          269    .data               system_stm32f4xx.o
    0x20000014   0x00000004   Data   RW          295    .data               delay.o
    0x20000018   0x00000004   Data   RW          335    .data               usart.o
    0x2000001c   0x00000010   Data   RW          435    .data               stm32f4xx_rcc.o
    0x2000002c   0x0000000c   Data   RW          744    .data               timer.o
    0x20000038   0x00000388   Data   RW          793    .data               master.o
    0x200003c0   0x00000004   Data   RW          813    .data               can1.o
    0x200003c4   0x00000008   Data   RW          835    .data               timer2.o
    0x200003cc   0x000000c0   Zero   RW          743    .bss                timer.o
    0x2000048c   0x00000060   Zero   RW          970    .bss                c_w.l(libspace.o)
    0x200004ec   0x00000004   PAD
    0x200004f0   0x00000200   Zero   RW          363    HEAP                startup_stm32f40_41xxx.o
    0x200006f0   0x00000400   Zero   RW          362    STACK               startup_stm32f40_41xxx.o


==============================================================================

Image component sizes


      Code (inc. data)   RO Data    RW Data    ZI Data      Debug   Object Name

       568         30          0          4          0       2293   can1.o
       260          8          0          4          0       1469   delay.o
      1004        192          0          0          0       3779   emcy.o
      1480        292          0          0          0       5443   lifegrd.o
       616        178          0          0          0     302539   main.o
       124         14         70        904          0       4000   master.o
       224         20          0          0          0       1805   misc.o
       312        112          0          0          0       1413   nmtmaster.o
       420        102          0          0          0       1108   nmtslave.o
      1416        456          0          0          0       3568   objacces.o
      4612        964         68          0          0       8883   pdo.o
     25728       4664       1902          0          0      23379   sdo.o
        64         26        392          0       1536        828   startup_stm32f40_41xxx.o
      1672        260         64          0          0       4291   states.o
      2544         38          0          0          0       8132   stm32f4xx_can.o
       660         44          0          0          0       4145   stm32f4xx_gpio.o
        26          0          0          0          0       1214   stm32f4xx_it.o
      1628         52          0         16          0      13016   stm32f4xx_rcc.o
      3234         60          0          0          0      23000   stm32f4xx_tim.o
      1108         34          0          0          0       7868   stm32f4xx_usart.o
       436         92          0          0          0       2306   sync.o
       528         46          0         20          0       1759   system_stm32f4xx.o
       496         80          0         12        192      12950   timer.o
       260         10          0          8          0       1432   timer2.o
       228          8          0          4          0       3142   usart.o

    ----------------------------------------------------------------------
     49652       7782       2530        972       1728     443762   Object Totals
         0          0         32          0          0          0   (incl. Generated)
         4          0          2          0          0          0   (incl. Padding)

    ----------------------------------------------------------------------

      Code (inc. data)   RO Data    RW Data    ZI Data      Debug   Library Member Name

        90          0          0          0          0          0   __dczerorl2.o
         8          0          0          0          0         68   __main.o
       104          0          0          0          0         84   __printf.o
         0          0          0          0          0          0   __rtentry.o
        12          0          0          0          0          0   __rtentry2.o
         6          0          0          0          0          0   __rtentry4.o
        52          8          0          0          0          0   __scatter.o
        28          0          0          0          0          0   __scatter_zi.o
        44          0          0          0          0        108   _printf_char.o
        48          6          0          0          0         96   _printf_char_common.o
        36          4          0          0          0         80   _printf_char_file.o
         6          0          0          0          0          0   _printf_d.o
       120         16          0          0          0         92   _printf_dec.o
        88          4         40          0          0         88   _printf_hex_int.o
       178          0          0          0          0         88   _printf_intcommon.o
         0          0          0          0          0          0   _printf_percent.o
         4          0          0          0          0          0   _printf_percent_end.o
         6          0          0          0          0          0   _printf_s.o
        82          0          0          0          0         80   _printf_str.o
         6          0          0          0          0          0   _printf_x.o
        18          0          0          0          0         80   exit.o
         8          0          0          0          0         68   ferror.o
         6          0          0          0          0        152   heapauxi.o
         2          0          0          0          0          0   libinit.o
         6          0          0          0          0          0   libinit2.o
         2          0          0          0          0          0   libshutdown.o
         2          0          0          0          0          0   libshutdown2.o
         8          4          0          0         96         68   libspace.o
        88          0          0          0          0         76   memcmp.o
        24          4          0          0          0         84   noretval__2printf.o
        78          0          0          0          0         80   rt_memclr_w.o
       138          0          0          0          0         68   rt_memcpy_v6.o
       100          0          0          0          0         80   rt_memcpy_w.o
         2          0          0          0          0          0   rtexit.o
        10          0          0          0          0          0   rtexit2.o
        74          0          0          0          0         80   sys_stackheap_outer.o
         2          0          0          0          0         68   use_no_semi.o
         2          0          0          0          0         68   use_no_semi_2.o
        10          0          0          0          0        116   fpinit.o

    ----------------------------------------------------------------------
      1508         46         42          0        100       1872   Library Totals
        10          0          2          0          4          0   (incl. Padding)

    ----------------------------------------------------------------------

      Code (inc. data)   RO Data    RW Data    ZI Data      Debug   Library Name

      1488         46         40          0         96       1756   c_w.l
        10          0          0          0          0        116   fz_wm.l

    ----------------------------------------------------------------------
      1508         46         42          0        100       1872   Library Totals

    ----------------------------------------------------------------------

==============================================================================


      Code (inc. data)   RO Data    RW Data    ZI Data      Debug   

     51160       7828       2572        972       1828     439550   Grand Totals
     51160       7828       2572        260       1828     439550   ELF Image Totals (compressed)
     51160       7828       2572        260          0          0   ROM Totals

==============================================================================

    Total RO  Size (Code + RO Data)                53732 (  52.47kB)
    Total RW  Size (RW Data + ZI Data)              2800 (   2.73kB)
    Total ROM Size (Code + RO Data + RW Data)      53992 (  52.73kB)

==============================================================================

